Component: ARM Compiler 5.06 update 6 (build 750) Tool: armlink [4d35ed]

==============================================================================

Section Cross References

    startup_stm32f103xb.o(STACK) refers (Special) to heapauxi.o(.text) for __use_two_region_memory
    startup_stm32f103xb.o(HEAP) refers (Special) to heapauxi.o(.text) for __use_two_region_memory
    startup_stm32f103xb.o(RESET) refers (Special) to heapauxi.o(.text) for __use_two_region_memory
    startup_stm32f103xb.o(RESET) refers to startup_stm32f103xb.o(STACK) for __initial_sp
    startup_stm32f103xb.o(RESET) refers to startup_stm32f103xb.o(.text) for Reset_Handler
    startup_stm32f103xb.o(RESET) refers to stm32f1xx_it.o(i.NMI_Handler) for NMI_Handler
    startup_stm32f103xb.o(RESET) refers to stm32f1xx_it.o(i.HardFault_Handler) for HardFault_Handler
    startup_stm32f103xb.o(RESET) refers to stm32f1xx_it.o(i.MemManage_Handler) for MemManage_Handler
    startup_stm32f103xb.o(RESET) refers to stm32f1xx_it.o(i.BusFault_Handler) for BusFault_Handler
    startup_stm32f103xb.o(RESET) refers to stm32f1xx_it.o(i.UsageFault_Handler) for UsageFault_Handler
    startup_stm32f103xb.o(RESET) refers to stm32f1xx_it.o(i.SVC_Handler) for SVC_Handler
    startup_stm32f103xb.o(RESET) refers to stm32f1xx_it.o(i.DebugMon_Handler) for DebugMon_Handler
    startup_stm32f103xb.o(RESET) refers to stm32f1xx_it.o(i.PendSV_Handler) for PendSV_Handler
    startup_stm32f103xb.o(RESET) refers to stm32f1xx_it.o(i.SysTick_Handler) for SysTick_Handler
    startup_stm32f103xb.o(RESET) refers to stm32f1xx_it.o(i.EXTI2_IRQHandler) for EXTI2_IRQHandler
    startup_stm32f103xb.o(RESET) refers to stm32f1xx_it.o(i.TIM1_UP_IRQHandler) for TIM1_UP_IRQHandler
    startup_stm32f103xb.o(RESET) refers to stm32f1xx_it.o(i.TIM2_IRQHandler) for TIM2_IRQHandler
    startup_stm32f103xb.o(RESET) refers to stm32f1xx_it.o(i.EXTI15_10_IRQHandler) for EXTI15_10_IRQHandler
    startup_stm32f103xb.o(.text) refers (Special) to heapauxi.o(.text) for __use_two_region_memory
    startup_stm32f103xb.o(.text) refers to system_stm32f1xx.o(i.SystemInit) for SystemInit
    startup_stm32f103xb.o(.text) refers to __main.o(!!!main) for __main
    startup_stm32f103xb.o(.text) refers to startup_stm32f103xb.o(HEAP) for Heap_Mem
    startup_stm32f103xb.o(.text) refers to startup_stm32f103xb.o(STACK) for Stack_Mem
    data_process.o(i.check_RX) refers to data_process.o(i.Check_CRC8) for Check_CRC8
    data_process.o(i.handle_RX_fromServer) refers to rand.o(.emb_text) for rand
    data_process.o(i.handle_RX_fromServer) refers to data_process.o(i.Check_CRC8) for Check_CRC8
    lora.o(i.LoRa_BurstWrite) refers to stm32f1xx_hal_gpio.o(i.HAL_GPIO_WritePin) for HAL_GPIO_WritePin
    lora.o(i.LoRa_BurstWrite) refers to stm32f1xx_hal_spi.o(i.HAL_SPI_Transmit) for HAL_SPI_Transmit
    lora.o(i.LoRa_BurstWrite) refers to stm32f1xx_hal_spi.o(i.HAL_SPI_GetState) for HAL_SPI_GetState
    lora.o(i.LoRa_Config) refers to lora.o(i.LoRa_gotoMode) for LoRa_gotoMode
    lora.o(i.LoRa_Config) refers to stm32f1xx_hal.o(i.HAL_Delay) for HAL_Delay
    lora.o(i.LoRa_Config) refers to lora.o(i.LoRa_read) for LoRa_read
    lora.o(i.LoRa_Config) refers to lora.o(i.LoRa_write) for LoRa_write
    lora.o(i.LoRa_Config) refers to lora.o(i.LoRa_setFrequency) for LoRa_setFrequency
    lora.o(i.LoRa_Config) refers to lora.o(i.LoRa_setPower) for LoRa_setPower
    lora.o(i.LoRa_Config) refers to lora.o(i.LoRa_setOCP) for LoRa_setOCP
    lora.o(i.LoRa_Config) refers to lora.o(i.LoRa_setTOMsb_setCRCon) for LoRa_setTOMsb_setCRCon
    lora.o(i.LoRa_Config) refers to lora.o(i.LoRa_setSpreadingFactor) for LoRa_setSpreadingFactor
    lora.o(i.LoRa_Config) refers to lora.o(i.LoRa_setAutoLDO) for LoRa_setAutoLDO
    lora.o(i.LoRa_getRSSI) refers to lora.o(i.LoRa_read) for LoRa_read
    lora.o(i.LoRa_gotoMode) refers to lora.o(i.LoRa_read) for LoRa_read
    lora.o(i.LoRa_gotoMode) refers to lora.o(i.LoRa_write) for LoRa_write
    lora.o(i.LoRa_read) refers to lora.o(i.LoRa_readReg) for LoRa_readReg
    lora.o(i.LoRa_readReg) refers to stm32f1xx_hal_gpio.o(i.HAL_GPIO_WritePin) for HAL_GPIO_WritePin
    lora.o(i.LoRa_readReg) refers to stm32f1xx_hal_spi.o(i.HAL_SPI_Transmit) for HAL_SPI_Transmit
    lora.o(i.LoRa_readReg) refers to stm32f1xx_hal_spi.o(i.HAL_SPI_GetState) for HAL_SPI_GetState
    lora.o(i.LoRa_readReg) refers to stm32f1xx_hal_spi.o(i.HAL_SPI_Receive) for HAL_SPI_Receive
    lora.o(i.LoRa_receive) refers to lora.o(i.LoRa_gotoMode) for LoRa_gotoMode
    lora.o(i.LoRa_receive) refers to lora.o(i.LoRa_read) for LoRa_read
    lora.o(i.LoRa_receive) refers to lora.o(i.LoRa_write) for LoRa_write
    lora.o(i.LoRa_reset) refers to stm32f1xx_hal_gpio.o(i.HAL_GPIO_WritePin) for HAL_GPIO_WritePin
    lora.o(i.LoRa_reset) refers to stm32f1xx_hal.o(i.HAL_Delay) for HAL_Delay
    lora.o(i.LoRa_setAutoLDO) refers to rt_memcpy_w.o(.text) for __aeabi_memcpy4
    lora.o(i.LoRa_setAutoLDO) refers to dflt_clz.o(x$fpl$dflt) for __aeabi_i2d
[...]
    ../clib/angel/kernel.s                   0x00000000   Number         0  __rtentry.o ABSOLUTE
    ../clib/angel/kernel.s                   0x00000000   Number         0  rtexit.o ABSOLUTE
    ../clib/angel/kernel.s                   0x00000000   Number         0  rtexit2.o ABSOLUTE
    ../clib/angel/rt.s                       0x00000000   Number         0  rt_raise.o ABSOLUTE
    ../clib/angel/scatter.s                  0x00000000   Number         0  __scatter.o ABSOLUTE
    ../clib/angel/startup.s                  0x00000000   Number         0  __main.o ABSOLUTE
    ../clib/angel/sys.s                      0x00000000   Number         0  use_no_semi.o ABSOLUTE
    ../clib/angel/sys.s                      0x00000000   Number         0  libspace.o ABSOLUTE
    ../clib/angel/sys.s                      0x00000000   Number         0  sys_stackheap_outer.o ABSOLUTE
    ../clib/angel/sys.s                      0x00000000   Number         0  indicate_semi.o ABSOLUTE
    ../clib/angel/sysapp.c                   0x00000000   Number         0  sys_exit.o ABSOLUTE
    ../clib/angel/sysapp.c                   0x00000000   Number         0  sys_wrch.o ABSOLUTE
    ../clib/angel/sysapp.c                   0x00000000   Number         0  sys_command.o ABSOLUTE
    ../clib/armsys.c                         0x00000000   Number         0  argv_veneer.o ABSOLUTE
    ../clib/armsys.c                         0x00000000   Number         0  argv_veneer.o ABSOLUTE
    ../clib/armsys.c                         0x00000000   Number         0  _get_argv_nomalloc.o ABSOLUTE
    ../clib/armsys.c                         0x00000000   Number         0  no_argv.o ABSOLUTE
    ../clib/heapalloc.c                      0x00000000   Number         0  hrguard.o ABSOLUTE
    ../clib/heapaux.c                        0x00000000   Number         0  heapauxi.o ABSOLUTE
    ../clib/libinit.s                        0x00000000   Number         0  libshutdown2.o ABSOLUTE
    ../clib/libinit.s                        0x00000000   Number         0  libinit2.o ABSOLUTE
    ../clib/libinit.s                        0x00000000   Number         0  libshutdown.o ABSOLUTE
    ../clib/libinit.s                        0x00000000   Number         0  libinit.o ABSOLUTE
    ../clib/longlong.s                       0x00000000   Number         0  llushr.o ABSOLUTE
    ../clib/memcpset.s                       0x00000000   Number         0  rt_memclr_w.o ABSOLUTE
    ../clib/memcpset.s                       0x00000000   Number         0  rt_memcpy_w.o ABSOLUTE
    ../clib/signal.c                         0x00000000   Number         0  defsig_exit.o ABSOLUTE
    ../clib/signal.c                         0x00000000   Number         0  __raise.o ABSOLUTE
    ../clib/signal.c                         0x00000000   Number         0  defsig_stak_inner.o ABSOLUTE
    ../clib/signal.c                         0x00000000   Number         0  defsig_rtred_inner.o ABSOLUTE
    ../clib/signal.c                         0x00000000   Number         0  defsig_fpe_inner.o ABSOLUTE
    ../clib/signal.c                         0x00000000   Number         0  defsig_abrt_inner.o ABSOLUTE
    ../clib/signal.c                         0x00000000   Number         0  defsig_pvfn_inner.o ABSOLUTE
    ../clib/signal.c                         0x00000000   Number         0  defsig_segv_inner.o ABSOLUTE
    ../clib/signal.c                         0x00000000   Number         0  defsig_rtmem_formal.o ABSOLUTE
    ../clib/signal.c                         0x00000000   Number         0  defsig_rtmem_outer.o ABSOLUTE
    ../clib/signal.c                         0x00000000   Number         0  defsig_cppl_inner.o ABSOLUTE
    ../clib/signal.c                         0x00000000   Number         0  defsig_other.o ABSOLUTE
    ../clib/signal.c                         0x00000000   Number         0  defsig_rtmem_inner.o ABSOLUTE
    ../clib/signal.c                         0x00000000   Number         0  defsig_general.o ABSOLUTE
    ../clib/signal.s                         0x00000000   Number         0  defsig.o ABSOLUTE
    ../clib/stdlib.c                         0x00000000   Number         0  rand.o ABSOLUTE
    ../clib/stdlib.c                         0x00000000   Number         0  rand.o ABSOLUTE
    ../clib/stdlib.c                         0x00000000   Number         0  exit.o ABSOLUTE
    ../fplib/ddiv.s                          0x00000000   Number         0  ddiv.o ABSOLUTE
    ../fplib/dfix.s                          0x00000000   Number         0  dfix.o ABSOLUTE
    ../fplib/dflt.s                          0x00000000   Number         0  dflt_clz.o ABSOLUTE
    ../fplib/dnaninf.s                       0x00000000   Number         0  dnaninf.o ABSOLUTE
    ../fplib/dretinf.s                       0x00000000   Number         0  dretinf.o ABSOLUTE
    ../fplib/fpinit.s                        0x00000000   Number         0  fpinit.o ABSOLUTE
    ../fplib/usenofp.s                       0x00000000   Number         0  usenofp.o ABSOLUTE
    ..\Core\Src\LoRa.c                       0x00000000   Number         0  lora.o ABSOLUTE
    ..\Core\Src\data_process.c               0x00000000   Number         0  data_process.o ABSOLUTE
    ..\Core\Src\main.c                       0x00000000   Number         0  main.o ABSOLUTE
    ..\Core\Src\socket.c                     0x00000000   Number         0  socket.o ABSOLUTE
    ..\Core\Src\stm32f1xx_hal_msp.c          0x00000000   Number         0  stm32f1xx_hal_msp.o ABSOLUTE
    ..\Core\Src\stm32f1xx_it.c               0x00000000   Number         0  stm32f1xx_it.o ABSOLUTE
    ..\Core\Src\system_stm32f1xx.c           0x00000000   Number         0  system_stm32f1xx.o ABSOLUTE
    ..\Core\Src\w5500.c                      0x00000000   Number         0  w5500.o ABSOLUTE
    ..\Core\Src\w5500_spi.c                  0x00000000   Number         0  w5500_spi.o ABSOLUTE
    ..\Core\Src\wizchip_conf.c               0x00000000   Number         0  wizchip_conf.o ABSOLUTE
    ..\Drivers\STM32F1xx_HAL_Driver\Src\stm32f1xx_hal.c 0x00000000   Number         0  stm32f1xx_hal.o ABSOLUTE
    ..\Drivers\STM32F1xx_HAL_Driver\Src\stm32f1xx_hal_cortex.c 0x00000000   Number         0  stm32f1xx_hal_cortex.o ABSOLUTE
    ..\Drivers\STM32F1xx_HAL_Driver\Src\stm32f1xx_hal_dma.c 0x00000000   Number         0  stm32f1xx_hal_dma.o ABSOLUTE
    ..\Drivers\STM32F1xx_HAL_Driver\Src\stm32f1xx_hal_exti.c 0x00000000   Number         0  stm32f1xx_hal_exti.o ABSOLUTE
    ..\Drivers\STM32F1xx_HAL_Driver\Src\stm32f1xx_hal_flash.c 0x00000000   Number         0  stm32f1xx_hal_flash.o ABSOLUTE
    ..\Drivers\STM32F1xx_HAL_Driver\Src\stm32f1xx_hal_flash_ex.c 0x00000000   Number         0  stm32f1xx_hal_flash_ex.o ABSOLUTE
    ..\Drivers\STM32F1xx_HAL_Driver\Src\stm32f1xx_hal_gpio.c 0x00000000   Number         0  stm32f1xx_hal_gpio.o ABSOLUTE
    ..\Drivers\STM32F1xx_HAL_Driver\Src\stm32f1xx_hal_gpio_ex.c 0x00000000   Number         0  stm32f1xx_hal_gpio_ex.o ABSOLUTE
    ..\Drivers\STM32F1xx_HAL_Driver\Src\stm32f1xx_hal_pwr.c 0x00000000   Number         0  stm32f1xx_hal_pwr.o ABSOLUTE
    ..\Drivers\STM32F1xx_HAL_Driver\Src\stm32f1xx_hal_rcc.c 0x00000000   Number         0  stm32f1xx_hal_rcc.o ABSOLUTE
    ..\Drivers\STM32F1xx_HAL_Driver\Src\stm32f1xx_hal_rcc_ex.c 0x00000000   Number         0  stm32f1xx_hal_rcc_ex.o ABSOLUTE
    ..\Drivers\STM32F1xx_HAL_Driver\Src\stm32f1xx_hal_spi.c 0x00000000   Number         0  stm32f1xx_hal_spi.o ABSOLUTE
    ..\Drivers\STM32F1xx_HAL_Driver\Src\stm32f1xx_hal_tim.c 0x00000000   Number         0  stm32f1xx_hal_tim.o ABSOLUTE
    ..\Drivers\STM32F1xx_HAL_Driver\Src\stm32f1xx_hal_tim_ex.c 0x00000000   Number         0  stm32f1xx_hal_tim_ex.o ABSOLUTE
    ..\Drivers\STM32F1xx_HAL_Driver\Src\stm32f1xx_hal_uart.c 0x00000000   Number         0  stm32f1xx_hal_uart.o ABSOLUTE
    ..\\Core\\Src\\LoRa.c                    0x00000000   Number         0  lora.o ABSOLUTE
    ..\\Core\\Src\\data_process.c            0x00000000   Number         0  data_process.o ABSOLUTE
    ..\\Core\\Src\\socket.c                  0x00000000   Number         0  socket.o ABSOLUTE
    ..\\Core\\Src\\w5500_spi.c               0x00000000   Number         0  w5500_spi.o ABSOLUTE
    dc.s                                     0x00000000   Number         0  dc.o ABSOLUTE
    startup_stm32f103xb.s                    0x00000000   Number         0  startup_stm32f103xb.o ABSOLUTE
    RESET                                    0x08000000   Section      236  startup_stm32f103xb.o(RESET)
    !!!main                                  0x080000ec   Section        8  __main.o(!!!main)
    !!!scatter                               0x080000f4   Section       52  __scatter.o(!!!scatter)
    !!handler_copy                           0x08000128   Section       26  __scatter_copy.o(!!handler_copy)
    !!handler_zi                             0x08000144   Section       28  __scatter_zi.o(!!handler_zi)
    .ARM.Collect$$libinit$$00000000          0x08000160   Section        2  libinit.o(.ARM.Collect$$libinit$$00000000)
    .ARM.Collect$$libinit$$00000002          0x08000162   Section        0  libinit2.o(.ARM.Collect$$libinit$$00000002)
    .ARM.Collect$$libinit$$00000004          0x08000162   Section        0  libinit2.o(.ARM.Collect$$libinit$$00000004)
    .ARM.Collect$$libinit$$0000000A          0x08000162   Section        0  libinit2.o(.ARM.Collect$$libinit$$0000000A)
    .ARM.Collect$$libinit$$0000000C          0x08000162   Section        0  libinit2.o(.ARM.Collect$$libinit$$0000000C)
    .ARM.Collect$$libinit$$0000000D          0x08000162   Section        4  libinit2.o(.ARM.Collect$$libinit$$0000000D)
    .ARM.Collect$$libinit$$0000000E          0x08000166   Section        0  libinit2.o(.ARM.Collect$$libinit$$0000000E)
    .ARM.Collect$$libinit$$00000011          0x08000166   Section        0  libinit2.o(.ARM.Collect$$libinit$$00000011)
    .ARM.Collect$$libinit$$00000013          0x08000166   Section        0  libinit2.o(.ARM.Collect$$libinit$$00000013)
    .ARM.Collect$$libinit$$00000015          0x08000166   Section        0  libinit2.o(.ARM.Collect$$libinit$$00000015)
    .ARM.Collect$$libinit$$00000017          0x08000166   Section        0  libinit2.o(.ARM.Collect$$libinit$$00000017)
    .ARM.Collect$$libinit$$00000019          0x08000166   Section        0  libinit2.o(.ARM.Collect$$libinit$$00000019)
    .ARM.Collect$$libinit$$0000001B          0x08000166   Section        0  libinit2.o(.ARM.Collect$$libinit$$0000001B)
    .ARM.Collect$$libinit$$0000001D          0x08000166   Section        0  libinit2.o(.ARM.Collect$$libinit$$0000001D)
    .ARM.Collect$$libinit$$0000001F          0x08000166   Section        0  libinit2.o(.ARM.Collect$$libinit$$0000001F)
    .ARM.Collect$$libinit$$00000021          0x08000166   Section        0  libinit2.o(.ARM.Collect$$libinit$$00000021)
    .ARM.Collect$$libinit$$00000023          0x08000166   Section        0  libinit2.o(.ARM.Collect$$libinit$$00000023)
    .ARM.Collect$$libinit$$00000025          0x08000166   Section        0  libinit2.o(.ARM.Collect$$libinit$$00000025)
    .ARM.Collect$$libinit$$0000002C          0x08000166   Section        0  libinit2.o(.ARM.Collect$$libinit$$0000002C)
    .ARM.Collect$$libinit$$0000002E          0x08000166   Section        0  libinit2.o(.ARM.Collect$$libinit$$0000002E)
    .ARM.Collect$$libinit$$00000030          0x08000166   Section        0  libinit2.o(.ARM.Collect$$libinit$$00000030)
    .ARM.Collect$$libinit$$00000032          0x08000166   Section        0  libinit2.o(.ARM.Collect$$libinit$$00000032)
    .ARM.Collect$$libinit$$00000033          0x08000166   Section        2  libinit2.o(.ARM.Collect$$libinit$$00000033)
    .ARM.Collect$$libshutdown$$00000000      0x08000168   Section        2  libshutdown.o(.ARM.Collect$$libshutdown$$00000000)
    .ARM.Collect$$libshutdown$$00000002      0x0800016a   Section        0  libshutdown2.o(.ARM.Collect$$libshutdown$$00000002)
    .ARM.Collect$$libshutdown$$00000004      0x0800016a   Section        0  libshutdown2.o(.ARM.Collect$$libshutdown$$00000004)
    .ARM.Collect$$libshutdown$$00000007      0x0800016a   Section        0  libshutdown2.o(.ARM.Collect$$libshutdown$$00000007)
    .ARM.Collect$$libshutdown$$0000000A      0x0800016a   Section        0  libshutdown2.o(.ARM.Collect$$libshutdown$$0000000A)
    .ARM.Collect$$libshutdown$$0000000C      0x0800016a   Section        0  libshutdown2.o(.ARM.Collect$$libshutdown$$0000000C)
    .ARM.Collect$$libshutdown$$0000000F      0x0800016a   Section        0  libshutdown2.o(.ARM.Collect$$libshutdown$$0000000F)
    .ARM.Collect$$libshutdown$$00000010      0x0800016a   Section        2  libshutdown2.o(.ARM.Collect$$libshutdown$$00000010)
    .ARM.Collect$$rtentry$$00000000          0x0800016c   Section        0  __rtentry.o(.ARM.Collect$$rtentry$$00000000)
    .ARM.Collect$$rtentry$$00000002          0x0800016c   Section        0  __rtentry2.o(.ARM.Collect$$rtentry$$00000002)
    .ARM.Collect$$rtentry$$00000004          0x0800016c   Section        6  __rtentry4.o(.ARM.Collect$$rtentry$$00000004)
    .ARM.Collect$$rtentry$$00000009          0x08000172   Section        0  __rtentry2.o(.ARM.Collect$$rtentry$$00000009)
    .ARM.Collect$$rtentry$$0000000A          0x08000172   Section        4  __rtentry2.o(.ARM.Collect$$rtentry$$0000000A)
    .ARM.Collect$$rtentry$$0000000C          0x08000176   Section        0  __rtentry2.o(.ARM.Collect$$rtentry$$0000000C)
    .ARM.Collect$$rtentry$$0000000D          0x08000176   Section        8  __rtentry2.o(.ARM.Collect$$rtentry$$0000000D)
    .ARM.Collect$$rtexit$$00000000           0x0800017e   Section        2  rtexit.o(.ARM.Collect$$rtexit$$00000000)
    .ARM.Collect$$rtexit$$00000002           0x08000180   Section        0  rtexit2.o(.ARM.Collect$$rtexit$$00000002)
    .ARM.Collect$$rtexit$$00000003           0x08000180   Section        4  rtexit2.o(.ARM.Collect$$rtexit$$00000003)
    .ARM.Collect$$rtexit$$00000004           0x08000184   Section        6  rtexit2.o(.ARM.Collect$$rtexit$$00000004)
    .emb_text                                0x0800018c   Section       52  rand.o(.emb_text)
    .text                                    0x080001c0   Section       64  startup_stm32f103xb.o(.text)
    .text                                    0x08000200   Section        0  rand.o(.text)
    .text                                    0x0800023c   Section      100  rt_memcpy_w.o(.text)
    .text                                    0x080002a0   Section       78  rt_memclr_w.o(.text)
    .text                                    0x080002ee   Section        0  heapauxi.o(.text)
    .text                                    0x080002f4   Section       74  sys_stackheap_outer.o(.text)
    .text                                    0x0800033e   Section        0  exit.o(.text)
    .text                                    0x08000350   Section        8  libspace.o(.text)
    .text                                    0x08000358   Section        2  use_no_semi.o(.text)
    .text                                    0x0800035a   Section        0  indicate_semi.o(.text)
    .text                                    0x0800035c   Section        0  sys_exit.o(.text)
    i.BusFault_Handler                       0x08000368   Section        0  stm32f1xx_it.o(i.BusFault_Handler)
    i.DebugMon_Handler                       0x0800036a   Section        0  stm32f1xx_it.o(i.DebugMon_Handler)
    i.EXTI15_10_IRQHandler                   0x0800036c   Section        0  stm32f1xx_it.o(i.EXTI15_10_IRQHandler)
    i.EXTI2_IRQHandler                       0x08000374   Section        0  stm32f1xx_it.o(i.EXTI2_IRQHandler)
    i.HAL_Delay                              0x0800037c   Section        0  stm32f1xx_hal.o(i.HAL_Delay)
    i.HAL_GPIO_EXTI_Callback                 0x080003a0   Section        0  main.o(i.HAL_GPIO_EXTI_Callback)
    i.HAL_GPIO_EXTI_IRQHandler               0x080003b8   Section        0  stm32f1xx_hal_gpio.o(i.HAL_GPIO_EXTI_IRQHandler)
    i.HAL_GPIO_Init                          0x080003d0   Section        0  stm32f1xx_hal_gpio.o(i.HAL_GPIO_Init)
    i.HAL_GPIO_TogglePin                     0x080005b0   Section        0  stm32f1xx_hal_gpio.o(i.HAL_GPIO_TogglePin)
    i.HAL_GPIO_WritePin                      0x080005c0   Section        0  stm32f1xx_hal_gpio.o(i.HAL_GPIO_WritePin)
    i.HAL_GetTick                            0x080005cc   Section        0  stm32f1xx_hal.o(i.HAL_GetTick)
    i.HAL_IncTick                            0x080005d8   Section        0  stm32f1xx_hal.o(i.HAL_IncTick)
    i.HAL_Init                               0x080005e8   Section        0  stm32f1xx_hal.o(i.HAL_Init)
    i.HAL_InitTick                           0x0800060c   Section        0  stm32f1xx_hal.o(i.HAL_InitTick)
    i.HAL_MspInit                            0x0800064c   Section        0  stm32f1xx_hal_msp.o(i.HAL_MspInit)
    i.HAL_NVIC_EnableIRQ                     0x08000688   Section        0  stm32f1xx_hal_cortex.o(i.HAL_NVIC_EnableIRQ)
    i.HAL_NVIC_SetPriority                   0x080006a4   Section        0  stm32f1xx_hal_cortex.o(i.HAL_NVIC_SetPriority)
    i.HAL_NVIC_SetPriorityGrouping           0x080006e4   Section        0  stm32f1xx_hal_cortex.o(i.HAL_NVIC_SetPriorityGrouping)
    i.HAL_RCC_ClockConfig                    0x08000708   Section        0  stm32f1xx_hal_rcc.o(i.HAL_RCC_ClockConfig)
    i.HAL_RCC_GetPCLK1Freq                   0x08000834   Section        0  stm32f1xx_hal_rcc.o(i.HAL_RCC_GetPCLK1Freq)
    i.HAL_RCC_GetPCLK2Freq                   0x08000854   Section        0  stm32f1xx_hal_rcc.o(i.HAL_RCC_GetPCLK2Freq)
    i.HAL_RCC_GetSysClockFreq                0x08000874   Section        0  stm32f1xx_hal_rcc.o(i.HAL_RCC_GetSysClockFreq)
    i.HAL_RCC_OscConfig                      0x080008c0   Section        0  stm32f1xx_hal_rcc.o(i.HAL_RCC_OscConfig)
    i.HAL_SPI_GetState                       0x08000be0   Section        0  stm32f1xx_hal_spi.o(i.HAL_SPI_GetState)
    i.HAL_SPI_Init                           0x08000be6   Section        0  stm32f1xx_hal_spi.o(i.HAL_SPI_Init)
    i.HAL_SPI_MspInit                        0x08000c98   Section        0  stm32f1xx_hal_msp.o(i.HAL_SPI_MspInit)
    i.HAL_SPI_Receive                        0x08000d50   Section        0  stm32f1xx_hal_spi.o(i.HAL_SPI_Receive)
    i.HAL_SPI_Transmit                       0x08000ea6   Section        0  stm32f1xx_hal_spi.o(i.HAL_SPI_Transmit)
    i.HAL_SPI_TransmitReceive                0x08001014   Section        0  stm32f1xx_hal_spi.o(i.HAL_SPI_TransmitReceive)
    i.HAL_SYSTICK_Config                     0x08001202   Section        0  stm32f1xx_hal_cortex.o(i.HAL_SYSTICK_Config)
    i.HAL_TIMEx_BreakCallback                0x0800122a   Section        0  stm32f1xx_hal_tim_ex.o(i.HAL_TIMEx_BreakCallback)
    i.HAL_TIMEx_CommutCallback               0x0800122c   Section        0  stm32f1xx_hal_tim_ex.o(i.HAL_TIMEx_CommutCallback)
    i.HAL_TIMEx_MasterConfigSynchronization  0x08001230   Section        0  stm32f1xx_hal_tim_ex.o(i.HAL_TIMEx_MasterConfigSynchronization)
    i.HAL_TIM_Base_Init                      0x08001298   Section        0  stm32f1xx_hal_tim.o(i.HAL_TIM_Base_Init)
    i.HAL_TIM_Base_MspInit                   0x080012f4   Section        0  stm32f1xx_hal_msp.o(i.HAL_TIM_Base_MspInit)
    i.HAL_TIM_Base_Start_IT                  0x08001354   Section        0  stm32f1xx_hal_tim.o(i.HAL_TIM_Base_Start_IT)
    i.HAL_TIM_ConfigClockSource              0x080013ac   Section        0  stm32f1xx_hal_tim.o(i.HAL_TIM_ConfigClockSource)
    i.HAL_TIM_IC_CaptureCallback             0x08001488   Section        0  stm32f1xx_hal_tim.o(i.HAL_TIM_IC_CaptureCallback)
    i.HAL_TIM_IRQHandler                     0x0800148a   Section        0  stm32f1xx_hal_tim.o(i.HAL_TIM_IRQHandler)
    i.HAL_TIM_OC_DelayElapsedCallback        0x080015f0   Section        0  stm32f1xx_hal_tim.o(i.HAL_TIM_OC_DelayElapsedCallback)
    i.HAL_TIM_PWM_PulseFinishedCallback      0x080015f2   Section        0  stm32f1xx_hal_tim.o(i.HAL_TIM_PWM_PulseFinishedCallback)
    i.HAL_TIM_PeriodElapsedCallback          0x080015f4   Section        0  main.o(i.HAL_TIM_PeriodElapsedCallback)
    i.HAL_TIM_TriggerCallback                0x08001638   Section        0  stm32f1xx_hal_tim.o(i.HAL_TIM_TriggerCallback)
    i.HAL_UART_Init                          0x0800163a   Section        0  stm32f1xx_hal_uart.o(i.HAL_UART_Init)
    i.HAL_UART_MspInit                       0x080016a0   Section        0  stm32f1xx_hal_msp.o(i.HAL_UART_MspInit)
    i.HardFault_Handler                      0x08001710   Section        0  stm32f1xx_it.o(i.HardFault_Handler)
    i.LoRa_BurstWrite                        0x08001712   Section        0  lora.o(i.LoRa_BurstWrite)
    i.LoRa_Config                            0x08001768   Section        0  lora.o(i.LoRa_Config)
    i.LoRa_gotoMode                          0x0800184c   Section        0  lora.o(i.LoRa_gotoMode)
    i.LoRa_read                              0x080018b2   Section        0  lora.o(i.LoRa_read)
    i.LoRa_readReg                           0x080018d0   Section        0  lora.o(i.LoRa_readReg)
    i.LoRa_receive                           0x08001928   Section        0  lora.o(i.LoRa_receive)
    i.LoRa_reset                             0x080019a4   Section        0  lora.o(i.LoRa_reset)
    i.LoRa_setAutoLDO                        0x080019cc   Section        0  lora.o(i.LoRa_setAutoLDO)
    i.LoRa_setFrequency                      0x08001a18   Section        0  lora.o(i.LoRa_setFrequency)
    i.LoRa_setLowDaraRateOptimization        0x08001a58   Section        0  lora.o(i.LoRa_setLowDaraRateOptimization)
    i.LoRa_setOCP                            0x08001a82   Section        0  lora.o(i.LoRa_setOCP)
    i.LoRa_setPower                          0x08001ac0   Section        0  lora.o(i.LoRa_setPower)
    i.LoRa_setSpreadingFactor                0x08001ad4   Section        0  lora.o(i.LoRa_setSpreadingFactor)
    i.LoRa_setTOMsb_setCRCon                 0x08001b14   Section        0  lora.o(i.LoRa_setTOMsb_setCRCon)
    i.LoRa_startReceiving                    0x08001b34   Section        0  lora.o(i.LoRa_startReceiving)
    i.LoRa_transmit                          0x08001b3a   Section        0  lora.o(i.LoRa_transmit)
    i.LoRa_write                             0x08001bb6   Section        0  lora.o(i.LoRa_write)
    i.LoRa_writeReg                          0x08001bd4   Section        0  lora.o(i.LoRa_writeReg)
    i.Lora_Init                              0x08001c2c   Section        0  lora.o(i.Lora_Init)
    i.MX_GPIO_Init                           0x08001c68   Section        0  main.o(i.MX_GPIO_Init)
    MX_GPIO_Init                             0x08001c69   Thumb Code   276  main.o(i.MX_GPIO_Init)
    i.MX_SPI1_Init                           0x08001d90   Section        0  main.o(i.MX_SPI1_Init)
    MX_SPI1_Init                             0x08001d91   Thumb Code    58  main.o(i.MX_SPI1_Init)
    i.MX_SPI2_Init                           0x08001dd4   Section        0  main.o(i.MX_SPI2_Init)
    MX_SPI2_Init                             0x08001dd5   Thumb Code    56  main.o(i.MX_SPI2_Init)
    i.MX_TIM1_Init                           0x08001e14   Section        0  main.o(i.MX_TIM1_Init)
    MX_TIM1_Init                             0x08001e15   Thumb Code    96  main.o(i.MX_TIM1_Init)
    i.MX_TIM2_Init                           0x08001e7c   Section        0  main.o(i.MX_TIM2_Init)
    MX_TIM2_Init                             0x08001e7d   Thumb Code    98  main.o(i.MX_TIM2_Init)
    i.MemManage_Handler                      0x08001ee4   Section        0  stm32f1xx_it.o(i.MemManage_Handler)
    i.NMI_Handler                            0x08001ee6   Section        0  stm32f1xx_it.o(i.NMI_Handler)
    i.PendSV_Handler                         0x08001ee8   Section        0  stm32f1xx_it.o(i.PendSV_Handler)
    i.SPI_EndRxTransaction                   0x08001eea   Section        0  stm32f1xx_hal_spi.o(i.SPI_EndRxTransaction)
    SPI_EndRxTransaction                     0x08001eeb   Thumb Code    92  stm32f1xx_hal_spi.o(i.SPI_EndRxTransaction)
    i.SPI_EndRxTxTransaction                 0x08001f46   Section        0  stm32f1xx_hal_spi.o(i.SPI_EndRxTxTransaction)
    SPI_EndRxTxTransaction                   0x08001f47   Thumb Code    32  stm32f1xx_hal_spi.o(i.SPI_EndRxTxTransaction)
    i.SPI_WaitFlagStateUntilTimeout          0x08001f68   Section        0  stm32f1xx_hal_spi.o(i.SPI_WaitFlagStateUntilTimeout)
    SPI_WaitFlagStateUntilTimeout            0x08001f69   Thumb Code   180  stm32f1xx_hal_spi.o(i.SPI_WaitFlagStateUntilTimeout)
    i.SVC_Handler                            0x08002020   Section        0  stm32f1xx_it.o(i.SVC_Handler)
    i.SysTick_Handler                        0x08002022   Section        0  stm32f1xx_it.o(i.SysTick_Handler)
    i.SystemClock_Config                     0x08002026   Section        0  main.o(i.SystemClock_Config)
    i.SystemInit                             0x08002084   Section        0  system_stm32f1xx.o(i.SystemInit)
    i.TIM1_UP_IRQHandler                     0x08002088   Section        0  stm32f1xx_it.o(i.TIM1_UP_IRQHandler)
    i.TIM2_IRQHandler                        0x08002094   Section        0  stm32f1xx_it.o(i.TIM2_IRQHandler)
    i.TIM_Base_SetConfig                     0x080020a0   Section        0  stm32f1xx_hal_tim.o(i.TIM_Base_SetConfig)
    i.TIM_ETR_SetConfig                      0x0800210c   Section        0  stm32f1xx_hal_tim.o(i.TIM_ETR_SetConfig)
    i.TIM_ITRx_SetConfig                     0x08002120   Section        0  stm32f1xx_hal_tim.o(i.TIM_ITRx_SetConfig)
    TIM_ITRx_SetConfig                       0x08002121   Thumb Code    16  stm32f1xx_hal_tim.o(i.TIM_ITRx_SetConfig)
    i.TIM_TI1_ConfigInputStage               0x08002130   Section        0  stm32f1xx_hal_tim.o(i.TIM_TI1_ConfigInputStage)
    TIM_TI1_ConfigInputStage                 0x08002131   Thumb Code    34  stm32f1xx_hal_tim.o(i.TIM_TI1_ConfigInputStage)
    i.TIM_TI2_ConfigInputStage               0x08002152   Section        0  stm32f1xx_hal_tim.o(i.TIM_TI2_ConfigInputStage)
    TIM_TI2_ConfigInputStage                 0x08002153   Thumb Code    36  stm32f1xx_hal_tim.o(i.TIM_TI2_ConfigInputStage)
    i.UART_SetConfig                         0x08002178   Section        0  stm32f1xx_hal_uart.o(i.UART_SetConfig)
    UART_SetConfig                           0x08002179   Thumb Code   178  stm32f1xx_hal_uart.o(i.UART_SetConfig)
    i.UsageFault_Handler                     0x08002230   Section        0  stm32f1xx_it.o(i.UsageFault_Handler)
    i.W5500_Deselect                         0x08002234   Section        0  w5500_spi.o(i.W5500_Deselect)
    i.W5500_ReadBuff                         0x08002244   Section        0  w5500_spi.o(i.W5500_ReadBuff)
    i.W5500_ReadByte                         0x08002258   Section        0  w5500_spi.o(i.W5500_ReadByte)
    i.W5500_Select                           0x08002268   Section        0  w5500_spi.o(i.W5500_Select)
    i.W5500_WriteBuff                        0x08002278   Section        0  w5500_spi.o(i.W5500_WriteBuff)
    i.W5500_WriteByte                        0x0800228c   Section        0  w5500_spi.o(i.W5500_WriteByte)
    i.WIZCHIP_READ                           0x08002298   Section        0  w5500.o(i.WIZCHIP_READ)
    i.WIZCHIP_READ_BUF                       0x080022f0   Section        0  w5500.o(i.WIZCHIP_READ_BUF)
    i.WIZCHIP_WRITE                          0x08002364   Section        0  w5500.o(i.WIZCHIP_WRITE)
    i.WIZCHIP_WRITE_BUF                      0x080023c4   Section        0  w5500.o(i.WIZCHIP_WRITE_BUF)
    i.__NVIC_SetPriority                     0x08002434   Section        0  stm32f1xx_hal_cortex.o(i.__NVIC_SetPriority)
    __NVIC_SetPriority                       0x08002435   Thumb Code    32  stm32f1xx_hal_cortex.o(i.__NVIC_SetPriority)
    i.getMicroS                              0x08002454   Section        0  main.o(i.getMicroS)
    i.main                                   0x0800246c   Section        0  main.o(i.main)
    i.my_printf                              0x08002680   Section        0  main.o(i.my_printf)
    i.reg_wizchip_cs_cbfunc                  0x08002684   Section        0  wizchip_conf.o(i.reg_wizchip_cs_cbfunc)
    i.reg_wizchip_spi_cbfunc                 0x080026a8   Section        0  wizchip_conf.o(i.reg_wizchip_spi_cbfunc)
    i.reg_wizchip_spiburst_cbfunc            0x080026d4   Section        0  wizchip_conf.o(i.reg_wizchip_spiburst_cbfunc)
    i.w5500_Init                             0x08002700   Section        0  w5500_spi.o(i.w5500_Init)
    i.wizchip_bus_readdata                   0x08002790   Section        0  wizchip_conf.o(i.wizchip_bus_readdata)
    i.wizchip_bus_writedata                  0x08002794   Section        0  wizchip_conf.o(i.wizchip_bus_writedata)
    i.wizchip_cris_enter                     0x08002798   Section        0  wizchip_conf.o(i.wizchip_cris_enter)
    i.wizchip_cris_exit                      0x0800279a   Section        0  wizchip_conf.o(i.wizchip_cris_exit)
    i.wizchip_cs_deselect                    0x0800279c   Section        0  wizchip_conf.o(i.wizchip_cs_deselect)
    i.wizchip_cs_select                      0x0800279e   Section        0  wizchip_conf.o(i.wizchip_cs_select)
    i.wizchip_init                           0x080027a0   Section        0  wizchip_conf.o(i.wizchip_init)
    i.wizchip_setnetinfo                     0x0800281c   Section        0  wizchip_conf.o(i.wizchip_setnetinfo)
    i.wizchip_spi_readburst                  0x08002874   Section        0  wizchip_conf.o(i.wizchip_spi_readburst)
    i.wizchip_spi_readbyte                   0x08002876   Section        0  wizchip_conf.o(i.wizchip_spi_readbyte)
    i.wizchip_spi_writeburst                 0x0800287a   Section        0  wizchip_conf.o(i.wizchip_spi_writeburst)
    i.wizchip_spi_writebyte                  0x0800287c   Section        0  wizchip_conf.o(i.wizchip_spi_writebyte)
    i.wizchip_sw_reset                       0x0800287e   Section        0  wizchip_conf.o(i.wizchip_sw_reset)
    x$fpl$ddiv                               0x080028f4   Section      688  ddiv.o(x$fpl$ddiv)
    ddiv_entry                               0x080028fb   Thumb Code     0  ddiv.o(x$fpl$ddiv)
    x$fpl$dfix                               0x08002ba4   Section       94  dfix.o(x$fpl$dfix)
    x$fpl$dflt                               0x08002c02   Section       46  dflt_clz.o(x$fpl$dflt)
    x$fpl$dnaninf                            0x08002c30   Section      156  dnaninf.o(x$fpl$dnaninf)
    x$fpl$dretinf                            0x08002ccc   Section       12  dretinf.o(x$fpl$dretinf)
    .constdata                               0x08002cd8   Section       80  lora.o(.constdata)
    x$fpl$usenofp                            0x08002cd8   Section        0  usenofp.o(x$fpl$usenofp)
    .constdata                               0x08002d28   Section       18  stm32f1xx_hal_rcc.o(.constdata)
    aPredivFactorTable                       0x08002d28   Data           2  stm32f1xx_hal_rcc.o(.constdata)
    aPLLMULFactorTable                       0x08002d2a   Data          16  stm32f1xx_hal_rcc.o(.constdata)
    .constdata                               0x08002d3a   Section       16  system_stm32f1xx.o(.constdata)
    .constdata                               0x08002d4a   Section        8  system_stm32f1xx.o(.constdata)
    .data                                    0x20000000   Section       53  w5500_spi.o(.data)
    .data                                    0x20000038   Section       52  wizchip_conf.o(.data)
    _DHCP_                                   0x20000038   Data           1  wizchip_conf.o(.data)
    _DNS_                                    0x20000039   Data           4  wizchip_conf.o(.data)
    .data                                    0x2000006c   Section       52  main.o(.data)
    .data                                    0x200000a0   Section       12  stm32f1xx_hal.o(.data)
    .data                                    0x200000ac   Section        4  system_stm32f1xx.o(.data)
    .bss                                     0x200000b0   Section      494  main.o(.bss)
    .bss                                     0x200002a0   Section      228  rand.o(.bss)
    .bss                                     0x20000384   Section       96  libspace.o(.bss)
    HEAP                                     0x200003e8   Section      512  startup_stm32f103xb.o(HEAP)
    Heap_Mem                                 0x200003e8   Data         512  startup_stm32f103xb.o(HEAP)
    STACK                                    0x200005e8   Section     1024  startup_stm32f103xb.o(STACK)
    Stack_Mem                                0x200005e8   Data        1024  startup_stm32f103xb.o(STACK)
    __initial_sp                             0x200009e8   Data           0  startup_stm32f103xb.o(STACK)

    Global Symbols

    Symbol Name                              Value     Ov Type        Size  Object(Section)

    BuildAttributes$$THM_ISAv4$P$D$K$B$S$PE$A:L22UL41UL21$X:L11$S22US41US21$IEEE1$IW$USESV6$~STKCKD$USESV7$~SHL$OSPACE$ROPI$EBA8$UX$STANDARDLIB$REQ8$PRES8$EABIv2 0x00000000   Number         0  anon$$obj.o ABSOLUTE
    __ARM_use_no_argv                        0x00000000   Number         0  main.o ABSOLUTE
    __ARM_exceptions_init                     - Undefined Weak Reference
    __alloca_initialize                       - Undefined Weak Reference
    __arm_preinit_                            - Undefined Weak Reference
    __cpp_initialize__aeabi_                  - Undefined Weak Reference
    __cxa_finalize                            - Undefined Weak Reference
    __rt_locale                               - Undefined Weak Reference
    __sigvec_lookup                           - Undefined Weak Reference
    _atexit_init                              - Undefined Weak Reference
    _call_atexit_fns                          - Undefined Weak Reference
    _clock_init                               - Undefined Weak Reference
    _fp_trap_init                             - Undefined Weak Reference
    _fp_trap_shutdown                         - Undefined Weak Reference
    _get_lc_collate                           - Undefined Weak Reference
    _get_lc_ctype                             - Undefined Weak Reference
    _get_lc_monetary                          - Undefined Weak Reference
    _get_lc_numeric                           - Undefined Weak Reference
    _get_lc_time                              - Undefined Weak Reference
    _getenv_init                              - Undefined Weak Reference
    _handle_redirection                       - Undefined Weak Reference
    _init_alloc                               - Undefined Weak Reference
    _init_user_alloc                          - Undefined Weak Reference
    _initio                                   - Undefined Weak Reference
    _signal_finish                            - Undefined Weak Reference
    _signal_init                              - Undefined Weak Reference
    _terminate_alloc                          - Undefined Weak Reference
    _terminate_user_alloc                     - Undefined Weak Reference
    _terminateio                              - Undefined Weak Reference
    __Vectors_Size                           0x000000ec   Number         0  startup_stm32f103xb.o ABSOLUTE
    __Vectors                                0x08000000   Data           4  startup_stm32f103xb.o(RESET)
    __Vectors_End                            0x080000ec   Data           0  startup_stm32f103xb.o(RESET)
    __main                                   0x080000ed   Thumb Code     8  __main.o(!!!main)
    __scatterload                            0x080000f5   Thumb Code     0  __scatter.o(!!!scatter)
    __scatterload_rt2                        0x080000f5   Thumb Code    44  __scatter.o(!!!scatter)
    __scatterload_rt2_thumb_only             0x080000f5   Thumb Code     0  __scatter.o(!!!scatter)
    __scatterload_null                       0x08000103   Thumb Code     0  __scatter.o(!!!scatter)
    __scatterload_copy                       0x08000129   Thumb Code    26  __scatter_copy.o(!!handler_copy)
    __scatterload_zeroinit                   0x08000145   Thumb Code    28  __scatter_zi.o(!!handler_zi)
    __rt_lib_init                            0x08000161   Thumb Code     0  libinit.o(.ARM.Collect$$libinit$$00000000)
    __rt_lib_init_fp_1                       0x08000163   Thumb Code     0  libinit2.o(.ARM.Collect$$libinit$$00000002)
    __rt_lib_init_heap_1                     0x08000163   Thumb Code     0  libinit2.o(.ARM.Collect$$libinit$$0000000A)
    __rt_lib_init_preinit_1                  0x08000163   Thumb Code     0  libinit2.o(.ARM.Collect$$libinit$$00000004)
    __rt_lib_init_rand_2                     0x08000163   Thumb Code     0  libinit2.o(.ARM.Collect$$libinit$$0000000D)
    __rt_lib_init_user_alloc_1               0x08000163   Thumb Code     0  libinit2.o(.ARM.Collect$$libinit$$0000000C)
    __rt_lib_init_alloca_1                   0x08000167   Thumb Code     0  libinit2.o(.ARM.Collect$$libinit$$0000002E)
    __rt_lib_init_argv_1                     0x08000167   Thumb Code     0  libinit2.o(.ARM.Collect$$libinit$$0000002C)
    __rt_lib_init_atexit_1                   0x08000167   Thumb Code     0  libinit2.o(.ARM.Collect$$libinit$$0000001B)
    __rt_lib_init_clock_1                    0x08000167   Thumb Code     0  libinit2.o(.ARM.Collect$$libinit$$00000021)
    __rt_lib_init_cpp_1                      0x08000167   Thumb Code     0  libinit2.o(.ARM.Collect$$libinit$$00000032)
    __rt_lib_init_exceptions_1               0x08000167   Thumb Code     0  libinit2.o(.ARM.Collect$$libinit$$00000030)
    __rt_lib_init_fp_trap_1                  0x08000167   Thumb Code     0  libinit2.o(.ARM.Collect$$libinit$$0000001F)
    __rt_lib_init_getenv_1                   0x08000167   Thumb Code     0  libinit2.o(.ARM.Collect$$libinit$$00000023)
    __rt_lib_init_lc_collate_1               0x08000167   Thumb Code     0  libinit2.o(.ARM.Collect$$libinit$$00000011)
    __rt_lib_init_lc_ctype_1                 0x08000167   Thumb Code     0  libinit2.o(.ARM.Collect$$libinit$$00000013)
    __rt_lib_init_lc_monetary_1              0x08000167   Thumb Code     0  libinit2.o(.ARM.Collect$$libinit$$00000015)
    __rt_lib_init_lc_numeric_1               0x08000167   Thumb Code     0  libinit2.o(.ARM.Collect$$libinit$$00000017)
    __rt_lib_init_lc_time_1                  0x08000167   Thumb Code     0  libinit2.o(.ARM.Collect$$libinit$$00000019)
    __rt_lib_init_rand_1                     0x08000167   Thumb Code     0  libinit2.o(.ARM.Collect$$libinit$$0000000E)
    __rt_lib_init_return                     0x08000167   Thumb Code     0  libinit2.o(.ARM.Collect$$libinit$$00000033)
    __rt_lib_init_signal_1                   0x08000167   Thumb Code     0  libinit2.o(.ARM.Collect$$libinit$$0000001D)
    __rt_lib_init_stdio_1                    0x08000167   Thumb Code     0  libinit2.o(.ARM.Collect$$libinit$$00000025)
    __rt_lib_shutdown                        0x08000169   Thumb Code     0  libshutdown.o(.ARM.Collect$$libshutdown$$00000000)
    __rt_lib_shutdown_cpp_1                  0x0800016b   Thumb Code     0  libshutdown2.o(.ARM.Collect$$libshutdown$$00000002)
    __rt_lib_shutdown_fp_trap_1              0x0800016b   Thumb Code     0  libshutdown2.o(.ARM.Collect$$libshutdown$$00000007)
    __rt_lib_shutdown_heap_1                 0x0800016b   Thumb Code     0  libshutdown2.o(.ARM.Collect$$libshutdown$$0000000F)
    __rt_lib_shutdown_return                 0x0800016b   Thumb Code     0  libshutdown2.o(.ARM.Collect$$libshutdown$$00000010)
    __rt_lib_shutdown_signal_1               0x0800016b   Thumb Code     0  libshutdown2.o(.ARM.Collect$$libshutdown$$0000000A)
    __rt_lib_shutdown_stdio_1                0x0800016b   Thumb Code     0  libshutdown2.o(.ARM.Collect$$libshutdown$$00000004)
    __rt_lib_shutdown_user_alloc_1           0x0800016b   Thumb Code     0  libshutdown2.o(.ARM.Collect$$libshutdown$$0000000C)
    __rt_entry                               0x0800016d   Thumb Code     0  __rtentry.o(.ARM.Collect$$rtentry$$00000000)
    __rt_entry_presh_1                       0x0800016d   Thumb Code     0  __rtentry2.o(.ARM.Collect$$rtentry$$00000002)
    __rt_entry_sh                            0x0800016d   Thumb Code     0  __rtentry4.o(.ARM.Collect$$rtentry$$00000004)
    __rt_entry_li                            0x08000173   Thumb Code     0  __rtentry2.o(.ARM.Collect$$rtentry$$0000000A)
    __rt_entry_postsh_1                      0x08000173   Thumb Code     0  __rtentry2.o(.ARM.Collect$$rtentry$$00000009)
    __rt_entry_main                          0x08000177   Thumb Code     0  __rtentry2.o(.ARM.Collect$$rtentry$$0000000D)
    __rt_entry_postli_1                      0x08000177   Thumb Code     0  __rtentry2.o(.ARM.Collect$$rtentry$$0000000C)
    __rt_exit                                0x0800017f   Thumb Code     0  rtexit.o(.ARM.Collect$$rtexit$$00000000)
    __rt_exit_ls                             0x08000181   Thumb Code     0  rtexit2.o(.ARM.Collect$$rtexit$$00000003)
    __rt_exit_prels_1                        0x08000181   Thumb Code     0  rtexit2.o(.ARM.Collect$$rtexit$$00000002)
    __rt_exit_exit                           0x08000185   Thumb Code     0  rtexit2.o(.ARM.Collect$$rtexit$$00000004)
    rand                                     0x0800018d   Thumb Code    48  rand.o(.emb_text)
    Reset_Handler                            0x080001c1   Thumb Code     8  startup_stm32f103xb.o(.text)
    ADC1_2_IRQHandler                        0x080001db   Thumb Code     0  startup_stm32f103xb.o(.text)
    CAN1_RX1_IRQHandler                      0x080001db   Thumb Code     0  startup_stm32f103xb.o(.text)
    CAN1_SCE_IRQHandler                      0x080001db   Thumb Code     0  startup_stm32f103xb.o(.text)
    DMA1_Channel1_IRQHandler                 0x080001db   Thumb Code     0  startup_stm32f103xb.o(.text)
    DMA1_Channel2_IRQHandler                 0x080001db   Thumb Code     0  startup_stm32f103xb.o(.text)
    DMA1_Channel3_IRQHandler                 0x080001db   Thumb Code     0  startup_stm32f103xb.o(.text)
    DMA1_Channel4_IRQHandler                 0x080001db   Thumb Code     0  startup_stm32f103xb.o(.text)
    DMA1_Channel5_IRQHandler                 0x080001db   Thumb Code     0  startup_stm32f103xb.o(.text)
    DMA1_Channel6_IRQHandler                 0x080001db   Thumb Code     0  startup_stm32f103xb.o(.text)
    DMA1_Channel7_IRQHandler                 0x080001db   Thumb Code     0  startup_stm32f103xb.o(.text)
    EXTI0_IRQHandler                         0x080001db   Thumb Code     0  startup_stm32f103xb.o(.text)
    EXTI1_IRQHandler                         0x080001db   Thumb Code     0  startup_stm32f103xb.o(.text)
    EXTI3_IRQHandler                         0x080001db   Thumb Code     0  startup_stm32f103xb.o(.text)
    EXTI4_IRQHandler                         0x080001db   Thumb Code     0  startup_stm32f103xb.o(.text)
    EXTI9_5_IRQHandler                       0x080001db   Thumb Code     0  startup_stm32f103xb.o(.text)
    FLASH_IRQHandler                         0x080001db   Thumb Code     0  startup_stm32f103xb.o(.text)
    I2C1_ER_IRQHandler                       0x080001db   Thumb Code     0  startup_stm32f103xb.o(.text)
    I2C1_EV_IRQHandler                       0x080001db   Thumb Code     0  startup_stm32f103xb.o(.text)
    I2C2_ER_IRQHandler                       0x080001db   Thumb Code     0  startup_stm32f103xb.o(.text)
    I2C2_EV_IRQHandler                       0x080001db   Thumb Code     0  startup_stm32f103xb.o(.text)
    PVD_IRQHandler                           0x080001db   Thumb Code     0  startup_stm32f103xb.o(.text)
    RCC_IRQHandler                           0x080001db   Thumb Code     0  startup_stm32f103xb.o(.text)
    RTC_Alarm_IRQHandler                     0x080001db   Thumb Code     0  startup_stm32f103xb.o(.text)
    RTC_IRQHandler                           0x080001db   Thumb Code     0  startup_stm32f103xb.o(.text)
    SPI1_IRQHandler                          0x080001db   Thumb Code     0  startup_stm32f103xb.o(.text)
    SPI2_IRQHandler                          0x080001db   Thumb Code     0  startup_stm32f103xb.o(.text)
    TAMPER_IRQHandler                        0x080001db   Thumb Code     0  startup_stm32f103xb.o(.text)
    TIM1_BRK_IRQHandler                      0x080001db   Thumb Code     0  startup_stm32f103xb.o(.text)
    TIM1_CC_IRQHandler                       0x080001db   Thumb Code     0  startup_stm32f103xb.o(.text)
    TIM1_TRG_COM_IRQHandler                  0x080001db   Thumb Code     0  startup_stm32f103xb.o(.text)
    TIM3_IRQHandler                          0x080001db   Thumb Code     0  startup_stm32f103xb.o(.text)
    TIM4_IRQHandler                          0x080001db   Thumb Code     0  startup_stm32f103xb.o(.text)
    USART1_IRQHandler                        0x080001db   Thumb Code     0  startup_stm32f103xb.o(.text)
    USART2_IRQHandler                        0x080001db   Thumb Code     0  startup_stm32f103xb.o(.text)
    USART3_IRQHandler                        0x080001db   Thumb Code     0  startup_stm32f103xb.o(.text)
    USBWakeUp_IRQHandler                     0x080001db   Thumb Code     0  startup_stm32f103xb.o(.text)
    USB_HP_CAN1_TX_IRQHandler                0x080001db   Thumb Code     0  startup_stm32f103xb.o(.text)
    USB_LP_CAN1_RX0_IRQHandler               0x080001db   Thumb Code     0  startup_stm32f103xb.o(.text)
    WWDG_IRQHandler                          0x080001db   Thumb Code     0  startup_stm32f103xb.o(.text)
    __user_initial_stackheap                 0x080001dd   Thumb Code     0  startup_stm32f103xb.o(.text)
    srand                                    0x08000201   Thumb Code    42  rand.o(.text)
    _rand_init                               0x0800022b   Thumb Code     4  rand.o(.text)
    __aeabi_memcpy4                          0x0800023d   Thumb Code     0  rt_memcpy_w.o(.text)
    __aeabi_memcpy8                          0x0800023d   Thumb Code     0  rt_memcpy_w.o(.text)
    __rt_memcpy_w                            0x0800023d   Thumb Code   100  rt_memcpy_w.o(.text)
    _memcpy_lastbytes_aligned                0x08000285   Thumb Code     0  rt_memcpy_w.o(.text)
    __aeabi_memclr4                          0x080002a1   Thumb Code     0  rt_memclr_w.o(.text)
    __aeabi_memclr8                          0x080002a1   Thumb Code     0  rt_memclr_w.o(.text)
    __rt_memclr_w                            0x080002a1   Thumb Code    78  rt_memclr_w.o(.text)
    _memset_w                                0x080002a5   Thumb Code     0  rt_memclr_w.o(.text)
    __use_two_region_memory                  0x080002ef   Thumb Code     2  heapauxi.o(.text)
    __rt_heap_escrow$2region                 0x080002f1   Thumb Code     2  heapauxi.o(.text)
    __rt_heap_expand$2region                 0x080002f3   Thumb Code     2  heapauxi.o(.text)
    __user_setup_stackheap                   0x080002f5   Thumb Code    74  sys_stackheap_outer.o(.text)
    exit                                     0x0800033f   Thumb Code    18  exit.o(.text)
    __user_libspace                          0x08000351   Thumb Code     8  libspace.o(.text)
    __user_perproc_libspace                  0x08000351   Thumb Code     0  libspace.o(.text)
    __user_perthread_libspace                0x08000351   Thumb Code     0  libspace.o(.text)
    __I$use$semihosting                      0x08000359   Thumb Code     0  use_no_semi.o(.text)
    __use_no_semihosting_swi                 0x08000359   Thumb Code     2  use_no_semi.o(.text)
    __semihosting_library_function           0x0800035b   Thumb Code     0  indicate_semi.o(.text)
    _sys_exit                                0x0800035d   Thumb Code     8  sys_exit.o(.text)
    BusFault_Handler                         0x08000369   Thumb Code     2  stm32f1xx_it.o(i.BusFault_Handler)
    DebugMon_Handler                         0x0800036b   Thumb Code     2  stm32f1xx_it.o(i.DebugMon_Handler)
    EXTI15_10_IRQHandler                     0x0800036d   Thumb Code     8  stm32f1xx_it.o(i.EXTI15_10_IRQHandler)
    EXTI2_IRQHandler                         0x08000375   Thumb Code     6  stm32f1xx_it.o(i.EXTI2_IRQHandler)
    HAL_Delay                                0x0800037d   Thumb Code    32  stm32f1xx_hal.o(i.HAL_Delay)
    HAL_GPIO_EXTI_Callback                   0x080003a1   Thumb Code    16  main.o(i.HAL_GPIO_EXTI_Callback)
    HAL_GPIO_EXTI_IRQHandler                 0x080003b9   Thumb Code    18  stm32f1xx_hal_gpio.o(i.HAL_GPIO_EXTI_IRQHandler)
    HAL_GPIO_Init                            0x080003d1   Thumb Code   446  stm32f1xx_hal_gpio.o(i.HAL_GPIO_Init)
    HAL_GPIO_TogglePin                       0x080005b1   Thumb Code    16  stm32f1xx_hal_gpio.o(i.HAL_GPIO_TogglePin)
    HAL_GPIO_WritePin                        0x080005c1   Thumb Code    10  stm32f1xx_hal_gpio.o(i.HAL_GPIO_WritePin)
    HAL_GetTick                              0x080005cd   Thumb Code     6  stm32f1xx_hal.o(i.HAL_GetTick)
    HAL_IncTick                              0x080005d9   Thumb Code    12  stm32f1xx_hal.o(i.HAL_IncTick)
    HAL_Init                                 0x080005e9   Thumb Code    32  stm32f1xx_hal.o(i.HAL_Init)
    HAL_InitTick                             0x0800060d   Thumb Code    54  stm32f1xx_hal.o(i.HAL_InitTick)
    HAL_MspInit                              0x0800064d   Thumb Code    52  stm32f1xx_hal_msp.o(i.HAL_MspInit)
    HAL_NVIC_EnableIRQ                       0x08000689   Thumb Code    26  stm32f1xx_hal_cortex.o(i.HAL_NVIC_EnableIRQ)
    HAL_NVIC_SetPriority                     0x080006a5   Thumb Code    60  stm32f1xx_hal_cortex.o(i.HAL_NVIC_SetPriority)
    HAL_NVIC_SetPriorityGrouping             0x080006e5   Thumb Code    26  stm32f1xx_hal_cortex.o(i.HAL_NVIC_SetPriorityGrouping)
    HAL_RCC_ClockConfig                      0x08000709   Thumb Code   280  stm32f1xx_hal_rcc.o(i.HAL_RCC_ClockConfig)
    HAL_RCC_GetPCLK1Freq                     0x08000835   Thumb Code    20  stm32f1xx_hal_rcc.o(i.HAL_RCC_GetPCLK1Freq)
    HAL_RCC_GetPCLK2Freq                     0x08000855   Thumb Code    20  stm32f1xx_hal_rcc.o(i.HAL_RCC_GetPCLK2Freq)
    HAL_RCC_GetSysClockFreq                  0x08000875   Thumb Code    58  stm32f1xx_hal_rcc.o(i.HAL_RCC_GetSysClockFreq)
    HAL_RCC_OscConfig                        0x080008c1   Thumb Code   778  stm32f1xx_hal_rcc.o(i.HAL_RCC_OscConfig)
    HAL_SPI_GetState                         0x08000be1   Thumb Code     6  stm32f1xx_hal_spi.o(i.HAL_SPI_GetState)
    HAL_SPI_Init                             0x08000be7   Thumb Code   178  stm32f1xx_hal_spi.o(i.HAL_SPI_Init)
    HAL_SPI_MspInit                          0x08000c99   Thumb Code   162  stm32f1xx_hal_msp.o(i.HAL_SPI_MspInit)
    HAL_SPI_Receive                          0x08000d51   Thumb Code   342  stm32f1xx_hal_spi.o(i.HAL_SPI_Receive)
    HAL_SPI_Transmit                         0x08000ea7   Thumb Code   366  stm32f1xx_hal_spi.o(i.HAL_SPI_Transmit)
    HAL_SPI_TransmitReceive                  0x08001015   Thumb Code   494  stm32f1xx_hal_spi.o(i.HAL_SPI_TransmitReceive)
    HAL_SYSTICK_Config                       0x08001203   Thumb Code    40  stm32f1xx_hal_cortex.o(i.HAL_SYSTICK_Config)
    HAL_TIMEx_BreakCallback                  0x0800122b   Thumb Code     2  stm32f1xx_hal_tim_ex.o(i.HAL_TIMEx_BreakCallback)
    HAL_TIMEx_CommutCallback                 0x0800122d   Thumb Code     2  stm32f1xx_hal_tim_ex.o(i.HAL_TIMEx_CommutCallback)
    HAL_TIMEx_MasterConfigSynchronization    0x08001231   Thumb Code    92  stm32f1xx_hal_tim_ex.o(i.HAL_TIMEx_MasterConfigSynchronization)
    HAL_TIM_Base_Init                        0x08001299   Thumb Code    90  stm32f1xx_hal_tim.o(i.HAL_TIM_Base_Init)
    HAL_TIM_Base_MspInit                     0x080012f5   Thumb Code    86  stm32f1xx_hal_msp.o(i.HAL_TIM_Base_MspInit)
    HAL_TIM_Base_Start_IT                    0x08001355   Thumb Code    76  stm32f1xx_hal_tim.o(i.HAL_TIM_Base_Start_IT)
    HAL_TIM_ConfigClockSource                0x080013ad   Thumb Code   220  stm32f1xx_hal_tim.o(i.HAL_TIM_ConfigClockSource)
    HAL_TIM_IC_CaptureCallback               0x08001489   Thumb Code     2  stm32f1xx_hal_tim.o(i.HAL_TIM_IC_CaptureCallback)
    HAL_TIM_IRQHandler                       0x0800148b   Thumb Code   358  stm32f1xx_hal_tim.o(i.HAL_TIM_IRQHandler)
    HAL_TIM_OC_DelayElapsedCallback          0x080015f1   Thumb Code     2  stm32f1xx_hal_tim.o(i.HAL_TIM_OC_DelayElapsedCallback)
    HAL_TIM_PWM_PulseFinishedCallback        0x080015f3   Thumb Code     2  stm32f1xx_hal_tim.o(i.HAL_TIM_PWM_PulseFinishedCallback)
    HAL_TIM_PeriodElapsedCallback            0x080015f5   Thumb Code    56  main.o(i.HAL_TIM_PeriodElapsedCallback)
    HAL_TIM_TriggerCallback                  0x08001639   Thumb Code     2  stm32f1xx_hal_tim.o(i.HAL_TIM_TriggerCallback)
    HAL_UART_Init                            0x0800163b   Thumb Code   100  stm32f1xx_hal_uart.o(i.HAL_UART_Init)
    HAL_UART_MspInit                         0x080016a1   Thumb Code   100  stm32f1xx_hal_msp.o(i.HAL_UART_MspInit)
    HardFault_Handler                        0x08001711   Thumb Code     2  stm32f1xx_it.o(i.HardFault_Handler)
    LoRa_BurstWrite                          0x08001713   Thumb Code    86  lora.o(i.LoRa_BurstWrite)
    LoRa_Config                              0x08001769   Thumb Code   228  lora.o(i.LoRa_Config)
    LoRa_gotoMode                            0x0800184d   Thumb Code   102  lora.o(i.LoRa_gotoMode)
    LoRa_read                                0x080018b3   Thumb Code    30  lora.o(i.LoRa_read)
    LoRa_readReg                             0x080018d1   Thumb Code    88  lora.o(i.LoRa_readReg)
    LoRa_receive                             0x08001929   Thumb Code   124  lora.o(i.LoRa_receive)
    LoRa_reset                               0x080019a5   Thumb Code    40  lora.o(i.LoRa_reset)
    LoRa_setAutoLDO                          0x080019cd   Thumb Code    70  lora.o(i.LoRa_setAutoLDO)
    LoRa_setFrequency                        0x08001a19   Thumb Code    64  lora.o(i.LoRa_setFrequency)
    LoRa_setLowDaraRateOptimization          0x08001a59   Thumb Code    42  lora.o(i.LoRa_setLowDaraRateOptimization)
    LoRa_setOCP                              0x08001a83   Thumb Code    62  lora.o(i.LoRa_setOCP)
    LoRa_setPower                            0x08001ac1   Thumb Code    20  lora.o(i.LoRa_setPower)
    LoRa_setSpreadingFactor                  0x08001ad5   Thumb Code    64  lora.o(i.LoRa_setSpreadingFactor)
    LoRa_setTOMsb_setCRCon                   0x08001b15   Thumb Code    32  lora.o(i.LoRa_setTOMsb_setCRCon)
    LoRa_startReceiving                      0x08001b35   Thumb Code     6  lora.o(i.LoRa_startReceiving)
    LoRa_transmit                            0x08001b3b   Thumb Code   124  lora.o(i.LoRa_transmit)
    LoRa_write                               0x08001bb7   Thumb Code    30  lora.o(i.LoRa_write)
    LoRa_writeReg                            0x08001bd5   Thumb Code    88  lora.o(i.LoRa_writeReg)
    Lora_Init                                0x08001c2d   Thumb Code    54  lora.o(i.Lora_Init)
    MemManage_Handler                        0x08001ee5   Thumb Code     2  stm32f1xx_it.o(i.MemManage_Handler)
    NMI_Handler                              0x08001ee7   Thumb Code     2  stm32f1xx_it.o(i.NMI_Handler)
    PendSV_Handler                           0x08001ee9   Thumb Code     2  stm32f1xx_it.o(i.PendSV_Handler)
    SVC_Handler                              0x08002021   Thumb Code     2  stm32f1xx_it.o(i.SVC_Handler)
    SysTick_Handler                          0x08002023   Thumb Code     4  stm32f1xx_it.o(i.SysTick_Handler)
    SystemClock_Config                       0x08002027   Thumb Code    94  main.o(i.SystemClock_Config)
    SystemInit                               0x08002085   Thumb Code     2  system_stm32f1xx.o(i.SystemInit)
    TIM1_UP_IRQHandler                       0x08002089   Thumb Code     6  stm32f1xx_it.o(i.TIM1_UP_IRQHandler)
    TIM2_IRQHandler                          0x08002095   Thumb Code     6  stm32f1xx_it.o(i.TIM2_IRQHandler)
    TIM_Base_SetConfig                       0x080020a1   Thumb Code    94  stm32f1xx_hal_tim.o(i.TIM_Base_SetConfig)
    TIM_ETR_SetConfig                        0x0800210d   Thumb Code    20  stm32f1xx_hal_tim.o(i.TIM_ETR_SetConfig)
    UsageFault_Handler                       0x08002231   Thumb Code     2  stm32f1xx_it.o(i.UsageFault_Handler)
    W5500_Deselect                           0x08002235   Thumb Code    10  w5500_spi.o(i.W5500_Deselect)
    W5500_ReadBuff                           0x08002245   Thumb Code    14  w5500_spi.o(i.W5500_ReadBuff)
    W5500_ReadByte                           0x08002259   Thumb Code    16  w5500_spi.o(i.W5500_ReadByte)
    W5500_Select                             0x08002269   Thumb Code    10  w5500_spi.o(i.W5500_Select)
    W5500_WriteBuff                          0x08002279   Thumb Code    14  w5500_spi.o(i.W5500_WriteBuff)
    W5500_WriteByte                          0x0800228d   Thumb Code    12  w5500_spi.o(i.W5500_WriteByte)
    WIZCHIP_READ                             0x08002299   Thumb Code    84  w5500.o(i.WIZCHIP_READ)
    WIZCHIP_READ_BUF                         0x080022f1   Thumb Code   112  w5500.o(i.WIZCHIP_READ_BUF)
    WIZCHIP_WRITE                            0x08002365   Thumb Code    90  w5500.o(i.WIZCHIP_WRITE)
    WIZCHIP_WRITE_BUF                        0x080023c5   Thumb Code   108  w5500.o(i.WIZCHIP_WRITE_BUF)
    getMicroS                                0x08002455   Thumb Code    16  main.o(i.getMicroS)
    main                                     0x0800246d   Thumb Code   514  main.o(i.main)
    my_printf                                0x08002681   Thumb Code     2  main.o(i.my_printf)
    reg_wizchip_cs_cbfunc                    0x08002685   Thumb Code    22  wizchip_conf.o(i.reg_wizchip_cs_cbfunc)
    reg_wizchip_spi_cbfunc                   0x080026a9   Thumb Code    30  wizchip_conf.o(i.reg_wizchip_spi_cbfunc)
    reg_wizchip_spiburst_cbfunc              0x080026d5   Thumb Code    30  wizchip_conf.o(i.reg_wizchip_spiburst_cbfunc)
    w5500_Init                               0x08002701   Thumb Code    88  w5500_spi.o(i.w5500_Init)
    wizchip_bus_readdata                     0x08002791   Thumb Code     4  wizchip_conf.o(i.wizchip_bus_readdata)
    wizchip_bus_writedata                    0x08002795   Thumb Code     4  wizchip_conf.o(i.wizchip_bus_writedata)
    wizchip_cris_enter                       0x08002799   Thumb Code     2  wizchip_conf.o(i.wizchip_cris_enter)
    wizchip_cris_exit                        0x0800279b   Thumb Code     2  wizchip_conf.o(i.wizchip_cris_exit)
    wizchip_cs_deselect                      0x0800279d   Thumb Code     2  wizchip_conf.o(i.wizchip_cs_deselect)
    wizchip_cs_select                        0x0800279f   Thumb Code     2  wizchip_conf.o(i.wizchip_cs_select)
    wizchip_init                             0x080027a1   Thumb Code   122  wizchip_conf.o(i.wizchip_init)
    wizchip_setnetinfo                       0x0800281d   Thumb Code    82  wizchip_conf.o(i.wizchip_setnetinfo)
    wizchip_spi_readburst                    0x08002875   Thumb Code     2  wizchip_conf.o(i.wizchip_spi_readburst)
    wizchip_spi_readbyte                     0x08002877   Thumb Code     4  wizchip_conf.o(i.wizchip_spi_readbyte)
    wizchip_spi_writeburst                   0x0800287b   Thumb Code     2  wizchip_conf.o(i.wizchip_spi_writeburst)
    wizchip_spi_writebyte                    0x0800287d   Thumb Code     2  wizchip_conf.o(i.wizchip_spi_writebyte)
    wizchip_sw_reset                         0x0800287f   Thumb Code   116  wizchip_conf.o(i.wizchip_sw_reset)
    __aeabi_ddiv                             0x080028f5   Thumb Code     0  ddiv.o(x$fpl$ddiv)
    _ddiv                                    0x080028f5   Thumb Code   552  ddiv.o(x$fpl$ddiv)
    __aeabi_d2iz                             0x08002ba5   Thumb Code     0  dfix.o(x$fpl$dfix)
    _dfix                                    0x08002ba5   Thumb Code    94  dfix.o(x$fpl$dfix)
    __aeabi_i2d                              0x08002c03   Thumb Code     0  dflt_clz.o(x$fpl$dflt)
    _dflt                                    0x08002c03   Thumb Code    46  dflt_clz.o(x$fpl$dflt)
    __fpl_dnaninf                            0x08002c31   Thumb Code   156  dnaninf.o(x$fpl$dnaninf)
    __fpl_dretinf                            0x08002ccd   Thumb Code    12  dretinf.o(x$fpl$dretinf)
    __I$use$fp                               0x08002cd8   Number         0  usenofp.o(x$fpl$usenofp)
    AHBPrescTable                            0x08002d3a   Data          16  system_stm32f1xx.o(.constdata)
    APBPrescTable                            0x08002d4a   Data           8  system_stm32f1xx.o(.constdata)
    Region$$Table$$Base                      0x08002d54   Number         0  anon$$obj.o(Region$$Table)
    Region$$Table$$Limit                     0x08002d74   Number         0  anon$$obj.o(Region$$Table)
    destination_port                         0x20000000   Data           2  w5500_spi.o(.data)
    destination_ip                           0x20000002   Data           4  w5500_spi.o(.data)
    rx_tx_buff_sizes                         0x20000006   Data           8  w5500_spi.o(.data)
    gwIZNETINFO                              0x2000000e   Data          23  w5500_spi.o(.data)
    memsize                                  0x20000025   Data          16  w5500_spi.o(.data)
    WIZCHIP                                  0x20000040   Data          44  wizchip_conf.o(.data)
    flag_rx                                  0x2000006c   Data           1  main.o(.data)
    check_send_RB                            0x2000006d   Data           1  main.o(.data)
    check_receive_RB                         0x2000006e   Data           1  main.o(.data)
    flag_change_rf                           0x2000006f   Data           1  main.o(.data)
    flag_led                                 0x20000070   Data           2  main.o(.data)
    flag_check_sr                            0x20000072   Data           2  main.o(.data)
    toggle                                   0x20000074   Data           2  main.o(.data)
    result                                   0x20000076   Data           2  main.o(.data)
    gui_den_RB                               0x20000078   Data           2  main.o(.data)
    nhan_tu_RB                               0x2000007a   Data           2  main.o(.data)
    gui_den_PC                               0x2000007c   Data           2  main.o(.data)
    miss_mess                                0x2000007e   Data           2  main.o(.data)
    cnt_flag_auto_send                       0x20000080   Data           2  main.o(.data)
    flag_auto_send                           0x20000082   Data           2  main.o(.data)
    frequency                                0x20000084   Data           2  main.o(.data)
    time_tick                                0x20000088   Data           4  main.o(.data)
    start                                    0x2000008c   Data           4  main.o(.data)
    s                                        0x20000090   Data           4  main.o(.data)
    time                                     0x20000094   Data           4  main.o(.data)
    t                                        0x20000098   Data           4  main.o(.data)
    tick_while1                              0x2000009c   Data           4  main.o(.data)
    uwTickFreq                               0x200000a0   Data           1  stm32f1xx_hal.o(.data)
    uwTickPrio                               0x200000a4   Data           4  stm32f1xx_hal.o(.data)
    uwTick                                   0x200000a8   Data           4  stm32f1xx_hal.o(.data)
    SystemCoreClock                          0x200000ac   Data           4  system_stm32f1xx.o(.data)
    hspi1                                    0x200000b0   Data          88  main.o(.bss)
    hspi2                                    0x20000108   Data          88  main.o(.bss)
    htim1                                    0x20000160   Data          72  main.o(.bss)
    htim2                                    0x200001a8   Data          72  main.o(.bss)
    huart1                                   0x200001f0   Data          72  main.o(.bss)
    TX_toPC                                  0x20000238   Data          12  main.o(.bss)
    RX_fromPC                                0x20000244   Data          12  main.o(.bss)
    myLoRa                                   0x20000250   Data          44  main.o(.bss)
    TX_toRobot                               0x2000027c   Data          12  main.o(.bss)
    RX_fromRobot                             0x20000288   Data          12  main.o(.bss)
    MSG                                      0x20000294   Data          10  main.o(.bss)
    _random_number_data                      0x200002a0   Data         228  rand.o(.bss)
    __libspace_start                         0x20000384   Data          96  libspace.o(.bss)
    __temporary_stack_top$libspace           0x200003e4   Data           0  libspace.o(.bss)



==============================================================================

Memory Map of the image

  Image Entry point : 0x080000ed

  Load Region LR_IROM1 (Base: 0x08000000, Size: 0x00002e24, Max: 0x00010000, ABSOLUTE)

    Execution Region ER_IROM1 (Exec base: 0x08000000, Load base: 0x08000000, Size: 0x00002d74, Max: 0x00010000, ABSOLUTE)

    Exec Addr    Load Addr    Size         Type   Attr      Idx    E Section Name        Object

    0x08000000   0x08000000   0x000000ec   Data   RO            3    RESET               startup_stm32f103xb.o
    0x080000ec   0x080000ec   0x00000008   Code   RO         3876  * !!!main             c_w.l(__main.o)
    0x080000f4   0x080000f4   0x00000034   Code   RO         4052    !!!scatter          c_w.l(__scatter.o)
    0x08000128   0x08000128   0x0000001a   Code   RO         4054    !!handler_copy      c_w.l(__scatter_copy.o)
    0x08000142   0x08000142   0x00000002   PAD
    0x08000144   0x08000144   0x0000001c   Code   RO         4056    !!handler_zi        c_w.l(__scatter_zi.o)
    0x08000160   0x08000160   0x00000002   Code   RO         3975    .ARM.Collect$$libinit$$00000000  c_w.l(libinit.o)
    0x08000162   0x08000162   0x00000000   Code   RO         3894    .ARM.Collect$$libinit$$00000002  c_w.l(libinit2.o)
    0x08000162   0x08000162   0x00000000   Code   RO         3896    .ARM.Collect$$libinit$$00000004  c_w.l(libinit2.o)
    0x08000162   0x08000162   0x00000000   Code   RO         3899    .ARM.Collect$$libinit$$0000000A  c_w.l(libinit2.o)
    0x08000162   0x08000162   0x00000000   Code   RO         3901    .ARM.Collect$$libinit$$0000000C  c_w.l(libinit2.o)
    0x08000162   0x08000162   0x00000004   Code   RO         3902    .ARM.Collect$$libinit$$0000000D  c_w.l(libinit2.o)
    0x08000166   0x08000166   0x00000000   Code   RO         3903    .ARM.Collect$$libinit$$0000000E  c_w.l(libinit2.o)
    0x08000166   0x08000166   0x00000000   Code   RO         3906    .ARM.Collect$$libinit$$00000011  c_w.l(libinit2.o)
    0x08000166   0x08000166   0x00000000   Code   RO         3908    .ARM.Collect$$libinit$$00000013  c_w.l(libinit2.o)
    0x08000166   0x08000166   0x00000000   Code   RO         3910    .ARM.Collect$$libinit$$00000015  c_w.l(libinit2.o)
    0x08000166   0x08000166   0x00000000   Code   RO         3912    .ARM.Collect$$libinit$$00000017  c_w.l(libinit2.o)
    0x08000166   0x08000166   0x00000000   Code   RO         3914    .ARM.Collect$$libinit$$00000019  c_w.l(libinit2.o)
    0x08000166   0x08000166   0x00000000   Code   RO         3916    .ARM.Collect$$libinit$$0000001B  c_w.l(libinit2.o)
    0x08000166   0x08000166   0x00000000   Code   RO         3918    .ARM.Collect$$libinit$$0000001D  c_w.l(libinit2.o)
    0x08000166   0x08000166   0x00000000   Code   RO         3920    .ARM.Collect$$libinit$$0000001F  c_w.l(libinit2.o)
    0x08000166   0x08000166   0x00000000   Code   RO         3922    .ARM.Collect$$libinit$$00000021  c_w.l(libinit2.o)
    0x08000166   0x08000166   0x00000000   Code   RO         3924    .ARM.Collect$$libinit$$00000023  c_w.l(libinit2.o)
    0x08000166   0x08000166   0x00000000   Code   RO         3926    .ARM.Collect$$libinit$$00000025  c_w.l(libinit2.o)
    0x08000166   0x08000166   0x00000000   Code   RO         3930    .ARM.Collect$$libinit$$0000002C  c_w.l(libinit2.o)
    0x08000166   0x08000166   0x00000000   Code   RO         3932    .ARM.Collect$$libinit$$0000002E  c_w.l(libinit2.o)
    0x08000166   0x08000166   0x00000000   Code   RO         3934    .ARM.Collect$$libinit$$00000030  c_w.l(libinit2.o)
    0x08000166   0x08000166   0x00000000   Code   RO         3936    .ARM.Collect$$libinit$$00000032  c_w.l(libinit2.o)
    0x08000166   0x08000166   0x00000002   Code   RO         3937    .ARM.Collect$$libinit$$00000033  c_w.l(libinit2.o)
    0x08000168   0x08000168   0x00000002   Code   RO         4013    .ARM.Collect$$libshutdown$$00000000  c_w.l(libshutdown.o)
    0x0800016a   0x0800016a   0x00000000   Code   RO         4019    .ARM.Collect$$libshutdown$$00000002  c_w.l(libshutdown2.o)
    0x0800016a   0x0800016a   0x00000000   Code   RO         4021    .ARM.Collect$$libshutdown$$00000004  c_w.l(libshutdown2.o)
    0x0800016a   0x0800016a   0x00000000   Code   RO         4024    .ARM.Collect$$libshutdown$$00000007  c_w.l(libshutdown2.o)
    0x0800016a   0x0800016a   0x00000000   Code   RO         4027    .ARM.Collect$$libshutdown$$0000000A  c_w.l(libshutdown2.o)
    0x0800016a   0x0800016a   0x00000000   Code   RO         4029    .ARM.Collect$$libshutdown$$0000000C  c_w.l(libshutdown2.o)
    0x0800016a   0x0800016a   0x00000000   Code   RO         4032    .ARM.Collect$$libshutdown$$0000000F  c_w.l(libshutdown2.o)
    0x0800016a   0x0800016a   0x00000002   Code   RO         4033    .ARM.Collect$$libshutdown$$00000010  c_w.l(libshutdown2.o)
    0x0800016c   0x0800016c   0x00000000   Code   RO         3892    .ARM.Collect$$rtentry$$00000000  c_w.l(__rtentry.o)
    0x0800016c   0x0800016c   0x00000000   Code   RO         3944    .ARM.Collect$$rtentry$$00000002  c_w.l(__rtentry2.o)
    0x0800016c   0x0800016c   0x00000006   Code   RO         3956    .ARM.Collect$$rtentry$$00000004  c_w.l(__rtentry4.o)
    0x08000172   0x08000172   0x00000000   Code   RO         3946    .ARM.Collect$$rtentry$$00000009  c_w.l(__rtentry2.o)
    0x08000172   0x08000172   0x00000004   Code   RO         3947    .ARM.Collect$$rtentry$$0000000A  c_w.l(__rtentry2.o)
    0x08000176   0x08000176   0x00000000   Code   RO         3949    .ARM.Collect$$rtentry$$0000000C  c_w.l(__rtentry2.o)
    0x08000176   0x08000176   0x00000008   Code   RO         3950    .ARM.Collect$$rtentry$$0000000D  c_w.l(__rtentry2.o)
    0x0800017e   0x0800017e   0x00000002   Code   RO         3981    .ARM.Collect$$rtexit$$00000000  c_w.l(rtexit.o)
    0x08000180   0x08000180   0x00000000   Code   RO         3993    .ARM.Collect$$rtexit$$00000002  c_w.l(rtexit2.o)
    0x08000180   0x08000180   0x00000004   Code   RO         3994    .ARM.Collect$$rtexit$$00000003  c_w.l(rtexit2.o)
    0x08000184   0x08000184   0x00000006   Code   RO         3995    .ARM.Collect$$rtexit$$00000004  c_w.l(rtexit2.o)
    0x0800018a   0x0800018a   0x00000002   PAD
    0x0800018c   0x0800018c   0x00000034   Code   RO         3865    .emb_text           c_w.l(rand.o)
    0x080001c0   0x080001c0   0x00000040   Code   RO            4    .text               startup_stm32f103xb.o
    0x08000200   0x08000200   0x0000003c   Code   RO         3866    .text               c_w.l(rand.o)
    0x0800023c   0x0800023c   0x00000064   Code   RO         3870    .text               c_w.l(rt_memcpy_w.o)
    0x080002a0   0x080002a0   0x0000004e   Code   RO         3872    .text               c_w.l(rt_memclr_w.o)
    0x080002ee   0x080002ee   0x00000006   Code   RO         3874    .text               c_w.l(heapauxi.o)
    0x080002f4   0x080002f4   0x0000004a   Code   RO         3962    .text               c_w.l(sys_stackheap_outer.o)
    0x0800033e   0x0800033e   0x00000012   Code   RO         3964    .text               c_w.l(exit.o)
    0x08000350   0x08000350   0x00000008   Code   RO         3978    .text               c_w.l(libspace.o)
    0x08000358   0x08000358   0x00000002   Code   RO         3989    .text               c_w.l(use_no_semi.o)
    0x0800035a   0x0800035a   0x00000000   Code   RO         3991    .text               c_w.l(indicate_semi.o)
    0x0800035a   0x0800035a   0x00000002   PAD
    0x0800035c   0x0800035c   0x0000000c   Code   RO         4005    .text               c_w.l(sys_exit.o)
    0x08000368   0x08000368   0x00000002   Code   RO          995    i.BusFault_Handler  stm32f1xx_it.o
    0x0800036a   0x0800036a   0x00000002   Code   RO          996    i.DebugMon_Handler  stm32f1xx_it.o
    0x0800036c   0x0800036c   0x00000008   Code   RO          997    i.EXTI15_10_IRQHandler  stm32f1xx_it.o
    0x08000374   0x08000374   0x00000006   Code   RO          998    i.EXTI2_IRQHandler  stm32f1xx_it.o
    0x0800037a   0x0800037a   0x00000002   PAD
    0x0800037c   0x0800037c   0x00000024   Code   RO         1520    i.HAL_Delay         stm32f1xx_hal.o
    0x080003a0   0x080003a0   0x00000018   Code   RO          861    i.HAL_GPIO_EXTI_Callback  main.o
    0x080003b8   0x080003b8   0x00000018   Code   RO         1829    i.HAL_GPIO_EXTI_IRQHandler  stm32f1xx_hal_gpio.o
    0x080003d0   0x080003d0   0x000001e0   Code   RO         1830    i.HAL_GPIO_Init     stm32f1xx_hal_gpio.o
    0x080005b0   0x080005b0   0x00000010   Code   RO         1833    i.HAL_GPIO_TogglePin  stm32f1xx_hal_gpio.o
    0x080005c0   0x080005c0   0x0000000a   Code   RO         1834    i.HAL_GPIO_WritePin  stm32f1xx_hal_gpio.o
    0x080005ca   0x080005ca   0x00000002   PAD
    0x080005cc   0x080005cc   0x0000000c   Code   RO         1524    i.HAL_GetTick       stm32f1xx_hal.o
    0x080005d8   0x080005d8   0x00000010   Code   RO         1530    i.HAL_IncTick       stm32f1xx_hal.o
    0x080005e8   0x080005e8   0x00000024   Code   RO         1531    i.HAL_Init          stm32f1xx_hal.o
    0x0800060c   0x0800060c   0x00000040   Code   RO         1532    i.HAL_InitTick      stm32f1xx_hal.o
    0x0800064c   0x0800064c   0x0000003c   Code   RO         1095    i.HAL_MspInit       stm32f1xx_hal_msp.o
    0x08000688   0x08000688   0x0000001a   Code   RO         1990    i.HAL_NVIC_EnableIRQ  stm32f1xx_hal_cortex.o
    0x080006a2   0x080006a2   0x00000002   PAD
    0x080006a4   0x080006a4   0x00000040   Code   RO         1996    i.HAL_NVIC_SetPriority  stm32f1xx_hal_cortex.o
    0x080006e4   0x080006e4   0x00000024   Code   RO         1997    i.HAL_NVIC_SetPriorityGrouping  stm32f1xx_hal_cortex.o
    0x08000708   0x08000708   0x0000012c   Code   RO         1688    i.HAL_RCC_ClockConfig  stm32f1xx_hal_rcc.o
    0x08000834   0x08000834   0x00000020   Code   RO         1695    i.HAL_RCC_GetPCLK1Freq  stm32f1xx_hal_rcc.o
    0x08000854   0x08000854   0x00000020   Code   RO         1696    i.HAL_RCC_GetPCLK2Freq  stm32f1xx_hal_rcc.o
    0x08000874   0x08000874   0x0000004c   Code   RO         1697    i.HAL_RCC_GetSysClockFreq  stm32f1xx_hal_rcc.o
    0x080008c0   0x080008c0   0x00000320   Code   RO         1700    i.HAL_RCC_OscConfig  stm32f1xx_hal_rcc.o
    0x08000be0   0x08000be0   0x00000006   Code   RO         1200    i.HAL_SPI_GetState  stm32f1xx_hal_spi.o
    0x08000be6   0x08000be6   0x000000b2   Code   RO         1202    i.HAL_SPI_Init      stm32f1xx_hal_spi.o
    0x08000c98   0x08000c98   0x000000b8   Code   RO         1097    i.HAL_SPI_MspInit   stm32f1xx_hal_msp.o
    0x08000d50   0x08000d50   0x00000156   Code   RO         1205    i.HAL_SPI_Receive   stm32f1xx_hal_spi.o
    0x08000ea6   0x08000ea6   0x0000016e   Code   RO         1210    i.HAL_SPI_Transmit  stm32f1xx_hal_spi.o
    0x08001014   0x08001014   0x000001ee   Code   RO         1211    i.HAL_SPI_TransmitReceive  stm32f1xx_hal_spi.o
    0x08001202   0x08001202   0x00000028   Code   RO         2001    i.HAL_SYSTICK_Config  stm32f1xx_hal_cortex.o
    0x0800122a   0x0800122a   0x00000002   Code   RO         3196    i.HAL_TIMEx_BreakCallback  stm32f1xx_hal_tim_ex.o
    0x0800122c   0x0800122c   0x00000002   Code   RO         3197    i.HAL_TIMEx_CommutCallback  stm32f1xx_hal_tim_ex.o
    0x0800122e   0x0800122e   0x00000002   PAD
    0x08001230   0x08001230   0x00000068   Code   RO         3215    i.HAL_TIMEx_MasterConfigSynchronization  stm32f1xx_hal_tim_ex.o
    0x08001298   0x08001298   0x0000005a   Code   RO         2492    i.HAL_TIM_Base_Init  stm32f1xx_hal_tim.o
    0x080012f2   0x080012f2   0x00000002   PAD
    0x080012f4   0x080012f4   0x00000060   Code   RO         1099    i.HAL_TIM_Base_MspInit  stm32f1xx_hal_msp.o
    0x08001354   0x08001354   0x00000058   Code   RO         2497    i.HAL_TIM_Base_Start_IT  stm32f1xx_hal_tim.o
    0x080013ac   0x080013ac   0x000000dc   Code   RO         2501    i.HAL_TIM_ConfigClockSource  stm32f1xx_hal_tim.o
    0x08001488   0x08001488   0x00000002   Code   RO         2526    i.HAL_TIM_IC_CaptureCallback  stm32f1xx_hal_tim.o
    0x0800148a   0x0800148a   0x00000166   Code   RO         2540    i.HAL_TIM_IRQHandler  stm32f1xx_hal_tim.o
    0x080015f0   0x080015f0   0x00000002   Code   RO         2543    i.HAL_TIM_OC_DelayElapsedCallback  stm32f1xx_hal_tim.o
    0x080015f2   0x080015f2   0x00000002   Code   RO         2570    i.HAL_TIM_PWM_PulseFinishedCallback  stm32f1xx_hal_tim.o
    0x080015f4   0x080015f4   0x00000044   Code   RO          862    i.HAL_TIM_PeriodElapsedCallback  main.o
    0x08001638   0x08001638   0x00000002   Code   RO         2583    i.HAL_TIM_TriggerCallback  stm32f1xx_hal_tim.o
    0x0800163a   0x0800163a   0x00000064   Code   RO         3493    i.HAL_UART_Init     stm32f1xx_hal_uart.o
    0x0800169e   0x0800169e   0x00000002   PAD
    0x080016a0   0x080016a0   0x00000070   Code   RO         1101    i.HAL_UART_MspInit  stm32f1xx_hal_msp.o
    0x08001710   0x08001710   0x00000002   Code   RO          999    i.HardFault_Handler  stm32f1xx_it.o
    0x08001712   0x08001712   0x00000056   Code   RO          146    i.LoRa_BurstWrite   lora.o
    0x08001768   0x08001768   0x000000e4   Code   RO          147    i.LoRa_Config       lora.o
    0x0800184c   0x0800184c   0x00000066   Code   RO          149    i.LoRa_gotoMode     lora.o
    0x080018b2   0x080018b2   0x0000001e   Code   RO          151    i.LoRa_read         lora.o
    0x080018d0   0x080018d0   0x00000058   Code   RO          152    i.LoRa_readReg      lora.o
    0x08001928   0x08001928   0x0000007c   Code   RO          153    i.LoRa_receive      lora.o
    0x080019a4   0x080019a4   0x00000028   Code   RO          154    i.LoRa_reset        lora.o
    0x080019cc   0x080019cc   0x0000004c   Code   RO          155    i.LoRa_setAutoLDO   lora.o
    0x08001a18   0x08001a18   0x00000040   Code   RO          156    i.LoRa_setFrequency  lora.o
    0x08001a58   0x08001a58   0x0000002a   Code   RO          157    i.LoRa_setLowDaraRateOptimization  lora.o
    0x08001a82   0x08001a82   0x0000003e   Code   RO          158    i.LoRa_setOCP       lora.o
    0x08001ac0   0x08001ac0   0x00000014   Code   RO          159    i.LoRa_setPower     lora.o
    0x08001ad4   0x08001ad4   0x00000040   Code   RO          160    i.LoRa_setSpreadingFactor  lora.o
    0x08001b14   0x08001b14   0x00000020   Code   RO          162    i.LoRa_setTOMsb_setCRCon  lora.o
    0x08001b34   0x08001b34   0x00000006   Code   RO          163    i.LoRa_startReceiving  lora.o
    0x08001b3a   0x08001b3a   0x0000007c   Code   RO          164    i.LoRa_transmit     lora.o
    0x08001bb6   0x08001bb6   0x0000001e   Code   RO          165    i.LoRa_write        lora.o
    0x08001bd4   0x08001bd4   0x00000058   Code   RO          166    i.LoRa_writeReg     lora.o
    0x08001c2c   0x08001c2c   0x0000003c   Code   RO          167    i.Lora_Init         lora.o
    0x08001c68   0x08001c68   0x00000128   Code   RO          863    i.MX_GPIO_Init      main.o
    0x08001d90   0x08001d90   0x00000044   Code   RO          864    i.MX_SPI1_Init      main.o
    0x08001dd4   0x08001dd4   0x00000040   Code   RO          865    i.MX_SPI2_Init      main.o
    0x08001e14   0x08001e14   0x00000068   Code   RO          866    i.MX_TIM1_Init      main.o
    0x08001e7c   0x08001e7c   0x00000068   Code   RO          867    i.MX_TIM2_Init      main.o
    0x08001ee4   0x08001ee4   0x00000002   Code   RO         1000    i.MemManage_Handler  stm32f1xx_it.o
    0x08001ee6   0x08001ee6   0x00000002   Code   RO         1001    i.NMI_Handler       stm32f1xx_it.o
    0x08001ee8   0x08001ee8   0x00000002   Code   RO         1002    i.PendSV_Handler    stm32f1xx_it.o
    0x08001eea   0x08001eea   0x0000005c   Code   RO         1239    i.SPI_EndRxTransaction  stm32f1xx_hal_spi.o
    0x08001f46   0x08001f46   0x00000020   Code   RO         1240    i.SPI_EndRxTxTransaction  stm32f1xx_hal_spi.o
    0x08001f66   0x08001f66   0x00000002   PAD
    0x08001f68   0x08001f68   0x000000b8   Code   RO         1245    i.SPI_WaitFlagStateUntilTimeout  stm32f1xx_hal_spi.o
    0x08002020   0x08002020   0x00000002   Code   RO         1003    i.SVC_Handler       stm32f1xx_it.o
    0x08002022   0x08002022   0x00000004   Code   RO         1004    i.SysTick_Handler   stm32f1xx_it.o
    0x08002026   0x08002026   0x0000005e   Code   RO          868    i.SystemClock_Config  main.o
    0x08002084   0x08002084   0x00000002   Code   RO         3827    i.SystemInit        system_stm32f1xx.o
    0x08002086   0x08002086   0x00000002   PAD
    0x08002088   0x08002088   0x0000000c   Code   RO         1005    i.TIM1_UP_IRQHandler  stm32f1xx_it.o
    0x08002094   0x08002094   0x0000000c   Code   RO         1006    i.TIM2_IRQHandler   stm32f1xx_it.o
    0x080020a0   0x080020a0   0x0000006c   Code   RO         2585    i.TIM_Base_SetConfig  stm32f1xx_hal_tim.o
    0x0800210c   0x0800210c   0x00000014   Code   RO         2596    i.TIM_ETR_SetConfig  stm32f1xx_hal_tim.o
    0x08002120   0x08002120   0x00000010   Code   RO         2597    i.TIM_ITRx_SetConfig  stm32f1xx_hal_tim.o
    0x08002130   0x08002130   0x00000022   Code   RO         2603    i.TIM_TI1_ConfigInputStage  stm32f1xx_hal_tim.o
    0x08002152   0x08002152   0x00000024   Code   RO         2605    i.TIM_TI2_ConfigInputStage  stm32f1xx_hal_tim.o
    0x08002176   0x08002176   0x00000002   PAD
    0x08002178   0x08002178   0x000000b8   Code   RO         3519    i.UART_SetConfig    stm32f1xx_hal_uart.o
    0x08002230   0x08002230   0x00000002   Code   RO         1007    i.UsageFault_Handler  stm32f1xx_it.o
    0x08002232   0x08002232   0x00000002   PAD
    0x08002234   0x08002234   0x00000010   Code   RO          554    i.W5500_Deselect    w5500_spi.o
    0x08002244   0x08002244   0x00000014   Code   RO          555    i.W5500_ReadBuff    w5500_spi.o
    0x08002258   0x08002258   0x00000010   Code   RO          556    i.W5500_ReadByte    w5500_spi.o
    0x08002268   0x08002268   0x00000010   Code   RO          557    i.W5500_Select      w5500_spi.o
    0x08002278   0x08002278   0x00000014   Code   RO          558    i.W5500_WriteBuff   w5500_spi.o
    0x0800228c   0x0800228c   0x0000000c   Code   RO          559    i.W5500_WriteByte   w5500_spi.o
    0x08002298   0x08002298   0x00000058   Code   RO          490    i.WIZCHIP_READ      w5500.o
    0x080022f0   0x080022f0   0x00000074   Code   RO          491    i.WIZCHIP_READ_BUF  w5500.o
    0x08002364   0x08002364   0x00000060   Code   RO          492    i.WIZCHIP_WRITE     w5500.o
    0x080023c4   0x080023c4   0x00000070   Code   RO          493    i.WIZCHIP_WRITE_BUF  w5500.o
    0x08002434   0x08002434   0x00000020   Code   RO         2003    i.__NVIC_SetPriority  stm32f1xx_hal_cortex.o
    0x08002454   0x08002454   0x00000018   Code   RO          869    i.getMicroS         main.o
    0x0800246c   0x0800246c   0x00000214   Code   RO          870    i.main              main.o
    0x08002680   0x08002680   0x00000002   Code   RO          871    i.my_printf         main.o
    0x08002682   0x08002682   0x00000002   PAD
    0x08002684   0x08002684   0x00000024   Code   RO          642    i.reg_wizchip_cs_cbfunc  wizchip_conf.o
    0x080026a8   0x080026a8   0x0000002c   Code   RO          643    i.reg_wizchip_spi_cbfunc  wizchip_conf.o
    0x080026d4   0x080026d4   0x0000002c   Code   RO          644    i.reg_wizchip_spiburst_cbfunc  wizchip_conf.o
    0x08002700   0x08002700   0x00000090   Code   RO          563    i.w5500_Init        w5500_spi.o
    0x08002790   0x08002790   0x00000004   Code   RO          645    i.wizchip_bus_readdata  wizchip_conf.o
    0x08002794   0x08002794   0x00000004   Code   RO          646    i.wizchip_bus_writedata  wizchip_conf.o
    0x08002798   0x08002798   0x00000002   Code   RO          648    i.wizchip_cris_enter  wizchip_conf.o
    0x0800279a   0x0800279a   0x00000002   Code   RO          649    i.wizchip_cris_exit  wizchip_conf.o
    0x0800279c   0x0800279c   0x00000002   Code   RO          650    i.wizchip_cs_deselect  wizchip_conf.o
    0x0800279e   0x0800279e   0x00000002   Code   RO          651    i.wizchip_cs_select  wizchip_conf.o
    0x080027a0   0x080027a0   0x0000007a   Code   RO          657    i.wizchip_init      wizchip_conf.o
    0x0800281a   0x0800281a   0x00000002   PAD
    0x0800281c   0x0800281c   0x00000058   Code   RO          659    i.wizchip_setnetinfo  wizchip_conf.o
    0x08002874   0x08002874   0x00000002   Code   RO          662    i.wizchip_spi_readburst  wizchip_conf.o
    0x08002876   0x08002876   0x00000004   Code   RO          663    i.wizchip_spi_readbyte  wizchip_conf.o
    0x0800287a   0x0800287a   0x00000002   Code   RO          664    i.wizchip_spi_writeburst  wizchip_conf.o
    0x0800287c   0x0800287c   0x00000002   Code   RO          665    i.wizchip_spi_writebyte  wizchip_conf.o
    0x0800287e   0x0800287e   0x00000074   Code   RO          666    i.wizchip_sw_reset  wizchip_conf.o
    0x080028f2   0x080028f2   0x00000002   PAD
    0x080028f4   0x080028f4   0x000002b0   Code   RO         3879    x$fpl$ddiv          fz_ws.l(ddiv.o)
    0x08002ba4   0x08002ba4   0x0000005e   Code   RO         3882    x$fpl$dfix          fz_ws.l(dfix.o)
    0x08002c02   0x08002c02   0x0000002e   Code   RO         3887    x$fpl$dflt          fz_ws.l(dflt_clz.o)
    0x08002c30   0x08002c30   0x0000009c   Code   RO         3938    x$fpl$dnaninf       fz_ws.l(dnaninf.o)
    0x08002ccc   0x08002ccc   0x0000000c   Code   RO         3940    x$fpl$dretinf       fz_ws.l(dretinf.o)
    0x08002cd8   0x08002cd8   0x00000000   Code   RO         3942    x$fpl$usenofp       fz_ws.l(usenofp.o)
    0x08002cd8   0x08002cd8   0x00000050   Data   RO          168    .constdata          lora.o
    0x08002d28   0x08002d28   0x00000012   Data   RO         1701    .constdata          stm32f1xx_hal_rcc.o
    0x08002d3a   0x08002d3a   0x00000010   Data   RO         3828    .constdata          system_stm32f1xx.o
    0x08002d4a   0x08002d4a   0x00000008   Data   RO         3829    .constdata          system_stm32f1xx.o
    0x08002d52   0x08002d52   0x00000002   PAD
    0x08002d54   0x08002d54   0x00000020   Data   RO         4050    Region$$Table       anon$$obj.o


    Execution Region RW_IRAM1 (Exec base: 0x20000000, Load base: 0x08002d74, Size: 0x000009e8, Max: 0x00005000, ABSOLUTE)

    Exec Addr    Load Addr    Size         Type   Attr      Idx    E Section Name        Object

    0x20000000   0x08002d74   0x00000035   Data   RW          564    .data               w5500_spi.o
    0x20000035   0x08002da9   0x00000003   PAD
    0x20000038   0x08002dac   0x00000034   Data   RW          674    .data               wizchip_conf.o
    0x2000006c   0x08002de0   0x00000034   Data   RW          877    .data               main.o
    0x200000a0   0x08002e14   0x0000000c   Data   RW         1538    .data               stm32f1xx_hal.o
    0x200000ac   0x08002e20   0x00000004   Data   RW         3830    .data               system_stm32f1xx.o
    0x200000b0        -       0x000001ee   Zero   RW          872    .bss                main.o
    0x2000029e   0x08002e24   0x00000002   PAD
    0x200002a0        -       0x000000e4   Zero   RW         3867    .bss                c_w.l(rand.o)
    0x20000384        -       0x00000060   Zero   RW         3979    .bss                c_w.l(libspace.o)
    0x200003e4   0x08002e24   0x00000004   PAD
    0x200003e8        -       0x00000200   Zero   RW            2    HEAP                startup_stm32f103xb.o
    0x200005e8        -       0x00000400   Zero   RW            1    STACK               startup_stm32f103xb.o


==============================================================================

Image component sizes


      Code (inc. data)   RO Data    RW Data    ZI Data      Debug   Object Name

         0          0          0          0          0     432144   data_process.o
      1366         12         80          0          0     439231   lora.o
      1380         98          0         52        494      10697   main.o
         0          0          0          0          0       2866   socket.o
        64         26        236          0       1536        808   startup_stm32f103xb.o
       164         28          0         12          0       5889   stm32f1xx_hal.o
       198         14          0          0          0      28935   stm32f1xx_hal_cortex.o
       530         40          0          0          0       4084   stm32f1xx_hal_gpio.o
       452         52          0          0          0       3042   stm32f1xx_hal_msp.o
      1240         84         18          0          0       5112   stm32f1xx_hal_rcc.o
      1694          4          0          0          0       8729   stm32f1xx_hal_spi.o
       978         26          0          0          0       9745   stm32f1xx_hal_tim.o
       108         12          0          0          0       2401   stm32f1xx_hal_tim_ex.o
       284          6          0          0          0       1928   stm32f1xx_hal_uart.o
        58         12          0          0          0       5603   stm32f1xx_it.o
         2          0         24          4          0       1115   system_stm32f1xx.o
       412         18          0          0          0       3154   w5500.o
       244         80          0         53          0       4198   w5500_spi.o
       476         48          0         52          0      12649   wizchip_conf.o

    ----------------------------------------------------------------------
      9676        560        392        176       2032     982330   Object Totals
         0          0         32          0          0          0   (incl. Generated)
        26          0          2          3          2          0   (incl. Padding)

    ----------------------------------------------------------------------

      Code (inc. data)   RO Data    RW Data    ZI Data      Debug   Library Member Name

         8          0          0          0          0         68   __main.o
         0          0          0          0          0          0   __rtentry.o
        12          0          0          0          0          0   __rtentry2.o
         6          0          0          0          0          0   __rtentry4.o
        52          8          0          0          0          0   __scatter.o
        26          0          0          0          0          0   __scatter_copy.o
        28          0          0          0          0          0   __scatter_zi.o
        18          0          0          0          0         80   exit.o
         6          0          0          0          0        152   heapauxi.o
         0          0          0          0          0          0   indicate_semi.o
         2          0          0          0          0          0   libinit.o
         6          0          0          0          0          0   libinit2.o
         2          0          0          0          0          0   libshutdown.o
         2          0          0          0          0          0   libshutdown2.o
         8          4          0          0         96         68   libspace.o
       112         18          0          0        228        160   rand.o
        78          0          0          0          0         80   rt_memclr_w.o
       100          0          0          0          0         80   rt_memcpy_w.o
         2          0          0          0          0          0   rtexit.o
        10          0          0          0          0          0   rtexit2.o
        12          4          0          0          0         68   sys_exit.o
        74          0          0          0          0         80   sys_stackheap_outer.o
         2          0          0          0          0         68   use_no_semi.o
       688        140          0          0          0        208   ddiv.o
        94          4          0          0          0         92   dfix.o
        46          0          0          0          0         68   dflt_clz.o
       156          4          0          0          0         92   dnaninf.o
        12          0          0          0          0         68   dretinf.o
         0          0          0          0          0          0   usenofp.o

    ----------------------------------------------------------------------
      1568        182          0          0        328       1432   Library Totals
         6          0          0          0          4          0   (incl. Padding)

    ----------------------------------------------------------------------

      Code (inc. data)   RO Data    RW Data    ZI Data      Debug   Library Name

       566         34          0          0        324        904   c_w.l
       996        148          0          0          0        528   fz_ws.l

    ----------------------------------------------------------------------
      1568        182          0          0        328       1432   Library Totals

    ----------------------------------------------------------------------

==============================================================================


      Code (inc. data)   RO Data    RW Data    ZI Data      Debug   

     11244        742        392        176       2360     977206   Grand Totals
     11244        742        392        176       2360     977206   ELF Image Totals
     11244        742        392        176          0          0   ROM Totals

==============================================================================

    Total RO  Size (Code + RO Data)                11636 (  11.36kB)
    Total RW  Size (RW Data + ZI Data)              2536 (   2.48kB)
    Total ROM Size (Code + RO Data + RW Data)      11812 (  11.54kB)

==============================================================================

