Component: ARM Compiler 5.06 update 6 (build 750) Tool: armlink [4d35ed]

==============================================================================

Section Cross References

    startup_stm32f103xb.o(STACK) refers (Special) to heapauxi.o(.text) for __use_two_region_memory
    startup_stm32f103xb.o(HEAP) refers (Special) to heapauxi.o(.text) for __use_two_region_memory
    startup_stm32f103xb.o(RESET) refers (Special) to heapauxi.o(.text) for __use_two_region_memory
    startup_stm32f103xb.o(RESET) refers to startup_stm32f103xb.o(STACK) for __initial_sp
    startup_stm32f103xb.o(RESET) refers to startup_stm32f103xb.o(.text) for Reset_Handler
    startup_stm32f103xb.o(RESET) refers to stm32f1xx_it.o(i.NMI_Handler) for NMI_Handler
    startup_stm32f103xb.o(RESET) refers to stm32f1xx_it.o(i.HardFault_Handler) for HardFault_Handler
    startup_stm32f103xb.o(RESET) refers to stm32f1xx_it.o(i.MemManage_Handler) for MemManage_Handler
    startup_stm32f103xb.o(RESET) refers to stm32f1xx_it.o(i.BusFault_Handler) for BusFault_Handler
    startup_stm32f103xb.o(RESET) refers to stm32f1xx_it.o(i.UsageFault_Handler) for UsageFault_Handler
    startup_stm32f103xb.o(RESET) refers to stm32f1xx_it.o(i.SVC_Handler) for SVC_Handler
    startup_stm32f103xb.o(RESET) refers to stm32f1xx_it.o(i.DebugMon_Handler) for DebugMon_Handler
    startup_stm32f103xb.o(RESET) refers to stm32f1xx_it.o(i.PendSV_Handler) for PendSV_Handler
    startup_stm32f103xb.o(RESET) refers to stm32f1xx_it.o(i.SysTick_Handler) for SysTick_Handler
    startup_stm32f103xb.o(RESET) refers to stm32f1xx_it.o(i.EXTI1_IRQHandler) for EXTI1_IRQHandler
    startup_stm32f103xb.o(RESET) refers to stm32f1xx_it.o(i.TIM1_UP_IRQHandler) for TIM1_UP_IRQHandler
    startup_stm32f103xb.o(RESET) refers to stm32f1xx_it.o(i.TIM2_IRQHandler) for TIM2_IRQHandler
    startup_stm32f103xb.o(.text) refers (Special) to heapauxi.o(.text) for __use_two_region_memory
    startup_stm32f103xb.o(.text) refers to system_stm32f1xx.o(i.SystemInit) for SystemInit
    startup_stm32f103xb.o(.text) refers to __main.o(!!!main) for __main
    startup_stm32f103xb.o(.text) refers to startup_stm32f103xb.o(HEAP) for Heap_Mem
    startup_stm32f103xb.o(.text) refers to startup_stm32f103xb.o(STACK) for Stack_Mem
    data_process.o(i.check_RX) refers to data_process.o(i.Check_CRC8) for Check_CRC8
    data_process.o(i.handle_RX_fromServer) refers to rand.o(.emb_text) for rand
    data_process.o(i.handle_RX_fromServer) refers to data_process.o(i.Check_CRC8) for Check_CRC8
    lora.o(i.FSK_Config) refers to lora.o(i.LoRa_gotoMode) for LoRa_gotoMode
    lora.o(i.FSK_Config) refers to stm32f1xx_hal.o(i.HAL_Delay) for HAL_Delay
    lora.o(i.FSK_Config) refers to lora.o(i.LoRa_read) for LoRa_read
    lora.o(i.FSK_Config) refers to lora.o(i.LoRa_write) for LoRa_write
    lora.o(i.FSK_Config) refers to lora.o(i.LoRa_setFrequency) for LoRa_setFrequency
    lora.o(i.FSK_Config) refers to lora.o(i.LoRa_setPower) for LoRa_setPower
    lora.o(i.FSK_Config) refers to lora.o(i.LoRa_setOCP) for LoRa_setOCP
    lora.o(i.FSK_startReceiving) refers to lora.o(i.LoRa_gotoMode) for LoRa_gotoMode
    lora.o(i.FSK_startTrasmiting) refers to lora.o(i.LoRa_gotoMode) for LoRa_gotoMode
    lora.o(i.FSK_transmit) refers to lora.o(i.LoRa_gotoMode) for LoRa_gotoMode
    lora.o(i.FSK_transmit) refers to lora.o(i.LoRa_read) for LoRa_read
    lora.o(i.FSK_transmit) refers to lora.o(i.LoRa_BurstWrite) for LoRa_BurstWrite
    lora.o(i.FSK_transmit) refers to lora.o(i.LoRa_write) for LoRa_write
    lora.o(i.LoRa_BurstWrite) refers to stm32f1xx_hal_gpio.o(i.HAL_GPIO_WritePin) for HAL_GPIO_WritePin
    lora.o(i.LoRa_BurstWrite) refers to stm32f1xx_hal_spi.o(i.HAL_SPI_Transmit) for HAL_SPI_Transmit
    lora.o(i.LoRa_BurstWrite) refers to stm32f1xx_hal_spi.o(i.HAL_SPI_GetState) for HAL_SPI_GetState
    lora.o(i.LoRa_Config) refers to lora.o(i.LoRa_gotoMode) for LoRa_gotoMode
    lora.o(i.LoRa_Config) refers to stm32f1xx_hal.o(i.HAL_Delay) for HAL_Delay
    lora.o(i.LoRa_Config) refers to lora.o(i.LoRa_read) for LoRa_read
    lora.o(i.LoRa_Config) refers to lora.o(i.LoRa_write) for LoRa_write
    lora.o(i.LoRa_Config) refers to lora.o(i.LoRa_setFrequency) for LoRa_setFrequency
    lora.o(i.LoRa_Config) refers to lora.o(i.LoRa_setPower) for LoRa_setPower
    lora.o(i.LoRa_Config) refers to lora.o(i.LoRa_setOCP) for LoRa_setOCP
    lora.o(i.LoRa_Config) refers to lora.o(i.LoRa_setTOMsb_setCRCon) for LoRa_setTOMsb_setCRCon
    lora.o(i.LoRa_Config) refers to lora.o(i.LoRa_setSpreadingFactor) for LoRa_setSpreadingFactor
    lora.o(i.LoRa_Config) refers to lora.o(i.LoRa_setAutoLDO) for LoRa_setAutoLDO
    lora.o(i.LoRa_getRSSI) refers to lora.o(i.LoRa_read) for LoRa_read
    lora.o(i.LoRa_gotoMode) refers to lora.o(i.LoRa_read) for LoRa_read
    lora.o(i.LoRa_gotoMode) refers to lora.o(i.LoRa_write) for LoRa_write
    lora.o(i.LoRa_read) refers to lora.o(i.LoRa_readReg) for LoRa_readReg
[...]
    ../fplib/dretinf.s                       0x00000000   Number         0  dretinf.o ABSOLUTE
    ../fplib/fpinit.s                        0x00000000   Number         0  fpinit.o ABSOLUTE
    ../fplib/usenofp.s                       0x00000000   Number         0  usenofp.o ABSOLUTE
    ..\Core\Src\LoRa.c                       0x00000000   Number         0  lora.o ABSOLUTE
    ..\Core\Src\data_process.c               0x00000000   Number         0  data_process.o ABSOLUTE
    ..\Core\Src\main.c                       0x00000000   Number         0  main.o ABSOLUTE
    ..\Core\Src\socket.c                     0x00000000   Number         0  socket.o ABSOLUTE
    ..\Core\Src\stm32f1xx_hal_msp.c          0x00000000   Number         0  stm32f1xx_hal_msp.o ABSOLUTE
    ..\Core\Src\stm32f1xx_it.c               0x00000000   Number         0  stm32f1xx_it.o ABSOLUTE
    ..\Core\Src\system_stm32f1xx.c           0x00000000   Number         0  system_stm32f1xx.o ABSOLUTE
    ..\Core\Src\w5500.c                      0x00000000   Number         0  w5500.o ABSOLUTE
    ..\Core\Src\w5500_spi.c                  0x00000000   Number         0  w5500_spi.o ABSOLUTE
    ..\Core\Src\wizchip_conf.c               0x00000000   Number         0  wizchip_conf.o ABSOLUTE
    ..\Drivers\STM32F1xx_HAL_Driver\Src\stm32f1xx_hal.c 0x00000000   Number         0  stm32f1xx_hal.o ABSOLUTE
    ..\Drivers\STM32F1xx_HAL_Driver\Src\stm32f1xx_hal_cortex.c 0x00000000   Number         0  stm32f1xx_hal_cortex.o ABSOLUTE
    ..\Drivers\STM32F1xx_HAL_Driver\Src\stm32f1xx_hal_dma.c 0x00000000   Number         0  stm32f1xx_hal_dma.o ABSOLUTE
    ..\Drivers\STM32F1xx_HAL_Driver\Src\stm32f1xx_hal_exti.c 0x00000000   Number         0  stm32f1xx_hal_exti.o ABSOLUTE
    ..\Drivers\STM32F1xx_HAL_Driver\Src\stm32f1xx_hal_flash.c 0x00000000   Number         0  stm32f1xx_hal_flash.o ABSOLUTE
    ..\Drivers\STM32F1xx_HAL_Driver\Src\stm32f1xx_hal_flash_ex.c 0x00000000   Number         0  stm32f1xx_hal_flash_ex.o ABSOLUTE
    ..\Drivers\STM32F1xx_HAL_Driver\Src\stm32f1xx_hal_gpio.c 0x00000000   Number         0  stm32f1xx_hal_gpio.o ABSOLUTE
    ..\Drivers\STM32F1xx_HAL_Driver\Src\stm32f1xx_hal_gpio_ex.c 0x00000000   Number         0  stm32f1xx_hal_gpio_ex.o ABSOLUTE
    ..\Drivers\STM32F1xx_HAL_Driver\Src\stm32f1xx_hal_pwr.c 0x00000000   Number         0  stm32f1xx_hal_pwr.o ABSOLUTE
    ..\Drivers\STM32F1xx_HAL_Driver\Src\stm32f1xx_hal_rcc.c 0x00000000   Number         0  stm32f1xx_hal_rcc.o ABSOLUTE
    ..\Drivers\STM32F1xx_HAL_Driver\Src\stm32f1xx_hal_rcc_ex.c 0x00000000   Number         0  stm32f1xx_hal_rcc_ex.o ABSOLUTE
    ..\Drivers\STM32F1xx_HAL_Driver\Src\stm32f1xx_hal_spi.c 0x00000000   Number         0  stm32f1xx_hal_spi.o ABSOLUTE
    ..\Drivers\STM32F1xx_HAL_Driver\Src\stm32f1xx_hal_tim.c 0x00000000   Number         0  stm32f1xx_hal_tim.o ABSOLUTE
    ..\Drivers\STM32F1xx_HAL_Driver\Src\stm32f1xx_hal_tim_ex.c 0x00000000   Number         0  stm32f1xx_hal_tim_ex.o ABSOLUTE
    ..\Drivers\STM32F1xx_HAL_Driver\Src\stm32f1xx_hal_uart.c 0x00000000   Number         0  stm32f1xx_hal_uart.o ABSOLUTE
    ..\\Core\\Src\\LoRa.c                    0x00000000   Number         0  lora.o ABSOLUTE
    ..\\Core\\Src\\data_process.c            0x00000000   Number         0  data_process.o ABSOLUTE
    ..\\Core\\Src\\socket.c                  0x00000000   Number         0  socket.o ABSOLUTE
    ..\\Core\\Src\\w5500_spi.c               0x00000000   Number         0  w5500_spi.o ABSOLUTE
    dc.s                                     0x00000000   Number         0  dc.o ABSOLUTE
    startup_stm32f103xb.s                    0x00000000   Number         0  startup_stm32f103xb.o ABSOLUTE
    RESET                                    0x08000000   Section      236  startup_stm32f103xb.o(RESET)
    !!!main                                  0x080000ec   Section        8  __main.o(!!!main)
    !!!scatter                               0x080000f4   Section       52  __scatter.o(!!!scatter)
    !!handler_copy                           0x08000128   Section       26  __scatter_copy.o(!!handler_copy)
    !!handler_zi                             0x08000144   Section       28  __scatter_zi.o(!!handler_zi)
    .ARM.Collect$$libinit$$00000000          0x08000160   Section        2  libinit.o(.ARM.Collect$$libinit$$00000000)
    .ARM.Collect$$libinit$$00000002          0x08000162   Section        0  libinit2.o(.ARM.Collect$$libinit$$00000002)
    .ARM.Collect$$libinit$$00000004          0x08000162   Section        0  libinit2.o(.ARM.Collect$$libinit$$00000004)
    .ARM.Collect$$libinit$$0000000A          0x08000162   Section        0  libinit2.o(.ARM.Collect$$libinit$$0000000A)
    .ARM.Collect$$libinit$$0000000C          0x08000162   Section        0  libinit2.o(.ARM.Collect$$libinit$$0000000C)
    .ARM.Collect$$libinit$$0000000E          0x08000162   Section        0  libinit2.o(.ARM.Collect$$libinit$$0000000E)
    .ARM.Collect$$libinit$$00000011          0x08000162   Section        0  libinit2.o(.ARM.Collect$$libinit$$00000011)
    .ARM.Collect$$libinit$$00000013          0x08000162   Section        0  libinit2.o(.ARM.Collect$$libinit$$00000013)
    .ARM.Collect$$libinit$$00000015          0x08000162   Section        0  libinit2.o(.ARM.Collect$$libinit$$00000015)
    .ARM.Collect$$libinit$$00000017          0x08000162   Section        0  libinit2.o(.ARM.Collect$$libinit$$00000017)
    .ARM.Collect$$libinit$$00000019          0x08000162   Section        0  libinit2.o(.ARM.Collect$$libinit$$00000019)
    .ARM.Collect$$libinit$$0000001B          0x08000162   Section        0  libinit2.o(.ARM.Collect$$libinit$$0000001B)
    .ARM.Collect$$libinit$$0000001D          0x08000162   Section        0  libinit2.o(.ARM.Collect$$libinit$$0000001D)
    .ARM.Collect$$libinit$$0000001F          0x08000162   Section        0  libinit2.o(.ARM.Collect$$libinit$$0000001F)
    .ARM.Collect$$libinit$$00000021          0x08000162   Section        0  libinit2.o(.ARM.Collect$$libinit$$00000021)
    .ARM.Collect$$libinit$$00000023          0x08000162   Section        0  libinit2.o(.ARM.Collect$$libinit$$00000023)
    .ARM.Collect$$libinit$$00000025          0x08000162   Section        0  libinit2.o(.ARM.Collect$$libinit$$00000025)
    .ARM.Collect$$libinit$$0000002C          0x08000162   Section        0  libinit2.o(.ARM.Collect$$libinit$$0000002C)
    .ARM.Collect$$libinit$$0000002E          0x08000162   Section        0  libinit2.o(.ARM.Collect$$libinit$$0000002E)
    .ARM.Collect$$libinit$$00000030          0x08000162   Section        0  libinit2.o(.ARM.Collect$$libinit$$00000030)
    .ARM.Collect$$libinit$$00000032          0x08000162   Section        0  libinit2.o(.ARM.Collect$$libinit$$00000032)
    .ARM.Collect$$libinit$$00000033          0x08000162   Section        2  libinit2.o(.ARM.Collect$$libinit$$00000033)
    .ARM.Collect$$libshutdown$$00000000      0x08000164   Section        2  libshutdown.o(.ARM.Collect$$libshutdown$$00000000)
    .ARM.Collect$$libshutdown$$00000002      0x08000166   Section        0  libshutdown2.o(.ARM.Collect$$libshutdown$$00000002)
    .ARM.Collect$$libshutdown$$00000004      0x08000166   Section        0  libshutdown2.o(.ARM.Collect$$libshutdown$$00000004)
    .ARM.Collect$$libshutdown$$00000007      0x08000166   Section        0  libshutdown2.o(.ARM.Collect$$libshutdown$$00000007)
    .ARM.Collect$$libshutdown$$0000000A      0x08000166   Section        0  libshutdown2.o(.ARM.Collect$$libshutdown$$0000000A)
    .ARM.Collect$$libshutdown$$0000000C      0x08000166   Section        0  libshutdown2.o(.ARM.Collect$$libshutdown$$0000000C)
    .ARM.Collect$$libshutdown$$0000000F      0x08000166   Section        0  libshutdown2.o(.ARM.Collect$$libshutdown$$0000000F)
    .ARM.Collect$$libshutdown$$00000010      0x08000166   Section        2  libshutdown2.o(.ARM.Collect$$libshutdown$$00000010)
    .ARM.Collect$$rtentry$$00000000          0x08000168   Section        0  __rtentry.o(.ARM.Collect$$rtentry$$00000000)
    .ARM.Collect$$rtentry$$00000002          0x08000168   Section        0  __rtentry2.o(.ARM.Collect$$rtentry$$00000002)
    .ARM.Collect$$rtentry$$00000004          0x08000168   Section        6  __rtentry4.o(.ARM.Collect$$rtentry$$00000004)
    .ARM.Collect$$rtentry$$00000009          0x0800016e   Section        0  __rtentry2.o(.ARM.Collect$$rtentry$$00000009)
    .ARM.Collect$$rtentry$$0000000A          0x0800016e   Section        4  __rtentry2.o(.ARM.Collect$$rtentry$$0000000A)
    .ARM.Collect$$rtentry$$0000000C          0x08000172   Section        0  __rtentry2.o(.ARM.Collect$$rtentry$$0000000C)
    .ARM.Collect$$rtentry$$0000000D          0x08000172   Section        8  __rtentry2.o(.ARM.Collect$$rtentry$$0000000D)
    .ARM.Collect$$rtexit$$00000000           0x0800017a   Section        2  rtexit.o(.ARM.Collect$$rtexit$$00000000)
    .ARM.Collect$$rtexit$$00000002           0x0800017c   Section        0  rtexit2.o(.ARM.Collect$$rtexit$$00000002)
    .ARM.Collect$$rtexit$$00000003           0x0800017c   Section        4  rtexit2.o(.ARM.Collect$$rtexit$$00000003)
    .ARM.Collect$$rtexit$$00000004           0x08000180   Section        6  rtexit2.o(.ARM.Collect$$rtexit$$00000004)
    .text                                    0x08000188   Section       64  startup_stm32f103xb.o(.text)
    .text                                    0x080001c8   Section      100  rt_memcpy_w.o(.text)
    .text                                    0x0800022c   Section       78  rt_memclr_w.o(.text)
    .text                                    0x0800027a   Section        0  heapauxi.o(.text)
    .text                                    0x08000280   Section       74  sys_stackheap_outer.o(.text)
    .text                                    0x080002ca   Section        0  exit.o(.text)
    .text                                    0x080002dc   Section        8  libspace.o(.text)
    .text                                    0x080002e4   Section        2  use_no_semi.o(.text)
    .text                                    0x080002e6   Section        0  indicate_semi.o(.text)
    .text                                    0x080002e8   Section        0  sys_exit.o(.text)
    i.BusFault_Handler                       0x080002f4   Section        0  stm32f1xx_it.o(i.BusFault_Handler)
    i.DebugMon_Handler                       0x080002f6   Section        0  stm32f1xx_it.o(i.DebugMon_Handler)
    i.EXTI1_IRQHandler                       0x080002f8   Section        0  stm32f1xx_it.o(i.EXTI1_IRQHandler)
    i.HAL_Delay                              0x08000300   Section        0  stm32f1xx_hal.o(i.HAL_Delay)
    i.HAL_GPIO_EXTI_Callback                 0x08000324   Section        0  main.o(i.HAL_GPIO_EXTI_Callback)
    i.HAL_GPIO_EXTI_IRQHandler               0x08000348   Section        0  stm32f1xx_hal_gpio.o(i.HAL_GPIO_EXTI_IRQHandler)
    i.HAL_GPIO_Init                          0x08000360   Section        0  stm32f1xx_hal_gpio.o(i.HAL_GPIO_Init)
    i.HAL_GPIO_TogglePin                     0x08000540   Section        0  stm32f1xx_hal_gpio.o(i.HAL_GPIO_TogglePin)
    i.HAL_GPIO_WritePin                      0x08000550   Section        0  stm32f1xx_hal_gpio.o(i.HAL_GPIO_WritePin)
    i.HAL_GetTick                            0x0800055c   Section        0  stm32f1xx_hal.o(i.HAL_GetTick)
    i.HAL_IncTick                            0x08000568   Section        0  stm32f1xx_hal.o(i.HAL_IncTick)
    i.HAL_Init                               0x08000578   Section        0  stm32f1xx_hal.o(i.HAL_Init)
    i.HAL_InitTick                           0x0800059c   Section        0  stm32f1xx_hal.o(i.HAL_InitTick)
    i.HAL_MspInit                            0x080005dc   Section        0  stm32f1xx_hal_msp.o(i.HAL_MspInit)
    i.HAL_NVIC_EnableIRQ                     0x08000618   Section        0  stm32f1xx_hal_cortex.o(i.HAL_NVIC_EnableIRQ)
    i.HAL_NVIC_SetPriority                   0x08000634   Section        0  stm32f1xx_hal_cortex.o(i.HAL_NVIC_SetPriority)
    i.HAL_NVIC_SetPriorityGrouping           0x08000674   Section        0  stm32f1xx_hal_cortex.o(i.HAL_NVIC_SetPriorityGrouping)
    i.HAL_RCC_ClockConfig                    0x08000698   Section        0  stm32f1xx_hal_rcc.o(i.HAL_RCC_ClockConfig)
    i.HAL_RCC_GetPCLK1Freq                   0x080007c4   Section        0  stm32f1xx_hal_rcc.o(i.HAL_RCC_GetPCLK1Freq)
    i.HAL_RCC_GetPCLK2Freq                   0x080007e4   Section        0  stm32f1xx_hal_rcc.o(i.HAL_RCC_GetPCLK2Freq)
    i.HAL_RCC_GetSysClockFreq                0x08000804   Section        0  stm32f1xx_hal_rcc.o(i.HAL_RCC_GetSysClockFreq)
    i.HAL_RCC_OscConfig                      0x08000850   Section        0  stm32f1xx_hal_rcc.o(i.HAL_RCC_OscConfig)
    i.HAL_SPI_GetState                       0x08000b70   Section        0  stm32f1xx_hal_spi.o(i.HAL_SPI_GetState)
    i.HAL_SPI_Init                           0x08000b76   Section        0  stm32f1xx_hal_spi.o(i.HAL_SPI_Init)
    i.HAL_SPI_MspInit                        0x08000c28   Section        0  stm32f1xx_hal_msp.o(i.HAL_SPI_MspInit)
    i.HAL_SPI_Receive                        0x08000ce0   Section        0  stm32f1xx_hal_spi.o(i.HAL_SPI_Receive)
    i.HAL_SPI_Transmit                       0x08000e36   Section        0  stm32f1xx_hal_spi.o(i.HAL_SPI_Transmit)
    i.HAL_SPI_TransmitReceive                0x08000fa4   Section        0  stm32f1xx_hal_spi.o(i.HAL_SPI_TransmitReceive)
    i.HAL_SYSTICK_Config                     0x08001192   Section        0  stm32f1xx_hal_cortex.o(i.HAL_SYSTICK_Config)
    i.HAL_TIMEx_BreakCallback                0x080011ba   Section        0  stm32f1xx_hal_tim_ex.o(i.HAL_TIMEx_BreakCallback)
    i.HAL_TIMEx_CommutCallback               0x080011bc   Section        0  stm32f1xx_hal_tim_ex.o(i.HAL_TIMEx_CommutCallback)
    i.HAL_TIMEx_MasterConfigSynchronization  0x080011c0   Section        0  stm32f1xx_hal_tim_ex.o(i.HAL_TIMEx_MasterConfigSynchronization)
    i.HAL_TIM_Base_Init                      0x08001228   Section        0  stm32f1xx_hal_tim.o(i.HAL_TIM_Base_Init)
    i.HAL_TIM_Base_MspInit                   0x08001284   Section        0  stm32f1xx_hal_msp.o(i.HAL_TIM_Base_MspInit)
    i.HAL_TIM_Base_Start_IT                  0x080012e4   Section        0  stm32f1xx_hal_tim.o(i.HAL_TIM_Base_Start_IT)
    i.HAL_TIM_ConfigClockSource              0x0800133c   Section        0  stm32f1xx_hal_tim.o(i.HAL_TIM_ConfigClockSource)
    i.HAL_TIM_IC_CaptureCallback             0x08001418   Section        0  stm32f1xx_hal_tim.o(i.HAL_TIM_IC_CaptureCallback)
    i.HAL_TIM_IRQHandler                     0x0800141a   Section        0  stm32f1xx_hal_tim.o(i.HAL_TIM_IRQHandler)
    i.HAL_TIM_OC_DelayElapsedCallback        0x08001580   Section        0  stm32f1xx_hal_tim.o(i.HAL_TIM_OC_DelayElapsedCallback)
    i.HAL_TIM_PWM_PulseFinishedCallback      0x08001582   Section        0  stm32f1xx_hal_tim.o(i.HAL_TIM_PWM_PulseFinishedCallback)
    i.HAL_TIM_PeriodElapsedCallback          0x08001584   Section        0  main.o(i.HAL_TIM_PeriodElapsedCallback)
    i.HAL_TIM_TriggerCallback                0x0800160c   Section        0  stm32f1xx_hal_tim.o(i.HAL_TIM_TriggerCallback)
    i.HAL_UART_Init                          0x0800160e   Section        0  stm32f1xx_hal_uart.o(i.HAL_UART_Init)
    i.HAL_UART_MspInit                       0x08001674   Section        0  stm32f1xx_hal_msp.o(i.HAL_UART_MspInit)
    i.HardFault_Handler                      0x08001730   Section        0  stm32f1xx_it.o(i.HardFault_Handler)
    i.LoRa_BurstWrite                        0x08001732   Section        0  lora.o(i.LoRa_BurstWrite)
    i.LoRa_Config                            0x08001788   Section        0  lora.o(i.LoRa_Config)
    i.LoRa_gotoMode                          0x0800186c   Section        0  lora.o(i.LoRa_gotoMode)
    i.LoRa_read                              0x080018f2   Section        0  lora.o(i.LoRa_read)
    i.LoRa_readReg                           0x08001910   Section        0  lora.o(i.LoRa_readReg)
    i.LoRa_receive                           0x08001968   Section        0  lora.o(i.LoRa_receive)
    i.LoRa_reset                             0x080019e4   Section        0  lora.o(i.LoRa_reset)
    i.LoRa_setAutoLDO                        0x08001a0c   Section        0  lora.o(i.LoRa_setAutoLDO)
    i.LoRa_setFrequency                      0x08001a58   Section        0  lora.o(i.LoRa_setFrequency)
    i.LoRa_setLowDaraRateOptimization        0x08001a98   Section        0  lora.o(i.LoRa_setLowDaraRateOptimization)
    i.LoRa_setOCP                            0x08001ac2   Section        0  lora.o(i.LoRa_setOCP)
    i.LoRa_setPower                          0x08001b00   Section        0  lora.o(i.LoRa_setPower)
    i.LoRa_setSpreadingFactor                0x08001b14   Section        0  lora.o(i.LoRa_setSpreadingFactor)
    i.LoRa_setTOMsb_setCRCon                 0x08001b54   Section        0  lora.o(i.LoRa_setTOMsb_setCRCon)
    i.LoRa_startReceiving                    0x08001b74   Section        0  lora.o(i.LoRa_startReceiving)
    i.LoRa_transmit                          0x08001b7c   Section        0  lora.o(i.LoRa_transmit)
    i.LoRa_write                             0x08001c04   Section        0  lora.o(i.LoRa_write)
    i.LoRa_writeReg                          0x08001c22   Section        0  lora.o(i.LoRa_writeReg)
    i.Lora_Init                              0x08001c7c   Section        0  lora.o(i.Lora_Init)
    i.MX_GPIO_Init                           0x08001cd0   Section        0  main.o(i.MX_GPIO_Init)
    MX_GPIO_Init                             0x08001cd1   Thumb Code   176  main.o(i.MX_GPIO_Init)
    i.MX_SPI1_Init                           0x08001d90   Section        0  main.o(i.MX_SPI1_Init)
    MX_SPI1_Init                             0x08001d91   Thumb Code    58  main.o(i.MX_SPI1_Init)
    i.MX_SPI2_Init                           0x08001dd4   Section        0  main.o(i.MX_SPI2_Init)
    MX_SPI2_Init                             0x08001dd5   Thumb Code    56  main.o(i.MX_SPI2_Init)
    i.MX_TIM1_Init                           0x08001e14   Section        0  main.o(i.MX_TIM1_Init)
    MX_TIM1_Init                             0x08001e15   Thumb Code    96  main.o(i.MX_TIM1_Init)
    i.MX_TIM2_Init                           0x08001e7c   Section        0  main.o(i.MX_TIM2_Init)
    MX_TIM2_Init                             0x08001e7d   Thumb Code    96  main.o(i.MX_TIM2_Init)
    i.MemManage_Handler                      0x08001ee0   Section        0  stm32f1xx_it.o(i.MemManage_Handler)
    i.NMI_Handler                            0x08001ee2   Section        0  stm32f1xx_it.o(i.NMI_Handler)
    i.PendSV_Handler                         0x08001ee4   Section        0  stm32f1xx_it.o(i.PendSV_Handler)
    i.SPI_EndRxTransaction                   0x08001ee6   Section        0  stm32f1xx_hal_spi.o(i.SPI_EndRxTransaction)
    SPI_EndRxTransaction                     0x08001ee7   Thumb Code    92  stm32f1xx_hal_spi.o(i.SPI_EndRxTransaction)
    i.SPI_EndRxTxTransaction                 0x08001f42   Section        0  stm32f1xx_hal_spi.o(i.SPI_EndRxTxTransaction)
    SPI_EndRxTxTransaction                   0x08001f43   Thumb Code    32  stm32f1xx_hal_spi.o(i.SPI_EndRxTxTransaction)
    i.SPI_WaitFlagStateUntilTimeout          0x08001f64   Section        0  stm32f1xx_hal_spi.o(i.SPI_WaitFlagStateUntilTimeout)
    SPI_WaitFlagStateUntilTimeout            0x08001f65   Thumb Code   180  stm32f1xx_hal_spi.o(i.SPI_WaitFlagStateUntilTimeout)
    i.SVC_Handler                            0x0800201c   Section        0  stm32f1xx_it.o(i.SVC_Handler)
    i.SysTick_Handler                        0x0800201e   Section        0  stm32f1xx_it.o(i.SysTick_Handler)
    i.SystemClock_Config                     0x08002022   Section        0  main.o(i.SystemClock_Config)
    i.SystemInit                             0x08002080   Section        0  system_stm32f1xx.o(i.SystemInit)
    i.TIM1_UP_IRQHandler                     0x08002084   Section        0  stm32f1xx_it.o(i.TIM1_UP_IRQHandler)
    i.TIM2_IRQHandler                        0x08002090   Section        0  stm32f1xx_it.o(i.TIM2_IRQHandler)
    i.TIM_Base_SetConfig                     0x0800209c   Section        0  stm32f1xx_hal_tim.o(i.TIM_Base_SetConfig)
    i.TIM_ETR_SetConfig                      0x08002108   Section        0  stm32f1xx_hal_tim.o(i.TIM_ETR_SetConfig)
    i.TIM_ITRx_SetConfig                     0x0800211c   Section        0  stm32f1xx_hal_tim.o(i.TIM_ITRx_SetConfig)
    TIM_ITRx_SetConfig                       0x0800211d   Thumb Code    16  stm32f1xx_hal_tim.o(i.TIM_ITRx_SetConfig)
    i.TIM_TI1_ConfigInputStage               0x0800212c   Section        0  stm32f1xx_hal_tim.o(i.TIM_TI1_ConfigInputStage)
    TIM_TI1_ConfigInputStage                 0x0800212d   Thumb Code    34  stm32f1xx_hal_tim.o(i.TIM_TI1_ConfigInputStage)
    i.TIM_TI2_ConfigInputStage               0x0800214e   Section        0  stm32f1xx_hal_tim.o(i.TIM_TI2_ConfigInputStage)
    TIM_TI2_ConfigInputStage                 0x0800214f   Thumb Code    36  stm32f1xx_hal_tim.o(i.TIM_TI2_ConfigInputStage)
    i.TimeOut_Init                           0x08002172   Section        0  main.o(i.TimeOut_Init)
    i.UART_SetConfig                         0x0800217c   Section        0  stm32f1xx_hal_uart.o(i.UART_SetConfig)
    UART_SetConfig                           0x0800217d   Thumb Code   178  stm32f1xx_hal_uart.o(i.UART_SetConfig)
    i.UsageFault_Handler                     0x08002234   Section        0  stm32f1xx_it.o(i.UsageFault_Handler)
    i.W5500_Deselect                         0x08002238   Section        0  w5500_spi.o(i.W5500_Deselect)
    i.W5500_ReadBuff                         0x08002248   Section        0  w5500_spi.o(i.W5500_ReadBuff)
    i.W5500_ReadByte                         0x0800225c   Section        0  w5500_spi.o(i.W5500_ReadByte)
    i.W5500_Select                           0x0800226c   Section        0  w5500_spi.o(i.W5500_Select)
    i.W5500_WriteBuff                        0x0800227c   Section        0  w5500_spi.o(i.W5500_WriteBuff)
    i.W5500_WriteByte                        0x08002290   Section        0  w5500_spi.o(i.W5500_WriteByte)
    i.WIZCHIP_READ                           0x0800229c   Section        0  w5500.o(i.WIZCHIP_READ)
    i.WIZCHIP_READ_BUF                       0x080022f4   Section        0  w5500.o(i.WIZCHIP_READ_BUF)
    i.WIZCHIP_WRITE                          0x08002368   Section        0  w5500.o(i.WIZCHIP_WRITE)
    i.WIZCHIP_WRITE_BUF                      0x080023c8   Section        0  w5500.o(i.WIZCHIP_WRITE_BUF)
    i.__NVIC_SetPriority                     0x08002438   Section        0  stm32f1xx_hal_cortex.o(i.__NVIC_SetPriority)
    __NVIC_SetPriority                       0x08002439   Thumb Code    32  stm32f1xx_hal_cortex.o(i.__NVIC_SetPriority)
    i.blinkLedRX                             0x08002458   Section        0  main.o(i.blinkLedRX)
    i.blinkLedTX                             0x08002494   Section        0  main.o(i.blinkLedTX)
    i.checksum                               0x080024d0   Section        0  main.o(i.checksum)
    i.close                                  0x080024ec   Section        0  socket.o(i.close)
    i.ctlsocket                              0x08002560   Section        0  socket.o(i.ctlsocket)
    i.getMicroS                              0x08002618   Section        0  main.o(i.getMicroS)
    i.getSn_RX_RSR                           0x08002630   Section        0  w5500.o(i.getSn_RX_RSR)
    i.getSn_TX_FSR                           0x0800267c   Section        0  w5500.o(i.getSn_TX_FSR)
    i.main                                   0x080026c8   Section        0  main.o(i.main)
    i.my_printf                              0x08002a60   Section        0  main.o(i.my_printf)
    i.recvfrom                               0x08002a64   Section        0  socket.o(i.recvfrom)
    i.reg_wizchip_cs_cbfunc                  0x08002c78   Section        0  wizchip_conf.o(i.reg_wizchip_cs_cbfunc)
    i.reg_wizchip_spi_cbfunc                 0x08002c9c   Section        0  wizchip_conf.o(i.reg_wizchip_spi_cbfunc)
    i.reg_wizchip_spiburst_cbfunc            0x08002cc8   Section        0  wizchip_conf.o(i.reg_wizchip_spiburst_cbfunc)
    i.sendto                                 0x08002cf4   Section        0  socket.o(i.sendto)
    i.socket                                 0x08002e74   Section        0  socket.o(i.socket)
    i.w5500_Init                             0x08002f90   Section        0  w5500_spi.o(i.w5500_Init)
    i.wiz_recv_data                          0x08003024   Section        0  w5500.o(i.wiz_recv_data)
    i.wiz_recv_ignore                        0x08003084   Section        0  w5500.o(i.wiz_recv_ignore)
    i.wiz_send_data                          0x080030c6   Section        0  w5500.o(i.wiz_send_data)
    i.wizchip_bus_readdata                   0x08003126   Section        0  wizchip_conf.o(i.wizchip_bus_readdata)
    i.wizchip_bus_writedata                  0x0800312a   Section        0  wizchip_conf.o(i.wizchip_bus_writedata)
    i.wizchip_cris_enter                     0x0800312e   Section        0  wizchip_conf.o(i.wizchip_cris_enter)
    i.wizchip_cris_exit                      0x08003130   Section        0  wizchip_conf.o(i.wizchip_cris_exit)
    i.wizchip_cs_deselect                    0x08003132   Section        0  wizchip_conf.o(i.wizchip_cs_deselect)
    i.wizchip_cs_select                      0x08003134   Section        0  wizchip_conf.o(i.wizchip_cs_select)
    i.wizchip_init                           0x08003136   Section        0  wizchip_conf.o(i.wizchip_init)
    i.wizchip_setnetinfo                     0x080031b0   Section        0  wizchip_conf.o(i.wizchip_setnetinfo)
    i.wizchip_spi_readburst                  0x08003208   Section        0  wizchip_conf.o(i.wizchip_spi_readburst)
    i.wizchip_spi_readbyte                   0x0800320a   Section        0  wizchip_conf.o(i.wizchip_spi_readbyte)
    i.wizchip_spi_writeburst                 0x0800320e   Section        0  wizchip_conf.o(i.wizchip_spi_writeburst)
    i.wizchip_spi_writebyte                  0x08003210   Section        0  wizchip_conf.o(i.wizchip_spi_writebyte)
    i.wizchip_sw_reset                       0x08003212   Section        0  wizchip_conf.o(i.wizchip_sw_reset)
    x$fpl$ddiv                               0x08003288   Section      688  ddiv.o(x$fpl$ddiv)
    ddiv_entry                               0x0800328f   Thumb Code     0  ddiv.o(x$fpl$ddiv)
    x$fpl$dfix                               0x08003538   Section       94  dfix.o(x$fpl$dfix)
    x$fpl$dflt                               0x08003596   Section       46  dflt_clz.o(x$fpl$dflt)
    x$fpl$dnaninf                            0x080035c4   Section      156  dnaninf.o(x$fpl$dnaninf)
    x$fpl$dretinf                            0x08003660   Section       12  dretinf.o(x$fpl$dretinf)
    x$fpl$usenofp                            0x0800366c   Section        0  usenofp.o(x$fpl$usenofp)
    .constdata                               0x08003670   Section       80  lora.o(.constdata)
    .constdata                               0x080036c0   Section       18  stm32f1xx_hal_rcc.o(.constdata)
    aPredivFactorTable                       0x080036c0   Data           2  stm32f1xx_hal_rcc.o(.constdata)
    aPLLMULFactorTable                       0x080036c2   Data          16  stm32f1xx_hal_rcc.o(.constdata)
    .constdata                               0x080036d2   Section       16  system_stm32f1xx.o(.constdata)
    .constdata                               0x080036e2   Section        8  system_stm32f1xx.o(.constdata)
    .data                                    0x20000000   Section        4  lora.o(.data)
    .data                                    0x20000004   Section       14  socket.o(.data)
    sock_any_port                            0x20000004   Data           2  socket.o(.data)
    sock_io_mode                             0x20000006   Data           2  socket.o(.data)
    sock_is_sending                          0x20000008   Data           2  socket.o(.data)
    .data                                    0x20000012   Section       53  w5500_spi.o(.data)
    .data                                    0x20000048   Section       52  wizchip_conf.o(.data)
    _DHCP_                                   0x20000048   Data           1  wizchip_conf.o(.data)
    _DNS_                                    0x20000049   Data           4  wizchip_conf.o(.data)
    .data                                    0x2000007c   Section       60  main.o(.data)
    .data                                    0x200000b8   Section       12  stm32f1xx_hal.o(.data)
    .data                                    0x200000c4   Section        4  system_stm32f1xx.o(.data)
    .bss                                     0x200000c8   Section       16  socket.o(.bss)
    sock_remained_size                       0x200000c8   Data          16  socket.o(.bss)
    .bss                                     0x200000d8   Section      636  main.o(.bss)
    .bss                                     0x20000354   Section       96  libspace.o(.bss)
    HEAP                                     0x200003b8   Section      512  startup_stm32f103xb.o(HEAP)
    Heap_Mem                                 0x200003b8   Data         512  startup_stm32f103xb.o(HEAP)
    STACK                                    0x200005b8   Section     1024  startup_stm32f103xb.o(STACK)
    Stack_Mem                                0x200005b8   Data        1024  startup_stm32f103xb.o(STACK)
    __initial_sp                             0x200009b8   Data           0  startup_stm32f103xb.o(STACK)

    Global Symbols

    Symbol Name                              Value     Ov Type        Size  Object(Section)

    BuildAttributes$$THM_ISAv4$P$D$K$B$S$PE$A:L22UL41UL21$X:L11$S22US41US21$IEEE1$IW$USESV6$~STKCKD$USESV7$~SHL$OSPACE$ROPI$EBA8$UX$STANDARDLIB$REQ8$PRES8$EABIv2 0x00000000   Number         0  anon$$obj.o ABSOLUTE
    __ARM_use_no_argv                        0x00000000   Number         0  main.o ABSOLUTE
    __ARM_exceptions_init                     - Undefined Weak Reference
    __alloca_initialize                       - Undefined Weak Reference
    __arm_preinit_                            - Undefined Weak Reference
    __cpp_initialize__aeabi_                  - Undefined Weak Reference
    __cxa_finalize                            - Undefined Weak Reference
    __rt_locale                               - Undefined Weak Reference
    __sigvec_lookup                           - Undefined Weak Reference
    _atexit_init                              - Undefined Weak Reference
    _call_atexit_fns                          - Undefined Weak Reference
    _clock_init                               - Undefined Weak Reference
    _fp_trap_init                             - Undefined Weak Reference
    _fp_trap_shutdown                         - Undefined Weak Reference
    _get_lc_collate                           - Undefined Weak Reference
    _get_lc_ctype                             - Undefined Weak Reference
    _get_lc_monetary                          - Undefined Weak Reference
    _get_lc_numeric                           - Undefined Weak Reference
    _get_lc_time                              - Undefined Weak Reference
    _getenv_init                              - Undefined Weak Reference
    _handle_redirection                       - Undefined Weak Reference
    _init_alloc                               - Undefined Weak Reference
    _init_user_alloc                          - Undefined Weak Reference
    _initio                                   - Undefined Weak Reference
    _signal_finish                            - Undefined Weak Reference
    _signal_init                              - Undefined Weak Reference
    _terminate_alloc                          - Undefined Weak Reference
    _terminate_user_alloc                     - Undefined Weak Reference
    _terminateio                              - Undefined Weak Reference
    __Vectors_Size                           0x000000ec   Number         0  startup_stm32f103xb.o ABSOLUTE
    __Vectors                                0x08000000   Data           4  startup_stm32f103xb.o(RESET)
    __Vectors_End                            0x080000ec   Data           0  startup_stm32f103xb.o(RESET)
    __main                                   0x080000ed   Thumb Code     8  __main.o(!!!main)
    __scatterload                            0x080000f5   Thumb Code     0  __scatter.o(!!!scatter)
    __scatterload_rt2                        0x080000f5   Thumb Code    44  __scatter.o(!!!scatter)
    __scatterload_rt2_thumb_only             0x080000f5   Thumb Code     0  __scatter.o(!!!scatter)
    __scatterload_null                       0x08000103   Thumb Code     0  __scatter.o(!!!scatter)
    __scatterload_copy                       0x08000129   Thumb Code    26  __scatter_copy.o(!!handler_copy)
    __scatterload_zeroinit                   0x08000145   Thumb Code    28  __scatter_zi.o(!!handler_zi)
    __rt_lib_init                            0x08000161   Thumb Code     0  libinit.o(.ARM.Collect$$libinit$$00000000)
    __rt_lib_init_alloca_1                   0x08000163   Thumb Code     0  libinit2.o(.ARM.Collect$$libinit$$0000002E)
    __rt_lib_init_argv_1                     0x08000163   Thumb Code     0  libinit2.o(.ARM.Collect$$libinit$$0000002C)
    __rt_lib_init_atexit_1                   0x08000163   Thumb Code     0  libinit2.o(.ARM.Collect$$libinit$$0000001B)
    __rt_lib_init_clock_1                    0x08000163   Thumb Code     0  libinit2.o(.ARM.Collect$$libinit$$00000021)
    __rt_lib_init_cpp_1                      0x08000163   Thumb Code     0  libinit2.o(.ARM.Collect$$libinit$$00000032)
    __rt_lib_init_exceptions_1               0x08000163   Thumb Code     0  libinit2.o(.ARM.Collect$$libinit$$00000030)
    __rt_lib_init_fp_1                       0x08000163   Thumb Code     0  libinit2.o(.ARM.Collect$$libinit$$00000002)
    __rt_lib_init_fp_trap_1                  0x08000163   Thumb Code     0  libinit2.o(.ARM.Collect$$libinit$$0000001F)
    __rt_lib_init_getenv_1                   0x08000163   Thumb Code     0  libinit2.o(.ARM.Collect$$libinit$$00000023)
    __rt_lib_init_heap_1                     0x08000163   Thumb Code     0  libinit2.o(.ARM.Collect$$libinit$$0000000A)
    __rt_lib_init_lc_collate_1               0x08000163   Thumb Code     0  libinit2.o(.ARM.Collect$$libinit$$00000011)
    __rt_lib_init_lc_ctype_1                 0x08000163   Thumb Code     0  libinit2.o(.ARM.Collect$$libinit$$00000013)
    __rt_lib_init_lc_monetary_1              0x08000163   Thumb Code     0  libinit2.o(.ARM.Collect$$libinit$$00000015)
    __rt_lib_init_lc_numeric_1               0x08000163   Thumb Code     0  libinit2.o(.ARM.Collect$$libinit$$00000017)
    __rt_lib_init_lc_time_1                  0x08000163   Thumb Code     0  libinit2.o(.ARM.Collect$$libinit$$00000019)
    __rt_lib_init_preinit_1                  0x08000163   Thumb Code     0  libinit2.o(.ARM.Collect$$libinit$$00000004)
    __rt_lib_init_rand_1                     0x08000163   Thumb Code     0  libinit2.o(.ARM.Collect$$libinit$$0000000E)
    __rt_lib_init_return                     0x08000163   Thumb Code     0  libinit2.o(.ARM.Collect$$libinit$$00000033)
    __rt_lib_init_signal_1                   0x08000163   Thumb Code     0  libinit2.o(.ARM.Collect$$libinit$$0000001D)
    __rt_lib_init_stdio_1                    0x08000163   Thumb Code     0  libinit2.o(.ARM.Collect$$libinit$$00000025)
    __rt_lib_init_user_alloc_1               0x08000163   Thumb Code     0  libinit2.o(.ARM.Collect$$libinit$$0000000C)
    __rt_lib_shutdown                        0x08000165   Thumb Code     0  libshutdown.o(.ARM.Collect$$libshutdown$$00000000)
    __rt_lib_shutdown_cpp_1                  0x08000167   Thumb Code     0  libshutdown2.o(.ARM.Collect$$libshutdown$$00000002)
    __rt_lib_shutdown_fp_trap_1              0x08000167   Thumb Code     0  libshutdown2.o(.ARM.Collect$$libshutdown$$00000007)
    __rt_lib_shutdown_heap_1                 0x08000167   Thumb Code     0  libshutdown2.o(.ARM.Collect$$libshutdown$$0000000F)
    __rt_lib_shutdown_return                 0x08000167   Thumb Code     0  libshutdown2.o(.ARM.Collect$$libshutdown$$00000010)
    __rt_lib_shutdown_signal_1               0x08000167   Thumb Code     0  libshutdown2.o(.ARM.Collect$$libshutdown$$0000000A)
    __rt_lib_shutdown_stdio_1                0x08000167   Thumb Code     0  libshutdown2.o(.ARM.Collect$$libshutdown$$00000004)
    __rt_lib_shutdown_user_alloc_1           0x08000167   Thumb Code     0  libshutdown2.o(.ARM.Collect$$libshutdown$$0000000C)
    __rt_entry                               0x08000169   Thumb Code     0  __rtentry.o(.ARM.Collect$$rtentry$$00000000)
    __rt_entry_presh_1                       0x08000169   Thumb Code     0  __rtentry2.o(.ARM.Collect$$rtentry$$00000002)
    __rt_entry_sh                            0x08000169   Thumb Code     0  __rtentry4.o(.ARM.Collect$$rtentry$$00000004)
    __rt_entry_li                            0x0800016f   Thumb Code     0  __rtentry2.o(.ARM.Collect$$rtentry$$0000000A)
    __rt_entry_postsh_1                      0x0800016f   Thumb Code     0  __rtentry2.o(.ARM.Collect$$rtentry$$00000009)
    __rt_entry_main                          0x08000173   Thumb Code     0  __rtentry2.o(.ARM.Collect$$rtentry$$0000000D)
    __rt_entry_postli_1                      0x08000173   Thumb Code     0  __rtentry2.o(.ARM.Collect$$rtentry$$0000000C)
    __rt_exit                                0x0800017b   Thumb Code     0  rtexit.o(.ARM.Collect$$rtexit$$00000000)
    __rt_exit_ls                             0x0800017d   Thumb Code     0  rtexit2.o(.ARM.Collect$$rtexit$$00000003)
    __rt_exit_prels_1                        0x0800017d   Thumb Code     0  rtexit2.o(.ARM.Collect$$rtexit$$00000002)
    __rt_exit_exit                           0x08000181   Thumb Code     0  rtexit2.o(.ARM.Collect$$rtexit$$00000004)
    Reset_Handler                            0x08000189   Thumb Code     8  startup_stm32f103xb.o(.text)
    ADC1_2_IRQHandler                        0x080001a3   Thumb Code     0  startup_stm32f103xb.o(.text)
    CAN1_RX1_IRQHandler                      0x080001a3   Thumb Code     0  startup_stm32f103xb.o(.text)
    CAN1_SCE_IRQHandler                      0x080001a3   Thumb Code     0  startup_stm32f103xb.o(.text)
    DMA1_Channel1_IRQHandler                 0x080001a3   Thumb Code     0  startup_stm32f103xb.o(.text)
    DMA1_Channel2_IRQHandler                 0x080001a3   Thumb Code     0  startup_stm32f103xb.o(.text)
    DMA1_Channel3_IRQHandler                 0x080001a3   Thumb Code     0  startup_stm32f103xb.o(.text)
    DMA1_Channel4_IRQHandler                 0x080001a3   Thumb Code     0  startup_stm32f103xb.o(.text)
    DMA1_Channel5_IRQHandler                 0x080001a3   Thumb Code     0  startup_stm32f103xb.o(.text)
    DMA1_Channel6_IRQHandler                 0x080001a3   Thumb Code     0  startup_stm32f103xb.o(.text)
    DMA1_Channel7_IRQHandler                 0x080001a3   Thumb Code     0  startup_stm32f103xb.o(.text)
    EXTI0_IRQHandler                         0x080001a3   Thumb Code     0  startup_stm32f103xb.o(.text)
    EXTI15_10_IRQHandler                     0x080001a3   Thumb Code     0  startup_stm32f103xb.o(.text)
    EXTI2_IRQHandler                         0x080001a3   Thumb Code     0  startup_stm32f103xb.o(.text)
    EXTI3_IRQHandler                         0x080001a3   Thumb Code     0  startup_stm32f103xb.o(.text)
    EXTI4_IRQHandler                         0x080001a3   Thumb Code     0  startup_stm32f103xb.o(.text)
    EXTI9_5_IRQHandler                       0x080001a3   Thumb Code     0  startup_stm32f103xb.o(.text)
    FLASH_IRQHandler                         0x080001a3   Thumb Code     0  startup_stm32f103xb.o(.text)
    I2C1_ER_IRQHandler                       0x080001a3   Thumb Code     0  startup_stm32f103xb.o(.text)
    I2C1_EV_IRQHandler                       0x080001a3   Thumb Code     0  startup_stm32f103xb.o(.text)
    I2C2_ER_IRQHandler                       0x080001a3   Thumb Code     0  startup_stm32f103xb.o(.text)
    I2C2_EV_IRQHandler                       0x080001a3   Thumb Code     0  startup_stm32f103xb.o(.text)
    PVD_IRQHandler                           0x080001a3   Thumb Code     0  startup_stm32f103xb.o(.text)
    RCC_IRQHandler                           0x080001a3   Thumb Code     0  startup_stm32f103xb.o(.text)
    RTC_Alarm_IRQHandler                     0x080001a3   Thumb Code     0  startup_stm32f103xb.o(.text)
    RTC_IRQHandler                           0x080001a3   Thumb Code     0  startup_stm32f103xb.o(.text)
    SPI1_IRQHandler                          0x080001a3   Thumb Code     0  startup_stm32f103xb.o(.text)
    SPI2_IRQHandler                          0x080001a3   Thumb Code     0  startup_stm32f103xb.o(.text)
    TAMPER_IRQHandler                        0x080001a3   Thumb Code     0  startup_stm32f103xb.o(.text)
    TIM1_BRK_IRQHandler                      0x080001a3   Thumb Code     0  startup_stm32f103xb.o(.text)
    TIM1_CC_IRQHandler                       0x080001a3   Thumb Code     0  startup_stm32f103xb.o(.text)
    TIM1_TRG_COM_IRQHandler                  0x080001a3   Thumb Code     0  startup_stm32f103xb.o(.text)
    TIM3_IRQHandler                          0x080001a3   Thumb Code     0  startup_stm32f103xb.o(.text)
    TIM4_IRQHandler                          0x080001a3   Thumb Code     0  startup_stm32f103xb.o(.text)
    USART1_IRQHandler                        0x080001a3   Thumb Code     0  startup_stm32f103xb.o(.text)
    USART2_IRQHandler                        0x080001a3   Thumb Code     0  startup_stm32f103xb.o(.text)
    USART3_IRQHandler                        0x080001a3   Thumb Code     0  startup_stm32f103xb.o(.text)
    USBWakeUp_IRQHandler                     0x080001a3   Thumb Code     0  startup_stm32f103xb.o(.text)
    USB_HP_CAN1_TX_IRQHandler                0x080001a3   Thumb Code     0  startup_stm32f103xb.o(.text)
    USB_LP_CAN1_RX0_IRQHandler               0x080001a3   Thumb Code     0  startup_stm32f103xb.o(.text)
    WWDG_IRQHandler                          0x080001a3   Thumb Code     0  startup_stm32f103xb.o(.text)
    __user_initial_stackheap                 0x080001a5   Thumb Code     0  startup_stm32f103xb.o(.text)
    __aeabi_memcpy4                          0x080001c9   Thumb Code     0  rt_memcpy_w.o(.text)
    __aeabi_memcpy8                          0x080001c9   Thumb Code     0  rt_memcpy_w.o(.text)
    __rt_memcpy_w                            0x080001c9   Thumb Code   100  rt_memcpy_w.o(.text)
    _memcpy_lastbytes_aligned                0x08000211   Thumb Code     0  rt_memcpy_w.o(.text)
    __aeabi_memclr4                          0x0800022d   Thumb Code     0  rt_memclr_w.o(.text)
    __aeabi_memclr8                          0x0800022d   Thumb Code     0  rt_memclr_w.o(.text)
    __rt_memclr_w                            0x0800022d   Thumb Code    78  rt_memclr_w.o(.text)
    _memset_w                                0x08000231   Thumb Code     0  rt_memclr_w.o(.text)
    __use_two_region_memory                  0x0800027b   Thumb Code     2  heapauxi.o(.text)
    __rt_heap_escrow$2region                 0x0800027d   Thumb Code     2  heapauxi.o(.text)
    __rt_heap_expand$2region                 0x0800027f   Thumb Code     2  heapauxi.o(.text)
    __user_setup_stackheap                   0x08000281   Thumb Code    74  sys_stackheap_outer.o(.text)
    exit                                     0x080002cb   Thumb Code    18  exit.o(.text)
    __user_libspace                          0x080002dd   Thumb Code     8  libspace.o(.text)
    __user_perproc_libspace                  0x080002dd   Thumb Code     0  libspace.o(.text)
    __user_perthread_libspace                0x080002dd   Thumb Code     0  libspace.o(.text)
    __I$use$semihosting                      0x080002e5   Thumb Code     0  use_no_semi.o(.text)
    __use_no_semihosting_swi                 0x080002e5   Thumb Code     2  use_no_semi.o(.text)
    __semihosting_library_function           0x080002e7   Thumb Code     0  indicate_semi.o(.text)
    _sys_exit                                0x080002e9   Thumb Code     8  sys_exit.o(.text)
    BusFault_Handler                         0x080002f5   Thumb Code     2  stm32f1xx_it.o(i.BusFault_Handler)
    DebugMon_Handler                         0x080002f7   Thumb Code     2  stm32f1xx_it.o(i.DebugMon_Handler)
    EXTI1_IRQHandler                         0x080002f9   Thumb Code     6  stm32f1xx_it.o(i.EXTI1_IRQHandler)
    HAL_Delay                                0x08000301   Thumb Code    32  stm32f1xx_hal.o(i.HAL_Delay)
    HAL_GPIO_EXTI_Callback                   0x08000325   Thumb Code    26  main.o(i.HAL_GPIO_EXTI_Callback)
    HAL_GPIO_EXTI_IRQHandler                 0x08000349   Thumb Code    18  stm32f1xx_hal_gpio.o(i.HAL_GPIO_EXTI_IRQHandler)
    HAL_GPIO_Init                            0x08000361   Thumb Code   446  stm32f1xx_hal_gpio.o(i.HAL_GPIO_Init)
    HAL_GPIO_TogglePin                       0x08000541   Thumb Code    16  stm32f1xx_hal_gpio.o(i.HAL_GPIO_TogglePin)
    HAL_GPIO_WritePin                        0x08000551   Thumb Code    10  stm32f1xx_hal_gpio.o(i.HAL_GPIO_WritePin)
    HAL_GetTick                              0x0800055d   Thumb Code     6  stm32f1xx_hal.o(i.HAL_GetTick)
    HAL_IncTick                              0x08000569   Thumb Code    12  stm32f1xx_hal.o(i.HAL_IncTick)
    HAL_Init                                 0x08000579   Thumb Code    32  stm32f1xx_hal.o(i.HAL_Init)
    HAL_InitTick                             0x0800059d   Thumb Code    54  stm32f1xx_hal.o(i.HAL_InitTick)
    HAL_MspInit                              0x080005dd   Thumb Code    52  stm32f1xx_hal_msp.o(i.HAL_MspInit)
    HAL_NVIC_EnableIRQ                       0x08000619   Thumb Code    26  stm32f1xx_hal_cortex.o(i.HAL_NVIC_EnableIRQ)
    HAL_NVIC_SetPriority                     0x08000635   Thumb Code    60  stm32f1xx_hal_cortex.o(i.HAL_NVIC_SetPriority)
    HAL_NVIC_SetPriorityGrouping             0x08000675   Thumb Code    26  stm32f1xx_hal_cortex.o(i.HAL_NVIC_SetPriorityGrouping)
    HAL_RCC_ClockConfig                      0x08000699   Thumb Code   280  stm32f1xx_hal_rcc.o(i.HAL_RCC_ClockConfig)
    HAL_RCC_GetPCLK1Freq                     0x080007c5   Thumb Code    20  stm32f1xx_hal_rcc.o(i.HAL_RCC_GetPCLK1Freq)
    HAL_RCC_GetPCLK2Freq                     0x080007e5   Thumb Code    20  stm32f1xx_hal_rcc.o(i.HAL_RCC_GetPCLK2Freq)
    HAL_RCC_GetSysClockFreq                  0x08000805   Thumb Code    58  stm32f1xx_hal_rcc.o(i.HAL_RCC_GetSysClockFreq)
    HAL_RCC_OscConfig                        0x08000851   Thumb Code   778  stm32f1xx_hal_rcc.o(i.HAL_RCC_OscConfig)
    HAL_SPI_GetState                         0x08000b71   Thumb Code     6  stm32f1xx_hal_spi.o(i.HAL_SPI_GetState)
    HAL_SPI_Init                             0x08000b77   Thumb Code   178  stm32f1xx_hal_spi.o(i.HAL_SPI_Init)
    HAL_SPI_MspInit                          0x08000c29   Thumb Code   162  stm32f1xx_hal_msp.o(i.HAL_SPI_MspInit)
    HAL_SPI_Receive                          0x08000ce1   Thumb Code   342  stm32f1xx_hal_spi.o(i.HAL_SPI_Receive)
    HAL_SPI_Transmit                         0x08000e37   Thumb Code   366  stm32f1xx_hal_spi.o(i.HAL_SPI_Transmit)
    HAL_SPI_TransmitReceive                  0x08000fa5   Thumb Code   494  stm32f1xx_hal_spi.o(i.HAL_SPI_TransmitReceive)
    HAL_SYSTICK_Config                       0x08001193   Thumb Code    40  stm32f1xx_hal_cortex.o(i.HAL_SYSTICK_Config)
    HAL_TIMEx_BreakCallback                  0x080011bb   Thumb Code     2  stm32f1xx_hal_tim_ex.o(i.HAL_TIMEx_BreakCallback)
    HAL_TIMEx_CommutCallback                 0x080011bd   Thumb Code     2  stm32f1xx_hal_tim_ex.o(i.HAL_TIMEx_CommutCallback)
    HAL_TIMEx_MasterConfigSynchronization    0x080011c1   Thumb Code    92  stm32f1xx_hal_tim_ex.o(i.HAL_TIMEx_MasterConfigSynchronization)
    HAL_TIM_Base_Init                        0x08001229   Thumb Code    90  stm32f1xx_hal_tim.o(i.HAL_TIM_Base_Init)
    HAL_TIM_Base_MspInit                     0x08001285   Thumb Code    86  stm32f1xx_hal_msp.o(i.HAL_TIM_Base_MspInit)
    HAL_TIM_Base_Start_IT                    0x080012e5   Thumb Code    76  stm32f1xx_hal_tim.o(i.HAL_TIM_Base_Start_IT)
    HAL_TIM_ConfigClockSource                0x0800133d   Thumb Code   220  stm32f1xx_hal_tim.o(i.HAL_TIM_ConfigClockSource)
    HAL_TIM_IC_CaptureCallback               0x08001419   Thumb Code     2  stm32f1xx_hal_tim.o(i.HAL_TIM_IC_CaptureCallback)
    HAL_TIM_IRQHandler                       0x0800141b   Thumb Code   358  stm32f1xx_hal_tim.o(i.HAL_TIM_IRQHandler)
    HAL_TIM_OC_DelayElapsedCallback          0x08001581   Thumb Code     2  stm32f1xx_hal_tim.o(i.HAL_TIM_OC_DelayElapsedCallback)
    HAL_TIM_PWM_PulseFinishedCallback        0x08001583   Thumb Code     2  stm32f1xx_hal_tim.o(i.HAL_TIM_PWM_PulseFinishedCallback)
    HAL_TIM_PeriodElapsedCallback            0x08001585   Thumb Code   128  main.o(i.HAL_TIM_PeriodElapsedCallback)
    HAL_TIM_TriggerCallback                  0x0800160d   Thumb Code     2  stm32f1xx_hal_tim.o(i.HAL_TIM_TriggerCallback)
    HAL_UART_Init                            0x0800160f   Thumb Code   100  stm32f1xx_hal_uart.o(i.HAL_UART_Init)
    HAL_UART_MspInit                         0x08001675   Thumb Code   166  stm32f1xx_hal_msp.o(i.HAL_UART_MspInit)
    HardFault_Handler                        0x08001731   Thumb Code     2  stm32f1xx_it.o(i.HardFault_Handler)
    LoRa_BurstWrite                          0x08001733   Thumb Code    86  lora.o(i.LoRa_BurstWrite)
    LoRa_Config                              0x08001789   Thumb Code   228  lora.o(i.LoRa_Config)
    LoRa_gotoMode                            0x0800186d   Thumb Code   134  lora.o(i.LoRa_gotoMode)
    LoRa_read                                0x080018f3   Thumb Code    30  lora.o(i.LoRa_read)
    LoRa_readReg                             0x08001911   Thumb Code    88  lora.o(i.LoRa_readReg)
    LoRa_receive                             0x08001969   Thumb Code   124  lora.o(i.LoRa_receive)
    LoRa_reset                               0x080019e5   Thumb Code    40  lora.o(i.LoRa_reset)
    LoRa_setAutoLDO                          0x08001a0d   Thumb Code    70  lora.o(i.LoRa_setAutoLDO)
    LoRa_setFrequency                        0x08001a59   Thumb Code    64  lora.o(i.LoRa_setFrequency)
    LoRa_setLowDaraRateOptimization          0x08001a99   Thumb Code    42  lora.o(i.LoRa_setLowDaraRateOptimization)
    LoRa_setOCP                              0x08001ac3   Thumb Code    62  lora.o(i.LoRa_setOCP)
    LoRa_setPower                            0x08001b01   Thumb Code    20  lora.o(i.LoRa_setPower)
    LoRa_setSpreadingFactor                  0x08001b15   Thumb Code    64  lora.o(i.LoRa_setSpreadingFactor)
    LoRa_setTOMsb_setCRCon                   0x08001b55   Thumb Code    32  lora.o(i.LoRa_setTOMsb_setCRCon)
    LoRa_startReceiving                      0x08001b75   Thumb Code     6  lora.o(i.LoRa_startReceiving)
    LoRa_transmit                            0x08001b7d   Thumb Code   132  lora.o(i.LoRa_transmit)
    LoRa_write                               0x08001c05   Thumb Code    30  lora.o(i.LoRa_write)
    LoRa_writeReg                            0x08001c23   Thumb Code    88  lora.o(i.LoRa_writeReg)
    Lora_Init                                0x08001c7d   Thumb Code    76  lora.o(i.Lora_Init)
    MemManage_Handler                        0x08001ee1   Thumb Code     2  stm32f1xx_it.o(i.MemManage_Handler)
    NMI_Handler                              0x08001ee3   Thumb Code     2  stm32f1xx_it.o(i.NMI_Handler)
    PendSV_Handler                           0x08001ee5   Thumb Code     2  stm32f1xx_it.o(i.PendSV_Handler)
    SVC_Handler                              0x0800201d   Thumb Code     2  stm32f1xx_it.o(i.SVC_Handler)
    SysTick_Handler                          0x0800201f   Thumb Code     4  stm32f1xx_it.o(i.SysTick_Handler)
    SystemClock_Config                       0x08002023   Thumb Code    94  main.o(i.SystemClock_Config)
    SystemInit                               0x08002081   Thumb Code     2  system_stm32f1xx.o(i.SystemInit)
    TIM1_UP_IRQHandler                       0x08002085   Thumb Code     6  stm32f1xx_it.o(i.TIM1_UP_IRQHandler)
    TIM2_IRQHandler                          0x08002091   Thumb Code     6  stm32f1xx_it.o(i.TIM2_IRQHandler)
    TIM_Base_SetConfig                       0x0800209d   Thumb Code    94  stm32f1xx_hal_tim.o(i.TIM_Base_SetConfig)
    TIM_ETR_SetConfig                        0x08002109   Thumb Code    20  stm32f1xx_hal_tim.o(i.TIM_ETR_SetConfig)
    TimeOut_Init                             0x08002173   Thumb Code    10  main.o(i.TimeOut_Init)
    UsageFault_Handler                       0x08002235   Thumb Code     2  stm32f1xx_it.o(i.UsageFault_Handler)
    W5500_Deselect                           0x08002239   Thumb Code    10  w5500_spi.o(i.W5500_Deselect)
    W5500_ReadBuff                           0x08002249   Thumb Code    14  w5500_spi.o(i.W5500_ReadBuff)
    W5500_ReadByte                           0x0800225d   Thumb Code    16  w5500_spi.o(i.W5500_ReadByte)
    W5500_Select                             0x0800226d   Thumb Code    12  w5500_spi.o(i.W5500_Select)
    W5500_WriteBuff                          0x0800227d   Thumb Code    14  w5500_spi.o(i.W5500_WriteBuff)
    W5500_WriteByte                          0x08002291   Thumb Code    12  w5500_spi.o(i.W5500_WriteByte)
    WIZCHIP_READ                             0x0800229d   Thumb Code    84  w5500.o(i.WIZCHIP_READ)
    WIZCHIP_READ_BUF                         0x080022f5   Thumb Code   112  w5500.o(i.WIZCHIP_READ_BUF)
    WIZCHIP_WRITE                            0x08002369   Thumb Code    90  w5500.o(i.WIZCHIP_WRITE)
    WIZCHIP_WRITE_BUF                        0x080023c9   Thumb Code   108  w5500.o(i.WIZCHIP_WRITE_BUF)
    blinkLedRX                               0x08002459   Thumb Code    52  main.o(i.blinkLedRX)
    blinkLedTX                               0x08002495   Thumb Code    52  main.o(i.blinkLedTX)
    checksum                                 0x080024d1   Thumb Code    28  main.o(i.checksum)
    close                                    0x080024ed   Thumb Code   108  socket.o(i.close)
    ctlsocket                                0x08002561   Thumb Code   180  socket.o(i.ctlsocket)
    getMicroS                                0x08002619   Thumb Code    16  main.o(i.getMicroS)
    getSn_RX_RSR                             0x08002631   Thumb Code    76  w5500.o(i.getSn_RX_RSR)
    getSn_TX_FSR                             0x0800267d   Thumb Code    76  w5500.o(i.getSn_TX_FSR)
    main                                     0x080026c9   Thumb Code   864  main.o(i.main)
    my_printf                                0x08002a61   Thumb Code     2  main.o(i.my_printf)
    recvfrom                                 0x08002a65   Thumb Code   524  socket.o(i.recvfrom)
    reg_wizchip_cs_cbfunc                    0x08002c79   Thumb Code    22  wizchip_conf.o(i.reg_wizchip_cs_cbfunc)
    reg_wizchip_spi_cbfunc                   0x08002c9d   Thumb Code    30  wizchip_conf.o(i.reg_wizchip_spi_cbfunc)
    reg_wizchip_spiburst_cbfunc              0x08002cc9   Thumb Code    30  wizchip_conf.o(i.reg_wizchip_spiburst_cbfunc)
    sendto                                   0x08002cf5   Thumb Code   378  socket.o(i.sendto)
    socket                                   0x08002e75   Thumb Code   276  socket.o(i.socket)
    w5500_Init                               0x08002f91   Thumb Code    92  w5500_spi.o(i.w5500_Init)
    wiz_recv_data                            0x08003025   Thumb Code    96  w5500.o(i.wiz_recv_data)
    wiz_recv_ignore                          0x08003085   Thumb Code    66  w5500.o(i.wiz_recv_ignore)
    wiz_send_data                            0x080030c7   Thumb Code    96  w5500.o(i.wiz_send_data)
    wizchip_bus_readdata                     0x08003127   Thumb Code     4  wizchip_conf.o(i.wizchip_bus_readdata)
    wizchip_bus_writedata                    0x0800312b   Thumb Code     4  wizchip_conf.o(i.wizchip_bus_writedata)
    wizchip_cris_enter                       0x0800312f   Thumb Code     2  wizchip_conf.o(i.wizchip_cris_enter)
    wizchip_cris_exit                        0x08003131   Thumb Code     2  wizchip_conf.o(i.wizchip_cris_exit)
    wizchip_cs_deselect                      0x08003133   Thumb Code     2  wizchip_conf.o(i.wizchip_cs_deselect)
    wizchip_cs_select                        0x08003135   Thumb Code     2  wizchip_conf.o(i.wizchip_cs_select)
    wizchip_init                             0x08003137   Thumb Code   122  wizchip_conf.o(i.wizchip_init)
    wizchip_setnetinfo                       0x080031b1   Thumb Code    82  wizchip_conf.o(i.wizchip_setnetinfo)
    wizchip_spi_readburst                    0x08003209   Thumb Code     2  wizchip_conf.o(i.wizchip_spi_readburst)
    wizchip_spi_readbyte                     0x0800320b   Thumb Code     4  wizchip_conf.o(i.wizchip_spi_readbyte)
    wizchip_spi_writeburst                   0x0800320f   Thumb Code     2  wizchip_conf.o(i.wizchip_spi_writeburst)
    wizchip_spi_writebyte                    0x08003211   Thumb Code     2  wizchip_conf.o(i.wizchip_spi_writebyte)
    wizchip_sw_reset                         0x08003213   Thumb Code   116  wizchip_conf.o(i.wizchip_sw_reset)
    __aeabi_ddiv                             0x08003289   Thumb Code     0  ddiv.o(x$fpl$ddiv)
    _ddiv                                    0x08003289   Thumb Code   552  ddiv.o(x$fpl$ddiv)
    __aeabi_d2iz                             0x08003539   Thumb Code     0  dfix.o(x$fpl$dfix)
    _dfix                                    0x08003539   Thumb Code    94  dfix.o(x$fpl$dfix)
    __aeabi_i2d                              0x08003597   Thumb Code     0  dflt_clz.o(x$fpl$dflt)
    _dflt                                    0x08003597   Thumb Code    46  dflt_clz.o(x$fpl$dflt)
    __fpl_dnaninf                            0x080035c5   Thumb Code   156  dnaninf.o(x$fpl$dnaninf)
    __fpl_dretinf                            0x08003661   Thumb Code    12  dretinf.o(x$fpl$dretinf)
    __I$use$fp                               0x0800366c   Number         0  usenofp.o(x$fpl$usenofp)
    AHBPrescTable                            0x080036d2   Data          16  system_stm32f1xx.o(.constdata)
    APBPrescTable                            0x080036e2   Data           8  system_stm32f1xx.o(.constdata)
    Region$$Table$$Base                      0x080036ec   Number         0  anon$$obj.o(Region$$Table)
    Region$$Table$$Limit                     0x0800370c   Number         0  anon$$obj.o(Region$$Table)
    cnt_lora                                 0x20000000   Data           4  lora.o(.data)
    sock_pack_info                           0x2000000a   Data           8  socket.o(.data)
    destination_port                         0x20000012   Data           2  w5500_spi.o(.data)
    destination_ip                           0x20000014   Data           4  w5500_spi.o(.data)
    rx_tx_buff_sizes                         0x20000018   Data           8  w5500_spi.o(.data)
    gwIZNETINFO                              0x20000020   Data          23  w5500_spi.o(.data)
    memsize                                  0x20000037   Data          16  w5500_spi.o(.data)
    WIZCHIP                                  0x20000050   Data          44  wizchip_conf.o(.data)
    enable_rx                                0x2000007c   Data           1  main.o(.data)
    flag_rx                                  0x2000007d   Data           1  main.o(.data)
    trans_mess                               0x2000007e   Data           1  main.o(.data)
    check_rx_lora                            0x2000007f   Data           1  main.o(.data)
    check_tx_lora                            0x20000080   Data           1  main.o(.data)
    num_config_lora                          0x20000081   Data           1  main.o(.data)
    flag_led_tx                              0x20000082   Data           1  main.o(.data)
    flag_led_rx                              0x20000083   Data           1  main.o(.data)
    flag_debug_rx                            0x20000084   Data           1  main.o(.data)
    hour                                     0x20000085   Data           1  main.o(.data)
    minute                                   0x20000086   Data           1  main.o(.data)
    flag_debug                               0x20000087   Data           1  main.o(.data)
    des_port                                 0x20000088   Data           2  main.o(.data)
    vToggle                                  0x2000008a   Data           2  main.o(.data)
    flag_led                                 0x2000008c   Data           2  main.o(.data)
    flag_autosend                            0x2000008e   Data           2  main.o(.data)
    result_config_TX                         0x20000090   Data           2  main.o(.data)
    result_config_RX                         0x20000092   Data           2  main.o(.data)
    cnt_led_tx                               0x20000094   Data           2  main.o(.data)
    cnt_led_rx                               0x20000096   Data           2  main.o(.data)
    cnt_flag_s                               0x20000098   Data           2  main.o(.data)
    cnt_flag_debug                           0x2000009a   Data           2  main.o(.data)
    des_ip                                   0x2000009c   Data           4  main.o(.data)
    time_tick                                0x200000a0   Data           4  main.o(.data)
    tick_whileTrue                           0x200000a4   Data           4  main.o(.data)
    num_RX_irq_LoRa                          0x200000a8   Data           4  main.o(.data)
    danhan                                   0x200000ac   Data           4  main.o(.data)
    dagui                                    0x200000b0   Data           4  main.o(.data)
    miss_mess                                0x200000b4   Data           4  main.o(.data)
    uwTickFreq                               0x200000b8   Data           1  stm32f1xx_hal.o(.data)
    uwTickPrio                               0x200000bc   Data           4  stm32f1xx_hal.o(.data)
    uwTick                                   0x200000c0   Data           4  stm32f1xx_hal.o(.data)
    SystemCoreClock                          0x200000c4   Data           4  system_stm32f1xx.o(.data)
    hspi1                                    0x200000d8   Data          88  main.o(.bss)
    hspi2                                    0x20000130   Data          88  main.o(.bss)
    htim1                                    0x20000188   Data          72  main.o(.bss)
    htim2                                    0x200001d0   Data          72  main.o(.bss)
    huart1                                   0x20000218   Data          72  main.o(.bss)
    huart3                                   0x20000260   Data          72  main.o(.bss)
    TX_toPC                                  0x200002a8   Data          12  main.o(.bss)
    RX_fromPC                                0x200002b4   Data          12  main.o(.bss)
    LoRa_TX                                  0x200002c0   Data          44  main.o(.bss)
    LoRa_RX                                  0x200002ec   Data          44  main.o(.bss)
    TX_toRobot                               0x20000318   Data          12  main.o(.bss)
    RX_fromRobot                             0x20000324   Data          12  main.o(.bss)
    vTimeTransfer                            0x20000330   Data          12  main.o(.bss)
    vTimeTx                                  0x2000033c   Data          12  main.o(.bss)
    data_debug                               0x20000348   Data          12  main.o(.bss)
    __libspace_start                         0x20000354   Data          96  libspace.o(.bss)
    __temporary_stack_top$libspace           0x200003b4   Data           0  libspace.o(.bss)



==============================================================================

Memory Map of the image

  Image Entry point : 0x080000ed

  Load Region LR_IROM1 (Base: 0x08000000, Size: 0x000037d4, Max: 0x00010000, ABSOLUTE)

    Execution Region ER_IROM1 (Exec base: 0x08000000, Load base: 0x08000000, Size: 0x0000370c, Max: 0x00010000, ABSOLUTE)

    Exec Addr    Load Addr    Size         Type   Attr      Idx    E Section Name        Object

    0x08000000   0x08000000   0x000000ec   Data   RO            3    RESET               startup_stm32f103xb.o
    0x080000ec   0x080000ec   0x00000008   Code   RO         3900  * !!!main             c_w.l(__main.o)
    0x080000f4   0x080000f4   0x00000034   Code   RO         4076    !!!scatter          c_w.l(__scatter.o)
    0x08000128   0x08000128   0x0000001a   Code   RO         4078    !!handler_copy      c_w.l(__scatter_copy.o)
    0x08000142   0x08000142   0x00000002   PAD
    0x08000144   0x08000144   0x0000001c   Code   RO         4080    !!handler_zi        c_w.l(__scatter_zi.o)
    0x08000160   0x08000160   0x00000002   Code   RO         3999    .ARM.Collect$$libinit$$00000000  c_w.l(libinit.o)
    0x08000162   0x08000162   0x00000000   Code   RO         3918    .ARM.Collect$$libinit$$00000002  c_w.l(libinit2.o)
    0x08000162   0x08000162   0x00000000   Code   RO         3920    .ARM.Collect$$libinit$$00000004  c_w.l(libinit2.o)
    0x08000162   0x08000162   0x00000000   Code   RO         3923    .ARM.Collect$$libinit$$0000000A  c_w.l(libinit2.o)
    0x08000162   0x08000162   0x00000000   Code   RO         3925    .ARM.Collect$$libinit$$0000000C  c_w.l(libinit2.o)
    0x08000162   0x08000162   0x00000000   Code   RO         3927    .ARM.Collect$$libinit$$0000000E  c_w.l(libinit2.o)
    0x08000162   0x08000162   0x00000000   Code   RO         3930    .ARM.Collect$$libinit$$00000011  c_w.l(libinit2.o)
    0x08000162   0x08000162   0x00000000   Code   RO         3932    .ARM.Collect$$libinit$$00000013  c_w.l(libinit2.o)
    0x08000162   0x08000162   0x00000000   Code   RO         3934    .ARM.Collect$$libinit$$00000015  c_w.l(libinit2.o)
    0x08000162   0x08000162   0x00000000   Code   RO         3936    .ARM.Collect$$libinit$$00000017  c_w.l(libinit2.o)
    0x08000162   0x08000162   0x00000000   Code   RO         3938    .ARM.Collect$$libinit$$00000019  c_w.l(libinit2.o)
    0x08000162   0x08000162   0x00000000   Code   RO         3940    .ARM.Collect$$libinit$$0000001B  c_w.l(libinit2.o)
    0x08000162   0x08000162   0x00000000   Code   RO         3942    .ARM.Collect$$libinit$$0000001D  c_w.l(libinit2.o)
    0x08000162   0x08000162   0x00000000   Code   RO         3944    .ARM.Collect$$libinit$$0000001F  c_w.l(libinit2.o)
    0x08000162   0x08000162   0x00000000   Code   RO         3946    .ARM.Collect$$libinit$$00000021  c_w.l(libinit2.o)
    0x08000162   0x08000162   0x00000000   Code   RO         3948    .ARM.Collect$$libinit$$00000023  c_w.l(libinit2.o)
    0x08000162   0x08000162   0x00000000   Code   RO         3950    .ARM.Collect$$libinit$$00000025  c_w.l(libinit2.o)
    0x08000162   0x08000162   0x00000000   Code   RO         3954    .ARM.Collect$$libinit$$0000002C  c_w.l(libinit2.o)
    0x08000162   0x08000162   0x00000000   Code   RO         3956    .ARM.Collect$$libinit$$0000002E  c_w.l(libinit2.o)
    0x08000162   0x08000162   0x00000000   Code   RO         3958    .ARM.Collect$$libinit$$00000030  c_w.l(libinit2.o)
    0x08000162   0x08000162   0x00000000   Code   RO         3960    .ARM.Collect$$libinit$$00000032  c_w.l(libinit2.o)
    0x08000162   0x08000162   0x00000002   Code   RO         3961    .ARM.Collect$$libinit$$00000033  c_w.l(libinit2.o)
    0x08000164   0x08000164   0x00000002   Code   RO         4037    .ARM.Collect$$libshutdown$$00000000  c_w.l(libshutdown.o)
    0x08000166   0x08000166   0x00000000   Code   RO         4043    .ARM.Collect$$libshutdown$$00000002  c_w.l(libshutdown2.o)
    0x08000166   0x08000166   0x00000000   Code   RO         4045    .ARM.Collect$$libshutdown$$00000004  c_w.l(libshutdown2.o)
    0x08000166   0x08000166   0x00000000   Code   RO         4048    .ARM.Collect$$libshutdown$$00000007  c_w.l(libshutdown2.o)
    0x08000166   0x08000166   0x00000000   Code   RO         4051    .ARM.Collect$$libshutdown$$0000000A  c_w.l(libshutdown2.o)
    0x08000166   0x08000166   0x00000000   Code   RO         4053    .ARM.Collect$$libshutdown$$0000000C  c_w.l(libshutdown2.o)
    0x08000166   0x08000166   0x00000000   Code   RO         4056    .ARM.Collect$$libshutdown$$0000000F  c_w.l(libshutdown2.o)
    0x08000166   0x08000166   0x00000002   Code   RO         4057    .ARM.Collect$$libshutdown$$00000010  c_w.l(libshutdown2.o)
    0x08000168   0x08000168   0x00000000   Code   RO         3916    .ARM.Collect$$rtentry$$00000000  c_w.l(__rtentry.o)
    0x08000168   0x08000168   0x00000000   Code   RO         3968    .ARM.Collect$$rtentry$$00000002  c_w.l(__rtentry2.o)
    0x08000168   0x08000168   0x00000006   Code   RO         3980    .ARM.Collect$$rtentry$$00000004  c_w.l(__rtentry4.o)
    0x0800016e   0x0800016e   0x00000000   Code   RO         3970    .ARM.Collect$$rtentry$$00000009  c_w.l(__rtentry2.o)
    0x0800016e   0x0800016e   0x00000004   Code   RO         3971    .ARM.Collect$$rtentry$$0000000A  c_w.l(__rtentry2.o)
    0x08000172   0x08000172   0x00000000   Code   RO         3973    .ARM.Collect$$rtentry$$0000000C  c_w.l(__rtentry2.o)
    0x08000172   0x08000172   0x00000008   Code   RO         3974    .ARM.Collect$$rtentry$$0000000D  c_w.l(__rtentry2.o)
    0x0800017a   0x0800017a   0x00000002   Code   RO         4005    .ARM.Collect$$rtexit$$00000000  c_w.l(rtexit.o)
    0x0800017c   0x0800017c   0x00000000   Code   RO         4017    .ARM.Collect$$rtexit$$00000002  c_w.l(rtexit2.o)
    0x0800017c   0x0800017c   0x00000004   Code   RO         4018    .ARM.Collect$$rtexit$$00000003  c_w.l(rtexit2.o)
    0x08000180   0x08000180   0x00000006   Code   RO         4019    .ARM.Collect$$rtexit$$00000004  c_w.l(rtexit2.o)
    0x08000186   0x08000186   0x00000002   PAD
    0x08000188   0x08000188   0x00000040   Code   RO            4    .text               startup_stm32f103xb.o
    0x080001c8   0x080001c8   0x00000064   Code   RO         3894    .text               c_w.l(rt_memcpy_w.o)
    0x0800022c   0x0800022c   0x0000004e   Code   RO         3896    .text               c_w.l(rt_memclr_w.o)
    0x0800027a   0x0800027a   0x00000006   Code   RO         3898    .text               c_w.l(heapauxi.o)
    0x08000280   0x08000280   0x0000004a   Code   RO         3986    .text               c_w.l(sys_stackheap_outer.o)
    0x080002ca   0x080002ca   0x00000012   Code   RO         3988    .text               c_w.l(exit.o)
    0x080002dc   0x080002dc   0x00000008   Code   RO         4002    .text               c_w.l(libspace.o)
    0x080002e4   0x080002e4   0x00000002   Code   RO         4013    .text               c_w.l(use_no_semi.o)
    0x080002e6   0x080002e6   0x00000000   Code   RO         4015    .text               c_w.l(indicate_semi.o)
    0x080002e6   0x080002e6   0x00000002   PAD
    0x080002e8   0x080002e8   0x0000000c   Code   RO         4029    .text               c_w.l(sys_exit.o)
    0x080002f4   0x080002f4   0x00000002   Code   RO         1025    i.BusFault_Handler  stm32f1xx_it.o
    0x080002f6   0x080002f6   0x00000002   Code   RO         1026    i.DebugMon_Handler  stm32f1xx_it.o
    0x080002f8   0x080002f8   0x00000006   Code   RO         1027    i.EXTI1_IRQHandler  stm32f1xx_it.o
    0x080002fe   0x080002fe   0x00000002   PAD
    0x08000300   0x08000300   0x00000024   Code   RO         1544    i.HAL_Delay         stm32f1xx_hal.o
    0x08000324   0x08000324   0x00000024   Code   RO          901    i.HAL_GPIO_EXTI_Callback  main.o
    0x08000348   0x08000348   0x00000018   Code   RO         1853    i.HAL_GPIO_EXTI_IRQHandler  stm32f1xx_hal_gpio.o
    0x08000360   0x08000360   0x000001e0   Code   RO         1854    i.HAL_GPIO_Init     stm32f1xx_hal_gpio.o
    0x08000540   0x08000540   0x00000010   Code   RO         1857    i.HAL_GPIO_TogglePin  stm32f1xx_hal_gpio.o
    0x08000550   0x08000550   0x0000000a   Code   RO         1858    i.HAL_GPIO_WritePin  stm32f1xx_hal_gpio.o
    0x0800055a   0x0800055a   0x00000002   PAD
    0x0800055c   0x0800055c   0x0000000c   Code   RO         1548    i.HAL_GetTick       stm32f1xx_hal.o
    0x08000568   0x08000568   0x00000010   Code   RO         1554    i.HAL_IncTick       stm32f1xx_hal.o
    0x08000578   0x08000578   0x00000024   Code   RO         1555    i.HAL_Init          stm32f1xx_hal.o
    0x0800059c   0x0800059c   0x00000040   Code   RO         1556    i.HAL_InitTick      stm32f1xx_hal.o
    0x080005dc   0x080005dc   0x0000003c   Code   RO         1119    i.HAL_MspInit       stm32f1xx_hal_msp.o
    0x08000618   0x08000618   0x0000001a   Code   RO         2014    i.HAL_NVIC_EnableIRQ  stm32f1xx_hal_cortex.o
    0x08000632   0x08000632   0x00000002   PAD
    0x08000634   0x08000634   0x00000040   Code   RO         2020    i.HAL_NVIC_SetPriority  stm32f1xx_hal_cortex.o
    0x08000674   0x08000674   0x00000024   Code   RO         2021    i.HAL_NVIC_SetPriorityGrouping  stm32f1xx_hal_cortex.o
    0x08000698   0x08000698   0x0000012c   Code   RO         1712    i.HAL_RCC_ClockConfig  stm32f1xx_hal_rcc.o
    0x080007c4   0x080007c4   0x00000020   Code   RO         1719    i.HAL_RCC_GetPCLK1Freq  stm32f1xx_hal_rcc.o
    0x080007e4   0x080007e4   0x00000020   Code   RO         1720    i.HAL_RCC_GetPCLK2Freq  stm32f1xx_hal_rcc.o
    0x08000804   0x08000804   0x0000004c   Code   RO         1721    i.HAL_RCC_GetSysClockFreq  stm32f1xx_hal_rcc.o
    0x08000850   0x08000850   0x00000320   Code   RO         1724    i.HAL_RCC_OscConfig  stm32f1xx_hal_rcc.o
    0x08000b70   0x08000b70   0x00000006   Code   RO         1224    i.HAL_SPI_GetState  stm32f1xx_hal_spi.o
    0x08000b76   0x08000b76   0x000000b2   Code   RO         1226    i.HAL_SPI_Init      stm32f1xx_hal_spi.o
    0x08000c28   0x08000c28   0x000000b8   Code   RO         1121    i.HAL_SPI_MspInit   stm32f1xx_hal_msp.o
    0x08000ce0   0x08000ce0   0x00000156   Code   RO         1229    i.HAL_SPI_Receive   stm32f1xx_hal_spi.o
    0x08000e36   0x08000e36   0x0000016e   Code   RO         1234    i.HAL_SPI_Transmit  stm32f1xx_hal_spi.o
    0x08000fa4   0x08000fa4   0x000001ee   Code   RO         1235    i.HAL_SPI_TransmitReceive  stm32f1xx_hal_spi.o
    0x08001192   0x08001192   0x00000028   Code   RO         2025    i.HAL_SYSTICK_Config  stm32f1xx_hal_cortex.o
    0x080011ba   0x080011ba   0x00000002   Code   RO         3220    i.HAL_TIMEx_BreakCallback  stm32f1xx_hal_tim_ex.o
    0x080011bc   0x080011bc   0x00000002   Code   RO         3221    i.HAL_TIMEx_CommutCallback  stm32f1xx_hal_tim_ex.o
    0x080011be   0x080011be   0x00000002   PAD
    0x080011c0   0x080011c0   0x00000068   Code   RO         3239    i.HAL_TIMEx_MasterConfigSynchronization  stm32f1xx_hal_tim_ex.o
    0x08001228   0x08001228   0x0000005a   Code   RO         2516    i.HAL_TIM_Base_Init  stm32f1xx_hal_tim.o
    0x08001282   0x08001282   0x00000002   PAD
    0x08001284   0x08001284   0x00000060   Code   RO         1123    i.HAL_TIM_Base_MspInit  stm32f1xx_hal_msp.o
    0x080012e4   0x080012e4   0x00000058   Code   RO         2521    i.HAL_TIM_Base_Start_IT  stm32f1xx_hal_tim.o
    0x0800133c   0x0800133c   0x000000dc   Code   RO         2525    i.HAL_TIM_ConfigClockSource  stm32f1xx_hal_tim.o
    0x08001418   0x08001418   0x00000002   Code   RO         2550    i.HAL_TIM_IC_CaptureCallback  stm32f1xx_hal_tim.o
    0x0800141a   0x0800141a   0x00000166   Code   RO         2564    i.HAL_TIM_IRQHandler  stm32f1xx_hal_tim.o
    0x08001580   0x08001580   0x00000002   Code   RO         2567    i.HAL_TIM_OC_DelayElapsedCallback  stm32f1xx_hal_tim.o
    0x08001582   0x08001582   0x00000002   Code   RO         2594    i.HAL_TIM_PWM_PulseFinishedCallback  stm32f1xx_hal_tim.o
    0x08001584   0x08001584   0x00000088   Code   RO          902    i.HAL_TIM_PeriodElapsedCallback  main.o
    0x0800160c   0x0800160c   0x00000002   Code   RO         2607    i.HAL_TIM_TriggerCallback  stm32f1xx_hal_tim.o
    0x0800160e   0x0800160e   0x00000064   Code   RO         3517    i.HAL_UART_Init     stm32f1xx_hal_uart.o
    0x08001672   0x08001672   0x00000002   PAD
    0x08001674   0x08001674   0x000000bc   Code   RO         1125    i.HAL_UART_MspInit  stm32f1xx_hal_msp.o
    0x08001730   0x08001730   0x00000002   Code   RO         1028    i.HardFault_Handler  stm32f1xx_it.o
    0x08001732   0x08001732   0x00000056   Code   RO          150    i.LoRa_BurstWrite   lora.o
    0x08001788   0x08001788   0x000000e4   Code   RO          151    i.LoRa_Config       lora.o
    0x0800186c   0x0800186c   0x00000086   Code   RO          153    i.LoRa_gotoMode     lora.o
    0x080018f2   0x080018f2   0x0000001e   Code   RO          155    i.LoRa_read         lora.o
    0x08001910   0x08001910   0x00000058   Code   RO          156    i.LoRa_readReg      lora.o
    0x08001968   0x08001968   0x0000007c   Code   RO          157    i.LoRa_receive      lora.o
    0x080019e4   0x080019e4   0x00000028   Code   RO          158    i.LoRa_reset        lora.o
    0x08001a0c   0x08001a0c   0x0000004c   Code   RO          159    i.LoRa_setAutoLDO   lora.o
    0x08001a58   0x08001a58   0x00000040   Code   RO          160    i.LoRa_setFrequency  lora.o
    0x08001a98   0x08001a98   0x0000002a   Code   RO          161    i.LoRa_setLowDaraRateOptimization  lora.o
    0x08001ac2   0x08001ac2   0x0000003e   Code   RO          162    i.LoRa_setOCP       lora.o
    0x08001b00   0x08001b00   0x00000014   Code   RO          163    i.LoRa_setPower     lora.o
    0x08001b14   0x08001b14   0x00000040   Code   RO          164    i.LoRa_setSpreadingFactor  lora.o
    0x08001b54   0x08001b54   0x00000020   Code   RO          166    i.LoRa_setTOMsb_setCRCon  lora.o
    0x08001b74   0x08001b74   0x00000006   Code   RO          167    i.LoRa_startReceiving  lora.o
    0x08001b7a   0x08001b7a   0x00000002   PAD
    0x08001b7c   0x08001b7c   0x00000088   Code   RO          168    i.LoRa_transmit     lora.o
    0x08001c04   0x08001c04   0x0000001e   Code   RO          169    i.LoRa_write        lora.o
    0x08001c22   0x08001c22   0x00000058   Code   RO          170    i.LoRa_writeReg     lora.o
    0x08001c7a   0x08001c7a   0x00000002   PAD
    0x08001c7c   0x08001c7c   0x00000054   Code   RO          171    i.Lora_Init         lora.o
    0x08001cd0   0x08001cd0   0x000000c0   Code   RO          903    i.MX_GPIO_Init      main.o
    0x08001d90   0x08001d90   0x00000044   Code   RO          904    i.MX_SPI1_Init      main.o
    0x08001dd4   0x08001dd4   0x00000040   Code   RO          905    i.MX_SPI2_Init      main.o
    0x08001e14   0x08001e14   0x00000068   Code   RO          906    i.MX_TIM1_Init      main.o
    0x08001e7c   0x08001e7c   0x00000064   Code   RO          907    i.MX_TIM2_Init      main.o
    0x08001ee0   0x08001ee0   0x00000002   Code   RO         1029    i.MemManage_Handler  stm32f1xx_it.o
    0x08001ee2   0x08001ee2   0x00000002   Code   RO         1030    i.NMI_Handler       stm32f1xx_it.o
    0x08001ee4   0x08001ee4   0x00000002   Code   RO         1031    i.PendSV_Handler    stm32f1xx_it.o
    0x08001ee6   0x08001ee6   0x0000005c   Code   RO         1263    i.SPI_EndRxTransaction  stm32f1xx_hal_spi.o
    0x08001f42   0x08001f42   0x00000020   Code   RO         1264    i.SPI_EndRxTxTransaction  stm32f1xx_hal_spi.o
    0x08001f62   0x08001f62   0x00000002   PAD
    0x08001f64   0x08001f64   0x000000b8   Code   RO         1269    i.SPI_WaitFlagStateUntilTimeout  stm32f1xx_hal_spi.o
    0x0800201c   0x0800201c   0x00000002   Code   RO         1032    i.SVC_Handler       stm32f1xx_it.o
    0x0800201e   0x0800201e   0x00000004   Code   RO         1033    i.SysTick_Handler   stm32f1xx_it.o
    0x08002022   0x08002022   0x0000005e   Code   RO          908    i.SystemClock_Config  main.o
    0x08002080   0x08002080   0x00000002   Code   RO         3851    i.SystemInit        system_stm32f1xx.o
    0x08002082   0x08002082   0x00000002   PAD
    0x08002084   0x08002084   0x0000000c   Code   RO         1034    i.TIM1_UP_IRQHandler  stm32f1xx_it.o
    0x08002090   0x08002090   0x0000000c   Code   RO         1035    i.TIM2_IRQHandler   stm32f1xx_it.o
    0x0800209c   0x0800209c   0x0000006c   Code   RO         2609    i.TIM_Base_SetConfig  stm32f1xx_hal_tim.o
    0x08002108   0x08002108   0x00000014   Code   RO         2620    i.TIM_ETR_SetConfig  stm32f1xx_hal_tim.o
    0x0800211c   0x0800211c   0x00000010   Code   RO         2621    i.TIM_ITRx_SetConfig  stm32f1xx_hal_tim.o
    0x0800212c   0x0800212c   0x00000022   Code   RO         2627    i.TIM_TI1_ConfigInputStage  stm32f1xx_hal_tim.o
    0x0800214e   0x0800214e   0x00000024   Code   RO         2629    i.TIM_TI2_ConfigInputStage  stm32f1xx_hal_tim.o
    0x08002172   0x08002172   0x0000000a   Code   RO          909    i.TimeOut_Init      main.o
    0x0800217c   0x0800217c   0x000000b8   Code   RO         3543    i.UART_SetConfig    stm32f1xx_hal_uart.o
    0x08002234   0x08002234   0x00000002   Code   RO         1036    i.UsageFault_Handler  stm32f1xx_it.o
    0x08002236   0x08002236   0x00000002   PAD
    0x08002238   0x08002238   0x00000010   Code   RO          581    i.W5500_Deselect    w5500_spi.o
    0x08002248   0x08002248   0x00000014   Code   RO          582    i.W5500_ReadBuff    w5500_spi.o
    0x0800225c   0x0800225c   0x00000010   Code   RO          583    i.W5500_ReadByte    w5500_spi.o
    0x0800226c   0x0800226c   0x00000010   Code   RO          584    i.W5500_Select      w5500_spi.o
    0x0800227c   0x0800227c   0x00000014   Code   RO          585    i.W5500_WriteBuff   w5500_spi.o
    0x08002290   0x08002290   0x0000000c   Code   RO          586    i.W5500_WriteByte   w5500_spi.o
    0x0800229c   0x0800229c   0x00000058   Code   RO          517    i.WIZCHIP_READ      w5500.o
    0x080022f4   0x080022f4   0x00000074   Code   RO          518    i.WIZCHIP_READ_BUF  w5500.o
    0x08002368   0x08002368   0x00000060   Code   RO          519    i.WIZCHIP_WRITE     w5500.o
    0x080023c8   0x080023c8   0x00000070   Code   RO          520    i.WIZCHIP_WRITE_BUF  w5500.o
    0x08002438   0x08002438   0x00000020   Code   RO         2027    i.__NVIC_SetPriority  stm32f1xx_hal_cortex.o
    0x08002458   0x08002458   0x0000003c   Code   RO          910    i.blinkLedRX        main.o
    0x08002494   0x08002494   0x0000003c   Code   RO          911    i.blinkLedTX        main.o
    0x080024d0   0x080024d0   0x0000001c   Code   RO          912    i.checksum          main.o
    0x080024ec   0x080024ec   0x00000074   Code   RO          407    i.close             socket.o
    0x08002560   0x08002560   0x000000b8   Code   RO          409    i.ctlsocket         socket.o
    0x08002618   0x08002618   0x00000018   Code   RO          913    i.getMicroS         main.o
    0x08002630   0x08002630   0x0000004c   Code   RO          521    i.getSn_RX_RSR      w5500.o
    0x0800267c   0x0800267c   0x0000004c   Code   RO          522    i.getSn_TX_FSR      w5500.o
    0x080026c8   0x080026c8   0x00000398   Code   RO          914    i.main              main.o
    0x08002a60   0x08002a60   0x00000002   Code   RO          915    i.my_printf         main.o
    0x08002a62   0x08002a62   0x00000002   PAD
    0x08002a64   0x08002a64   0x00000214   Code   RO          415    i.recvfrom          socket.o
    0x08002c78   0x08002c78   0x00000024   Code   RO          682    i.reg_wizchip_cs_cbfunc  wizchip_conf.o
    0x08002c9c   0x08002c9c   0x0000002c   Code   RO          683    i.reg_wizchip_spi_cbfunc  wizchip_conf.o
    0x08002cc8   0x08002cc8   0x0000002c   Code   RO          684    i.reg_wizchip_spiburst_cbfunc  wizchip_conf.o
    0x08002cf4   0x08002cf4   0x00000180   Code   RO          417    i.sendto            socket.o
    0x08002e74   0x08002e74   0x0000011c   Code   RO          419    i.socket            socket.o
    0x08002f90   0x08002f90   0x00000094   Code   RO          590    i.w5500_Init        w5500_spi.o
    0x08003024   0x08003024   0x00000060   Code   RO          523    i.wiz_recv_data     w5500.o
    0x08003084   0x08003084   0x00000042   Code   RO          524    i.wiz_recv_ignore   w5500.o
    0x080030c6   0x080030c6   0x00000060   Code   RO          525    i.wiz_send_data     w5500.o
    0x08003126   0x08003126   0x00000004   Code   RO          685    i.wizchip_bus_readdata  wizchip_conf.o
    0x0800312a   0x0800312a   0x00000004   Code   RO          686    i.wizchip_bus_writedata  wizchip_conf.o
    0x0800312e   0x0800312e   0x00000002   Code   RO          688    i.wizchip_cris_enter  wizchip_conf.o
    0x08003130   0x08003130   0x00000002   Code   RO          689    i.wizchip_cris_exit  wizchip_conf.o
    0x08003132   0x08003132   0x00000002   Code   RO          690    i.wizchip_cs_deselect  wizchip_conf.o
    0x08003134   0x08003134   0x00000002   Code   RO          691    i.wizchip_cs_select  wizchip_conf.o
    0x08003136   0x08003136   0x0000007a   Code   RO          697    i.wizchip_init      wizchip_conf.o
    0x080031b0   0x080031b0   0x00000058   Code   RO          699    i.wizchip_setnetinfo  wizchip_conf.o
    0x08003208   0x08003208   0x00000002   Code   RO          702    i.wizchip_spi_readburst  wizchip_conf.o
    0x0800320a   0x0800320a   0x00000004   Code   RO          703    i.wizchip_spi_readbyte  wizchip_conf.o
    0x0800320e   0x0800320e   0x00000002   Code   RO          704    i.wizchip_spi_writeburst  wizchip_conf.o
    0x08003210   0x08003210   0x00000002   Code   RO          705    i.wizchip_spi_writebyte  wizchip_conf.o
    0x08003212   0x08003212   0x00000074   Code   RO          706    i.wizchip_sw_reset  wizchip_conf.o
    0x08003286   0x08003286   0x00000002   PAD
    0x08003288   0x08003288   0x000002b0   Code   RO         3903    x$fpl$ddiv          fz_ws.l(ddiv.o)
    0x08003538   0x08003538   0x0000005e   Code   RO         3906    x$fpl$dfix          fz_ws.l(dfix.o)
    0x08003596   0x08003596   0x0000002e   Code   RO         3911    x$fpl$dflt          fz_ws.l(dflt_clz.o)
    0x080035c4   0x080035c4   0x0000009c   Code   RO         3962    x$fpl$dnaninf       fz_ws.l(dnaninf.o)
    0x08003660   0x08003660   0x0000000c   Code   RO         3964    x$fpl$dretinf       fz_ws.l(dretinf.o)
    0x0800366c   0x0800366c   0x00000000   Code   RO         3966    x$fpl$usenofp       fz_ws.l(usenofp.o)
    0x0800366c   0x0800366c   0x00000004   PAD
    0x08003670   0x08003670   0x00000050   Data   RO          172    .constdata          lora.o
    0x080036c0   0x080036c0   0x00000012   Data   RO         1725    .constdata          stm32f1xx_hal_rcc.o
    0x080036d2   0x080036d2   0x00000010   Data   RO         3852    .constdata          system_stm32f1xx.o
    0x080036e2   0x080036e2   0x00000008   Data   RO         3853    .constdata          system_stm32f1xx.o
    0x080036ea   0x080036ea   0x00000002   PAD
    0x080036ec   0x080036ec   0x00000020   Data   RO         4074    Region$$Table       anon$$obj.o


    Execution Region RW_IRAM1 (Exec base: 0x20000000, Load base: 0x0800370c, Size: 0x000009b8, Max: 0x00005000, ABSOLUTE)

    Exec Addr    Load Addr    Size         Type   Attr      Idx    E Section Name        Object

    0x20000000   0x0800370c   0x00000004   Data   RW          173    .data               lora.o
    0x20000004   0x08003710   0x0000000e   Data   RW          421    .data               socket.o
    0x20000012   0x0800371e   0x00000035   Data   RW          591    .data               w5500_spi.o
    0x20000047   0x08003753   0x00000001   PAD
    0x20000048   0x08003754   0x00000034   Data   RW          714    .data               wizchip_conf.o
    0x2000007c   0x08003788   0x0000003c   Data   RW          919    .data               main.o
    0x200000b8   0x080037c4   0x0000000c   Data   RW         1562    .data               stm32f1xx_hal.o
    0x200000c4   0x080037d0   0x00000004   Data   RW         3854    .data               system_stm32f1xx.o
    0x200000c8        -       0x00000010   Zero   RW          420    .bss                socket.o
    0x200000d8        -       0x0000027c   Zero   RW          918    .bss                main.o
    0x20000354        -       0x00000060   Zero   RW         4003    .bss                c_w.l(libspace.o)
    0x200003b4   0x080037d4   0x00000004   PAD
    0x200003b8        -       0x00000200   Zero   RW            2    HEAP                startup_stm32f103xb.o
    0x200005b8        -       0x00000400   Zero   RW            1    STACK               startup_stm32f103xb.o


==============================================================================

Image component sizes


      Code (inc. data)   RO Data    RW Data    ZI Data      Debug   Object Name

         0          0          0          0          0     432024   data_process.o
      1434         18         80          4          0     440440   lora.o
      1898        144          0         60        636      13549   main.o
      1500         42          0         14         16       7826   socket.o
        64         26        236          0       1536        800   startup_stm32f103xb.o
       164         28          0         12          0       5805   stm32f1xx_hal.o
       198         14          0          0          0      28863   stm32f1xx_hal_cortex.o
       530         40          0          0          0       4040   stm32f1xx_hal_gpio.o
       528         62          0          0          0       3106   stm32f1xx_hal_msp.o
      1240         84         18          0          0       5040   stm32f1xx_hal_rcc.o
      1694          4          0          0          0       8629   stm32f1xx_hal_spi.o
       978         26          0          0          0       9589   stm32f1xx_hal_tim.o
       108         12          0          0          0       2353   stm32f1xx_hal_tim_ex.o
       284          6          0          0          0       1892   stm32f1xx_hal_uart.o
        50         12          0          0          0       5020   stm32f1xx_it.o
         2          0         24          4          0       1083   system_stm32f1xx.o
       822         18          0          0          0       6174   w5500.o
       248         78          0         53          0       7044   w5500_spi.o
       476         48          0         52          0      12453   wizchip_conf.o

    ----------------------------------------------------------------------
     12244        662        392        200       2188     995730   Object Totals
         0          0         32          0          0          0   (incl. Generated)
        26          0          2          1          0          0   (incl. Padding)

    ----------------------------------------------------------------------

      Code (inc. data)   RO Data    RW Data    ZI Data      Debug   Library Member Name

         8          0          0          0          0         68   __main.o
         0          0          0          0          0          0   __rtentry.o
        12          0          0          0          0          0   __rtentry2.o
         6          0          0          0          0          0   __rtentry4.o
        52          8          0          0          0          0   __scatter.o
        26          0          0          0          0          0   __scatter_copy.o
        28          0          0          0          0          0   __scatter_zi.o
        18          0          0          0          0         80   exit.o
         6          0          0          0          0        152   heapauxi.o
         0          0          0          0          0          0   indicate_semi.o
         2          0          0          0          0          0   libinit.o
         2          0          0          0          0          0   libinit2.o
         2          0          0          0          0          0   libshutdown.o
         2          0          0          0          0          0   libshutdown2.o
         8          4          0          0         96         68   libspace.o
        78          0          0          0          0         80   rt_memclr_w.o
       100          0          0          0          0         80   rt_memcpy_w.o
         2          0          0          0          0          0   rtexit.o
        10          0          0          0          0          0   rtexit2.o
        12          4          0          0          0         68   sys_exit.o
        74          0          0          0          0         80   sys_stackheap_outer.o
         2          0          0          0          0         68   use_no_semi.o
       688        140          0          0          0        208   ddiv.o
        94          4          0          0          0         92   dfix.o
        46          0          0          0          0         68   dflt_clz.o
       156          4          0          0          0         92   dnaninf.o
        12          0          0          0          0         68   dretinf.o
         0          0          0          0          0          0   usenofp.o

    ----------------------------------------------------------------------
      1456        164          0          0        100       1272   Library Totals
        10          0          0          0          4          0   (incl. Padding)

    ----------------------------------------------------------------------

      Code (inc. data)   RO Data    RW Data    ZI Data      Debug   Library Name

       450         16          0          0         96        744   c_w.l
       996        148          0          0          0        528   fz_ws.l

    ----------------------------------------------------------------------
      1456        164          0          0        100       1272   Library Totals

    ----------------------------------------------------------------------

==============================================================================


      Code (inc. data)   RO Data    RW Data    ZI Data      Debug   

     13700        826        392        200       2288     989874   Grand Totals
     13700        826        392        200       2288     989874   ELF Image Totals
     13700        826        392        200          0          0   ROM Totals

==============================================================================

    Total RO  Size (Code + RO Data)                14092 (  13.76kB)
    Total RW  Size (RW Data + ZI Data)              2488 (   2.43kB)
    Total ROM Size (Code + RO Data + RW Data)      14292 (  13.96kB)

==============================================================================

